Component: ARM Compiler 5.06 update 6 (build 750) Tool: armlink [4d35ed]

==============================================================================

Section Cross References

    main.o(i.main) refers to rt_cmsis.o(i.osKernelInitialize) for osKernelInitialize
    main.o(i.main) refers to joystick.o(i.inicio_joystick) for inicio_joystick
    main.o(i.main) refers to joystick.o(i.EINT3_IRQHandler) for EINT3_IRQHandler
    main.o(i.main) refers to pwm.o(i.initTimer0) for initTimer0
    main.o(i.main) refers to pwm.o(i.PWM_vInit) for PWM_vInit
    main.o(i.main) refers to thread.o(i.Init_Thread) for Init_Thread
    main.o(i.main) refers to rt_cmsis.o(i.osKernelStart) for osKernelStart
    thread.o(i.Bajada) refers to rt_cmsis.o(i.osSignalWait) for osSignalWait
    thread.o(i.Bajada) refers to rt_cmsis.o(i.osTimerStart) for osTimerStart
    thread.o(i.Bajada) refers to rt_cmsis.o(i.osThreadYield) for osThreadYield
    thread.o(i.Bajada) refers to thread.o(.data) for id2
    thread.o(i.Estado_Desarmado) refers to _printf_percent.o(.ARM.Collect$$_printf_percent$$00000000) for _printf_percent
    thread.o(i.Estado_Desarmado) refers to _printf_d.o(.ARM.Collect$$_printf_percent$$00000009) for _printf_d
    thread.o(i.Estado_Desarmado) refers to _printf_f.o(.ARM.Collect$$_printf_percent$$00000003) for _printf_f
    thread.o(i.Estado_Desarmado) refers to _printf_s.o(.ARM.Collect$$_printf_percent$$00000014) for _printf_s
    thread.o(i.Estado_Desarmado) refers to _printf_dec.o(.text) for _printf_int_dec
    thread.o(i.Estado_Desarmado) refers to printf1.o(x$fpl$printf1) for _printf_fp_dec
    thread.o(i.Estado_Desarmado) refers to _printf_str.o(.text) for _printf_str
    thread.o(i.Estado_Desarmado) refers to rt_cmsis.o(i.osSignalWait) for osSignalWait
    thread.o(i.Estado_Desarmado) refers to pwm.o(i.Desactivar_Alarma) for Desactivar_Alarma
    thread.o(i.Estado_Desarmado) refers to lcd.o(i.clear_lcd) for clear_lcd
    thread.o(i.Estado_Desarmado) refers to f2d.o(x$fpl$f2d) for __aeabi_f2d
    thread.o(i.Estado_Desarmado) refers to noretval__2sprintf.o(.text) for __2sprintf
    thread.o(i.Estado_Desarmado) refers to lcd.o(i.EscribeFrase) for EscribeFrase
    thread.o(i.Estado_Desarmado) refers to pwm.o(i.RGB_AZUL) for RGB_AZUL
    thread.o(i.Estado_Desarmado) refers to rt_cmsis.o(i.osThreadYield) for osThreadYield
    thread.o(i.Estado_Desarmado) refers to thread.o(.data) for guarda
    thread.o(i.Estado_Desarmado) refers to thread.o(.bss) for mensajeUART
    thread.o(i.Estado_Normal) refers to _printf_percent.o(.ARM.Collect$$_printf_percent$$00000000) for _printf_percent
    thread.o(i.Estado_Normal) refers to _printf_d.o(.ARM.Collect$$_printf_percent$$00000009) for _printf_d
    thread.o(i.Estado_Normal) refers to _printf_f.o(.ARM.Collect$$_printf_percent$$00000003) for _printf_f
    thread.o(i.Estado_Normal) refers to _printf_s.o(.ARM.Collect$$_printf_percent$$00000014) for _printf_s
    thread.o(i.Estado_Normal) refers to _printf_dec.o(.text) for _printf_int_dec
    thread.o(i.Estado_Normal) refers to printf1.o(x$fpl$printf1) for _printf_fp_dec
    thread.o(i.Estado_Normal) refers to _printf_str.o(.text) for _printf_str
    thread.o(i.Estado_Normal) refers to rt_cmsis.o(i.osSignalWait) for osSignalWait
    thread.o(i.Estado_Normal) refers to faddsub_clz.o(x$fpl$fsub) for __aeabi_fsub
    thread.o(i.Estado_Normal) refers to fleqf.o(x$fpl$fleqf) for __aeabi_cfcmple
    thread.o(i.Estado_Normal) refers to faddsub_clz.o(x$fpl$fadd) for __aeabi_fadd
    thread.o(i.Estado_Normal) refers to frleqf.o(x$fpl$frleqf) for __aeabi_cfrcmple
    thread.o(i.Estado_Normal) refers to pwm.o(i.Desactivar_Alarma) for Desactivar_Alarma
    thread.o(i.Estado_Normal) refers to pwm.o(i.RGB_VERDE) for RGB_VERDE
    thread.o(i.Estado_Normal) refers to lcd.o(i.clear_lcd) for clear_lcd
    thread.o(i.Estado_Normal) refers to f2d.o(x$fpl$f2d) for __aeabi_f2d
    thread.o(i.Estado_Normal) refers to noretval__2sprintf.o(.text) for __2sprintf
    thread.o(i.Estado_Normal) refers to lcd.o(i.EscribeFrase) for EscribeFrase
    thread.o(i.Estado_Normal) refers to pwm.o(i.Activar_Alarma) for Activar_Alarma
    thread.o(i.Estado_Normal) refers to pwm.o(i.RGB_ROJO) for RGB_ROJO
    thread.o(i.Estado_Normal) refers to rt_cmsis.o(i.osThreadYield) for osThreadYield
    thread.o(i.Estado_Normal) refers to thread.o(.data) for guarda
    thread.o(i.Estado_Normal) refers to thread.o(.bss) for mensajeUART
    thread.o(i.Estado_Test) refers to _printf_percent.o(.ARM.Collect$$_printf_percent$$00000000) for _printf_percent
    thread.o(i.Estado_Test) refers to _printf_d.o(.ARM.Collect$$_printf_percent$$00000009) for _printf_d
    thread.o(i.Estado_Test) refers to _printf_f.o(.ARM.Collect$$_printf_percent$$00000003) for _printf_f
    thread.o(i.Estado_Test) refers to _printf_s.o(.ARM.Collect$$_printf_percent$$00000014) for _printf_s
    thread.o(i.Estado_Test) refers to _printf_dec.o(.text) for _printf_int_dec
[...]
    __rt_lib_init_lc_numeric_2               0x0000015f   Thumb Code     0  libinit2.o(.ARM.Collect$$libinit$$00000016)
    __rt_lib_init_alloca_1                   0x00000169   Thumb Code     0  libinit2.o(.ARM.Collect$$libinit$$0000002E)
    __rt_lib_init_argv_1                     0x00000169   Thumb Code     0  libinit2.o(.ARM.Collect$$libinit$$0000002C)
    __rt_lib_init_atexit_1                   0x00000169   Thumb Code     0  libinit2.o(.ARM.Collect$$libinit$$0000001B)
    __rt_lib_init_clock_1                    0x00000169   Thumb Code     0  libinit2.o(.ARM.Collect$$libinit$$00000021)
    __rt_lib_init_cpp_1                      0x00000169   Thumb Code     0  libinit2.o(.ARM.Collect$$libinit$$00000032)
    __rt_lib_init_exceptions_1               0x00000169   Thumb Code     0  libinit2.o(.ARM.Collect$$libinit$$00000030)
    __rt_lib_init_fp_trap_1                  0x00000169   Thumb Code     0  libinit2.o(.ARM.Collect$$libinit$$0000001F)
    __rt_lib_init_getenv_1                   0x00000169   Thumb Code     0  libinit2.o(.ARM.Collect$$libinit$$00000023)
    __rt_lib_init_lc_numeric_1               0x00000169   Thumb Code     0  libinit2.o(.ARM.Collect$$libinit$$00000017)
    __rt_lib_init_lc_time_1                  0x00000169   Thumb Code     0  libinit2.o(.ARM.Collect$$libinit$$00000019)
    __rt_lib_init_return                     0x00000169   Thumb Code     0  libinit2.o(.ARM.Collect$$libinit$$00000033)
    __rt_lib_init_signal_1                   0x00000169   Thumb Code     0  libinit2.o(.ARM.Collect$$libinit$$0000001D)
    __rt_lib_init_stdio_1                    0x00000169   Thumb Code     0  libinit2.o(.ARM.Collect$$libinit$$00000025)
    __rt_lib_shutdown                        0x0000016b   Thumb Code     0  libshutdown.o(.ARM.Collect$$libshutdown$$00000000)
    __rt_lib_shutdown_cpp_1                  0x0000016d   Thumb Code     0  libshutdown2.o(.ARM.Collect$$libshutdown$$00000002)
    __rt_lib_shutdown_fp_trap_1              0x0000016d   Thumb Code     0  libshutdown2.o(.ARM.Collect$$libshutdown$$00000007)
    __rt_lib_shutdown_heap_1                 0x0000016d   Thumb Code     0  libshutdown2.o(.ARM.Collect$$libshutdown$$0000000F)
    __rt_lib_shutdown_return                 0x0000016d   Thumb Code     0  libshutdown2.o(.ARM.Collect$$libshutdown$$00000010)
    __rt_lib_shutdown_signal_1               0x0000016d   Thumb Code     0  libshutdown2.o(.ARM.Collect$$libshutdown$$0000000A)
    __rt_lib_shutdown_stdio_1                0x0000016d   Thumb Code     0  libshutdown2.o(.ARM.Collect$$libshutdown$$00000004)
    __rt_lib_shutdown_user_alloc_1           0x0000016d   Thumb Code     0  libshutdown2.o(.ARM.Collect$$libshutdown$$0000000C)
    __rt_entry                               0x0000016f   Thumb Code     0  __rtentry.o(.ARM.Collect$$rtentry$$00000000)
    __rt_entry_presh_1                       0x0000016f   Thumb Code     0  __rtentry2.o(.ARM.Collect$$rtentry$$00000002)
    __rt_entry_sh                            0x0000016f   Thumb Code     0  __rtentry4.o(.ARM.Collect$$rtentry$$00000004)
    __rt_entry_li                            0x00000175   Thumb Code     0  __rtentry2.o(.ARM.Collect$$rtentry$$0000000A)
    __rt_entry_postsh_1                      0x00000175   Thumb Code     0  __rtentry2.o(.ARM.Collect$$rtentry$$00000009)
    __rt_entry_postli_1                      0x00000179   Thumb Code     0  __rtentry2.o(.ARM.Collect$$rtentry$$0000000B)
    __rt_entry_main                          0x00000181   Thumb Code     0  __rtentry2.o(.ARM.Collect$$rtentry$$0000000D)
    __rt_exit                                0x00000189   Thumb Code     0  rtexit.o(.ARM.Collect$$rtexit$$00000000)
    __rt_exit_ls                             0x0000018b   Thumb Code     0  rtexit2.o(.ARM.Collect$$rtexit$$00000003)
    __rt_exit_prels_1                        0x0000018b   Thumb Code     0  rtexit2.o(.ARM.Collect$$rtexit$$00000002)
    __rt_exit_exit                           0x0000018f   Thumb Code     0  rtexit2.o(.ARM.Collect$$rtexit$$00000004)
    _platform_post_lib_init                  0x00000195   Thumb Code    24  rtx_conf_cm.o(.emb_text)
    rt_set_PSP                               0x000001b1   Thumb Code     6  hal_cm3.o(.emb_text)
    rt_get_PSP                               0x000001b7   Thumb Code     6  hal_cm3.o(.emb_text)
    os_set_env                               0x000001bd   Thumb Code    24  hal_cm3.o(.emb_text)
    _alloc_box                               0x000001d9   Thumb Code    28  hal_cm3.o(.emb_text)
    _free_box                                0x000001f9   Thumb Code    28  hal_cm3.o(.emb_text)
    SVC_Handler                              0x00000219   Thumb Code   108  hal_cm3.o(.emb_text)
    PendSV_Handler                           0x00000291   Thumb Code    56  hal_cm3.o(.emb_text)
    SysTick_Handler                          0x000002cd   Thumb Code     8  hal_cm3.o(.emb_text)
    OS_Tick_Handler                          0x000002d5   Thumb Code    12  hal_cm3.o(.emb_text)
    __user_libspace                          0x000002e1   Thumb Code     8  libspace.o(.text)
    __user_perproc_libspace                  0x000002e1   Thumb Code     0  libspace.o(.text)
    exit                                     0x000002e9   Thumb Code    18  exit.o(.text)
    __I$use$semihosting                      0x000002fb   Thumb Code     0  use_no_semi.o(.text)
    __use_no_semihosting_swi                 0x000002fb   Thumb Code     2  use_no_semi.o(.text)
    Reset_Handler                            0x00000301   Thumb Code     8  startup_lpc17xx.o(.text)
    NMI_Handler                              0x00000309   Thumb Code     2  startup_lpc17xx.o(.text)
    HardFault_Handler                        0x0000030b   Thumb Code     2  startup_lpc17xx.o(.text)
    MemManage_Handler                        0x0000030d   Thumb Code     2  startup_lpc17xx.o(.text)
    BusFault_Handler                         0x0000030f   Thumb Code     2  startup_lpc17xx.o(.text)
    UsageFault_Handler                       0x00000311   Thumb Code     2  startup_lpc17xx.o(.text)
    DebugMon_Handler                         0x00000315   Thumb Code     2  startup_lpc17xx.o(.text)
    ADC_IRQHandler                           0x0000031b   Thumb Code     0  startup_lpc17xx.o(.text)
    BOD_IRQHandler                           0x0000031b   Thumb Code     0  startup_lpc17xx.o(.text)
    CANActivity_IRQHandler                   0x0000031b   Thumb Code     0  startup_lpc17xx.o(.text)
    CAN_IRQHandler                           0x0000031b   Thumb Code     0  startup_lpc17xx.o(.text)
    EINT0_IRQHandler                         0x0000031b   Thumb Code     0  startup_lpc17xx.o(.text)
    EINT1_IRQHandler                         0x0000031b   Thumb Code     0  startup_lpc17xx.o(.text)
    EINT2_IRQHandler                         0x0000031b   Thumb Code     0  startup_lpc17xx.o(.text)
    ENET_IRQHandler                          0x0000031b   Thumb Code     0  startup_lpc17xx.o(.text)
    I2C0_IRQHandler                          0x0000031b   Thumb Code     0  startup_lpc17xx.o(.text)
    I2C1_IRQHandler                          0x0000031b   Thumb Code     0  startup_lpc17xx.o(.text)
    I2S_IRQHandler                           0x0000031b   Thumb Code     0  startup_lpc17xx.o(.text)
    MCPWM_IRQHandler                         0x0000031b   Thumb Code     0  startup_lpc17xx.o(.text)
    PLL0_IRQHandler                          0x0000031b   Thumb Code     0  startup_lpc17xx.o(.text)
    PLL1_IRQHandler                          0x0000031b   Thumb Code     0  startup_lpc17xx.o(.text)
    PWM1_IRQHandler                          0x0000031b   Thumb Code     0  startup_lpc17xx.o(.text)
    QEI_IRQHandler                           0x0000031b   Thumb Code     0  startup_lpc17xx.o(.text)
    RIT_IRQHandler                           0x0000031b   Thumb Code     0  startup_lpc17xx.o(.text)
    SPI_IRQHandler                           0x0000031b   Thumb Code     0  startup_lpc17xx.o(.text)
    SSP0_IRQHandler                          0x0000031b   Thumb Code     0  startup_lpc17xx.o(.text)
    TIMER0_IRQHandler                        0x0000031b   Thumb Code     0  startup_lpc17xx.o(.text)
    TIMER1_IRQHandler                        0x0000031b   Thumb Code     0  startup_lpc17xx.o(.text)
    TIMER2_IRQHandler                        0x0000031b   Thumb Code     0  startup_lpc17xx.o(.text)
    TIMER3_IRQHandler                        0x0000031b   Thumb Code     0  startup_lpc17xx.o(.text)
    UART1_IRQHandler                         0x0000031b   Thumb Code     0  startup_lpc17xx.o(.text)
    UART2_IRQHandler                         0x0000031b   Thumb Code     0  startup_lpc17xx.o(.text)
    UART3_IRQHandler                         0x0000031b   Thumb Code     0  startup_lpc17xx.o(.text)
    USBActivity_IRQHandler                   0x0000031b   Thumb Code     0  startup_lpc17xx.o(.text)
    USB_IRQHandler                           0x0000031b   Thumb Code     0  startup_lpc17xx.o(.text)
    WDT_IRQHandler                           0x0000031b   Thumb Code     0  startup_lpc17xx.o(.text)
    __user_initial_stackheap                 0x0000031d   Thumb Code     0  startup_lpc17xx.o(.text)
    __aeabi_uldivmod                         0x0000033d   Thumb Code     0  lludivv7m.o(.text)
    _ll_udiv                                 0x0000033d   Thumb Code   238  lludivv7m.o(.text)
    __2sprintf                               0x0000042d   Thumb Code    34  noretval__2sprintf.o(.text)
    _printf_str                              0x00000455   Thumb Code    82  _printf_str.o(.text)
    __RL_RTX_VER                             0x00000482   Number         0  rt_system.o ABSOLUTE
    _printf_int_dec                          0x000004a9   Thumb Code   104  _printf_dec.o(.text)
    __printf                                 0x00000521   Thumb Code   270  __printf_wp.o(.text)
    strlen                                   0x0000062f   Thumb Code    62  strlen.o(.text)
    __aeabi_memcpy4                          0x0000066d   Thumb Code     0  rt_memcpy_w.o(.text)
    __aeabi_memcpy8                          0x0000066d   Thumb Code     0  rt_memcpy_w.o(.text)
    __rt_memcpy_w                            0x0000066d   Thumb Code   100  rt_memcpy_w.o(.text)
    _memcpy_lastbytes_aligned                0x000006b5   Thumb Code     0  rt_memcpy_w.o(.text)
    __aeabi_memclr4                          0x000006d1   Thumb Code     0  rt_memclr_w.o(.text)
    __aeabi_memclr8                          0x000006d1   Thumb Code     0  rt_memclr_w.o(.text)
    __rt_memclr_w                            0x000006d1   Thumb Code    78  rt_memclr_w.o(.text)
    _memset_w                                0x000006d5   Thumb Code     0  rt_memclr_w.o(.text)
    __use_two_region_memory                  0x0000071f   Thumb Code     2  heapauxi.o(.text)
    __rt_heap_escrow$2region                 0x00000721   Thumb Code     2  heapauxi.o(.text)
    __rt_heap_expand$2region                 0x00000723   Thumb Code     2  heapauxi.o(.text)
    _printf_int_common                       0x00000725   Thumb Code   178  _printf_intcommon.o(.text)
    __lib_sel_fp_printf                      0x000007d7   Thumb Code     2  _printf_fp_dec.o(.text)
    _printf_fp_dec_real                      0x00000989   Thumb Code   620  _printf_fp_dec.o(.text)
    _printf_char_common                      0x00000bff   Thumb Code    32  _printf_char_common.o(.text)
    _sputc                                   0x00000c25   Thumb Code    10  _sputc.o(.text)
    _printf_cs_common                        0x00000c2f   Thumb Code    20  _printf_char.o(.text)
    _printf_char                             0x00000c43   Thumb Code    16  _printf_char.o(.text)
    _printf_string                           0x00000c53   Thumb Code     8  _printf_char.o(.text)
    __rt_locale                              0x00000c5b   Thumb Code    10  rt_locale_twolibspace.o(.text)
    _ll_udiv10                               0x00000c65   Thumb Code   138  lludiv10.o(.text)
    _printf_fp_infnan                        0x00000cf1   Thumb Code   112  _printf_fp_infnan.o(.text)
    _btod_etento                             0x00000d71   Thumb Code   224  bigflt0.o(.text)
    _sys_exit                                0x00000e55   Thumb Code     8  sys_exit.o(.text)
    __user_setup_stackheap                   0x00000e61   Thumb Code    74  sys_stackheap_outer.o(.text)
    strcmp                                   0x00000ead   Thumb Code   128  strcmpv7m.o(.text)
    __semihosting_library_function           0x00000f2d   Thumb Code     0  indicate_semi.o(.text)
    _btod_d2e                                0x00000f2d   Thumb Code    62  btod.o(CL$$btod_d2e)
    _d2e_denorm_low                          0x00000f6b   Thumb Code    70  btod.o(CL$$btod_d2e_denorm_low)
    _d2e_norm_op1                            0x00000fb1   Thumb Code    96  btod.o(CL$$btod_d2e_norm_op1)
    __btod_div_common                        0x00001011   Thumb Code   696  btod.o(CL$$btod_div_common)
    _e2e                                     0x00001349   Thumb Code   220  btod.o(CL$$btod_e2e)
    _btod_ediv                               0x00001425   Thumb Code    42  btod.o(CL$$btod_ediv)
    _btod_emul                               0x0000144f   Thumb Code    42  btod.o(CL$$btod_emul)
    __btod_mult_common                       0x00001479   Thumb Code   580  btod.o(CL$$btod_mult_common)
    SVC_Count                                0x000016bc   Data           4  svc_table.o(SVC_TABLE)
    Activar_Alarma                           0x000016c1   Thumb Code    12  pwm.o(i.Activar_Alarma)
    SVC_Table                                0x000016c0   Data           0  svc_table.o(SVC_TABLE)
    Bajada                                   0x000016d1   Thumb Code    34  thread.o(i.Bajada)
    DMA_IRQHandler                           0x00001719   Thumb Code   372  gpdma_lpc17xx.o(i.DMA_IRQHandler)
    Desactivar_Alarma                        0x00001899   Thumb Code    12  pwm.o(i.Desactivar_Alarma)
    EINT3_IRQHandler                         0x000018a9   Thumb Code   142  joystick.o(i.EINT3_IRQHandler)
    EscribeFrase                             0x00001945   Thumb Code    84  lcd.o(i.EscribeFrase)
    EscribeLetra_L1                          0x000019a1   Thumb Code    92  lcd.o(i.EscribeLetra_L1)
    EscribeLetra_L2                          0x00001a09   Thumb Code    96  lcd.o(i.EscribeLetra_L2)
    EscribirTEST                             0x00001a75   Thumb Code   414  lcd.o(i.EscribirTEST)
    Estado_Desarmado                         0x00001c21   Thumb Code   184  thread.o(i.Estado_Desarmado)
    Estado_Normal                            0x00001d59   Thumb Code   496  thread.o(i.Estado_Normal)
    Estado_Test                              0x00001ff1   Thumb Code   356  thread.o(i.Estado_Test)
    GPDMA_ChannelConfigure                   0x00002215   Thumb Code   232  gpdma_lpc17xx.o(i.GPDMA_ChannelConfigure)
    GPDMA_ChannelDisable                     0x00002309   Thumb Code    44  gpdma_lpc17xx.o(i.GPDMA_ChannelDisable)
    GPDMA_ChannelGetCount                    0x00002339   Thumb Code    38  gpdma_lpc17xx.o(i.GPDMA_ChannelGetCount)
    GPDMA_Initialize                         0x00002369   Thumb Code   154  gpdma_lpc17xx.o(i.GPDMA_Initialize)
    GPDMA_PeripheralSelect                   0x00002419   Thumb Code    62  gpdma_lpc17xx.o(i.GPDMA_PeripheralSelect)
    GPDMA_Uninitialize                       0x0000245d   Thumb Code    92  gpdma_lpc17xx.o(i.GPDMA_Uninitialize)
    GPIO_PinWrite                            0x000024c5   Thumb Code    36  gpio_lpc17xx.o(i.GPIO_PinWrite)
    GPIO_SetDir                              0x000024ed   Thumb Code    52  gpio_lpc17xx.o(i.GPIO_SetDir)
    I2C2_IRQHandler                          0x00002625   Thumb Code    10  i2c_lpc17xx.o(i.I2C2_IRQHandler)
    Init_Thread                              0x000030b9   Thumb Code   384  thread.o(i.Init_Thread)
    PIN_Configure                            0x00003295   Thumb Code   246  pin_lpc17xx.o(i.PIN_Configure)
    PIN_ConfigureI2C0Pins                    0x00003391   Thumb Code    28  pin_lpc17xx.o(i.PIN_ConfigureI2C0Pins)
    PWM_vInit                                0x000033b1   Thumb Code    76  pwm.o(i.PWM_vInit)
    RGB_AZUL                                 0x00003409   Thumb Code    24  pwm.o(i.RGB_AZUL)
    RGB_ROJO                                 0x00003425   Thumb Code    24  pwm.o(i.RGB_ROJO)
    RGB_VERDE                                0x00003441   Thumb Code    26  pwm.o(i.RGB_VERDE)
    RTCGetTime                               0x00003461   Thumb Code    84  rtc.o(i.RTCGetTime)
    RTCInit                                  0x000034b9   Thumb Code    62  rtc.o(i.RTCInit)
    RTCStart                                 0x00003505   Thumb Code    18  rtc.o(i.RTCStart)
    RTC_IRQHandler                           0x0000351d   Thumb Code    20  rtc.o(i.RTC_IRQHandler)
    SSP1_GPDMA_Rx_SignalEvent                0x00003551   Thumb Code    14  ssp_lpc17xx.o(i.SSP1_GPDMA_Rx_SignalEvent)
    SSP1_GPDMA_Tx_SignalEvent                0x00003565   Thumb Code    14  ssp_lpc17xx.o(i.SSP1_GPDMA_Tx_SignalEvent)
    SSP1_IRQHandler                          0x00003599   Thumb Code    10  ssp_lpc17xx.o(i.SSP1_IRQHandler)
    SSPx_GPDMA_Rx_SignalEvent                0x00003b67   Thumb Code    54  ssp_lpc17xx.o(i.SSPx_GPDMA_Rx_SignalEvent)
    SSPx_GPDMA_Tx_SignalEvent                0x00003b9d   Thumb Code    28  ssp_lpc17xx.o(i.SSPx_GPDMA_Tx_SignalEvent)
    Subida                                   0x0000441d   Thumb Code    34  thread.o(i.Subida)
    SystemInit                               0x00004445   Thumb Code   302  system_lpc17xx.o(i.SystemInit)
    UART0_IRQHandler                         0x000046b9   Thumb Code    10  uart_lpc17xx.o(i.UART0_IRQHandler)
    USART0_GPDMA_Rx_Event                    0x000046e1   Thumb Code    14  uart_lpc17xx.o(i.USART0_GPDMA_Rx_Event)
    USART0_GPDMA_Tx_Event                    0x000046f5   Thumb Code    14  uart_lpc17xx.o(i.USART0_GPDMA_Tx_Event)
    USART_SetBaudrate                        0x000058a9   Thumb Code   302  uart_lpc17xx.o(i.USART_SetBaudrate)
    __ARM_fpclassify                         0x00005be9   Thumb Code    40  fpclassify.o(i.__ARM_fpclassify)
    _init_box                                0x00005cc7   Thumb Code    70  rt_membox.o(i._init_box)
    _is_digit                                0x00005d0d   Thumb Code    14  __printf_wp.o(i._is_digit)
    _mutex_acquire                           0x00005d1d   Thumb Code    22  rtx_conf_cm.o(i._mutex_acquire)
    _mutex_release                           0x00005d3d   Thumb Code    18  rtx_conf_cm.o(i._mutex_release)
    clear_lcd                                0x00005d59   Thumb Code    92  lcd.o(i.clear_lcd)
    copy_to_lcd_linea_1                      0x00005dc1   Thumb Code    76  escritura.o(i.copy_to_lcd_linea_1)
    copy_to_lcd_linea_2                      0x00005e11   Thumb Code    84  escritura.o(i.copy_to_lcd_linea_2)
    dbg_init                                 0x00005e69   Thumb Code    34  hal_cm.o(i.dbg_init)
    dbg_task_notify                          0x00005e99   Thumb Code    32  hal_cm.o(i.dbg_task_notify)
    dbg_task_switch                          0x00005eb9   Thumb Code    16  hal_cm.o(i.dbg_task_switch)
    flag_joystick                            0x00005ec9   Thumb Code   262  joystick.o(i.flag_joystick)
    inicio_joystick                          0x00006009   Thumb Code   206  joystick.o(i.inicio_joystick)
    init                                     0x000060e1   Thumb Code   126  escritura.o(i.init)
    initTimer0                               0x00006169   Thumb Code    20  pwm.o(i.initTimer0)
    isrMessageGet                            0x0000617d   Thumb Code    42  rt_cmsis.o(i.isrMessageGet)
    isrMessagePut                            0x000061a7   Thumb Code    44  rt_cmsis.o(i.isrMessagePut)
    isrSignalSet                             0x000061d3   Thumb Code    36  rt_cmsis.o(i.isrSignalSet)
    isr_evt_set                              0x000061f9   Thumb Code    34  rt_event.o(i.isr_evt_set)
    isr_mbx_receive                          0x00006221   Thumb Code    86  rt_mailbox.o(i.isr_mbx_receive)
    isr_mbx_send                             0x00006277   Thumb Code    14  rt_mailbox.o(i.isr_mbx_send)
    lcd_reset                                0x00006285   Thumb Code    76  escritura.o(i.lcd_reset)
    main                                     0x000062d1   Thumb Code    34  main.o(i.main)
    medir_temp                               0x000062f5   Thumb Code   128  thread.o(i.medir_temp)
    osKernelInitialize                       0x0000638d   Thumb Code    30  rt_cmsis.o(i.osKernelInitialize)
    osKernelStart                            0x000063b1   Thumb Code    98  rt_cmsis.o(i.osKernelStart)
    osMessageGet                             0x0000641d   Thumb Code    18  rt_cmsis.o(i.osMessageGet)
    osSignalSet                              0x00006435   Thumb Code    18  rt_cmsis.o(i.osSignalSet)
    osSignalWait                             0x0000644d   Thumb Code    18  rt_cmsis.o(i.osSignalWait)
    osThreadCreate                           0x00006465   Thumb Code    36  rt_cmsis.o(i.osThreadCreate)
    osThreadExit                             0x00006491   Thumb Code    14  rt_cmsis.o(i.osThreadExit)
    osThreadYield                            0x000064a9   Thumb Code    18  rt_cmsis.o(i.osThreadYield)
    osTimerCall                              0x000064c1   Thumb Code     8  rt_cmsis.o(i.osTimerCall)
    osTimerCreate                            0x000064cd   Thumb Code    36  rt_cmsis.o(i.osTimerCreate)
    osTimerStart                             0x000064f9   Thumb Code    18  rt_cmsis.o(i.osTimerStart)
    osTimerThread                            0x00006511   Thumb Code    38  rt_cmsis.o(i.osTimerThread)
    os_error                                 0x0000653d   Thumb Code    34  rtx_conf_cm.o(i.os_error)
    os_idle_demon                            0x0000655f   Thumb Code     4  rtx_conf_cm.o(i.os_idle_demon)
    os_tick_init                             0x00006565   Thumb Code    32  rt_system.o(i.os_tick_init)
    os_tick_irqack                           0x0000658d   Thumb Code     2  rt_system.o(i.os_tick_irqack)
    retardo_1Ms                              0x0000658f   Thumb Code    16  retardo.o(i.retardo_1Ms)
    retardo_1us                              0x0000659f   Thumb Code    12  retardo.o(i.retardo_1us)
    retardo_ms                               0x000065ab   Thumb Code    18  retardo.o(i.retardo_ms)
    rt_alloc_box                             0x000065bd   Thumb Code    26  rt_membox.o(i.rt_alloc_box)
    rt_alloc_mem                             0x000065d7   Thumb Code    62  rt_memory.o(i.rt_alloc_mem)
    rt_block                                 0x00006615   Thumb Code    48  rt_task.o(i.rt_block)
    rt_chk_robin                             0x0000664d   Thumb Code    60  rt_robin.o(i.rt_chk_robin)
    rt_dec_dly                               0x00006695   Thumb Code   102  rt_list.o(i.rt_dec_dly)
    rt_dispatch                              0x00006705   Thumb Code    60  rt_task.o(i.rt_dispatch)
    rt_evt_psh                               0x00006749   Thumb Code    76  rt_event.o(i.rt_evt_psh)
    rt_evt_set                               0x00006799   Thumb Code    88  rt_event.o(i.rt_evt_set)
    rt_evt_wait                              0x000067f5   Thumb Code    56  rt_event.o(i.rt_evt_wait)
    rt_free_box                              0x00006831   Thumb Code    44  rt_membox.o(i.rt_free_box)
    rt_free_mem                              0x0000685d   Thumb Code    40  rt_memory.o(i.rt_free_mem)
    rt_get_first                             0x00006885   Thumb Code    40  rt_list.o(i.rt_get_first)
    rt_get_same_rdy_prio                     0x000068ad   Thumb Code    26  rt_list.o(i.rt_get_same_rdy_prio)
    rt_init_mem                              0x00006921   Thumb Code    26  rt_memory.o(i.rt_init_mem)
    rt_init_robin                            0x0000693d   Thumb Code    14  rt_robin.o(i.rt_init_robin)
    rt_init_stack                            0x00006955   Thumb Code   118  hal_cm.o(i.rt_init_stack)
    rt_mbx_check                             0x000069d5   Thumb Code     8  rt_mailbox.o(i.rt_mbx_check)
    rt_mbx_init                              0x000069dd   Thumb Code    26  rt_mailbox.o(i.rt_mbx_init)
    rt_mbx_psh                               0x000069f9   Thumb Code   236  rt_mailbox.o(i.rt_mbx_psh)
    rt_mbx_wait                              0x00006ae9   Thumb Code   174  rt_mailbox.o(i.rt_mbx_wait)
    rt_mut_release                           0x00006be1   Thumb Code   208  rt_mutex.o(i.rt_mut_release)
    rt_mut_wait                              0x00006cb9   Thumb Code   114  rt_mutex.o(i.rt_mut_wait)
    rt_pop_req                               0x00006d31   Thumb Code   112  rt_system.o(i.rt_pop_req)
    rt_psh_req                               0x00006dad   Thumb Code    22  rt_system.o(i.rt_psh_req)
    rt_psq_enq                               0x00006dcd   Thumb Code    88  rt_list.o(i.rt_psq_enq)
    rt_put_dly                               0x00006e29   Thumb Code    68  rt_list.o(i.rt_put_dly)
    rt_put_prio                              0x00006e71   Thumb Code    54  rt_list.o(i.rt_put_prio)
    rt_put_rdy_first                         0x00006ea9   Thumb Code    14  rt_list.o(i.rt_put_rdy_first)
    rt_resort_prio                           0x00006ebd   Thumb Code    46  rt_list.o(i.rt_resort_prio)
    rt_ret_val                               0x00006ef1   Thumb Code     6  hal_cm.o(i.rt_ret_val)
    rt_ret_val2                              0x00006ef7   Thumb Code     8  hal_cm.o(i.rt_ret_val2)
    rt_rmv_dly                               0x00006eff   Thumb Code    40  rt_list.o(i.rt_rmv_dly)
    rt_rmv_list                              0x00006f29   Thumb Code    44  rt_list.o(i.rt_rmv_list)
    rt_sem_psh                               0x00006f59   Thumb Code    48  rt_semaphore.o(i.rt_sem_psh)
    rt_stk_check                             0x00006f8d   Thumb Code    28  rt_system.o(i.rt_stk_check)
    rt_switch_req                            0x00006fb1   Thumb Code    30  rt_task.o(i.rt_switch_req)
    rt_sys_init                              0x00006fd9   Thumb Code   138  rt_task.o(i.rt_sys_init)
    rt_sys_start                             0x000070a5   Thumb Code   110  rt_task.o(i.rt_sys_start)
    rt_systick                               0x0000711d   Thumb Code    50  rt_system.o(i.rt_systick)
    rt_tsk_create                            0x000071e1   Thumb Code   118  rt_task.o(i.rt_tsk_create)
    rt_tsk_delete                            0x00007269   Thumb Code   352  rt_task.o(i.rt_tsk_delete)
    rt_tsk_pass                              0x000073e5   Thumb Code    38  rt_task.o(i.rt_tsk_pass)
    rt_tsk_prio                              0x00007415   Thumb Code   108  rt_task.o(i.rt_tsk_prio)
    rt_tsk_self                              0x00007491   Thumb Code    12  rt_task.o(i.rt_tsk_self)
    svcKernelInitialize                      0x000074a1   Thumb Code    80  rt_cmsis.o(i.svcKernelInitialize)
    svcKernelStart                           0x00007511   Thumb Code    62  rt_cmsis.o(i.svcKernelStart)
    svcMessageCreate                         0x00007559   Thumb Code    36  rt_cmsis.o(i.svcMessageCreate)
    svcMessageGet                            0x0000757d   Thumb Code    58  rt_cmsis.o(i.svcMessageGet)
    svcSignalSet                             0x000075b7   Thumb Code    36  rt_cmsis.o(i.svcSignalSet)
    svcSignalWait                            0x000075dd   Thumb Code    80  rt_cmsis.o(i.svcSignalWait)
    svcThreadCreate                          0x00007631   Thumb Code    96  rt_cmsis.o(i.svcThreadCreate)
    svcThreadGetId                           0x0000769d   Thumb Code    22  rt_cmsis.o(i.svcThreadGetId)
    svcThreadTerminate                       0x000076b9   Thumb Code    50  rt_cmsis.o(i.svcThreadTerminate)
    svcThreadYield                           0x000076f1   Thumb Code    10  rt_cmsis.o(i.svcThreadYield)
    svcTimerCall                             0x000076fb   Thumb Code    24  rt_cmsis.o(i.svcTimerCall)
    svcTimerCreate                           0x00007715   Thumb Code    52  rt_cmsis.o(i.svcTimerCreate)
    svcTimerStart                            0x0000774d   Thumb Code    96  rt_cmsis.o(i.svcTimerStart)
    sysTimerTick                             0x000077b1   Thumb Code    84  rt_cmsis.o(i.sysTimerTick)
    wr_cmd                                   0x0000780d   Thumb Code    46  escritura.o(i.wr_cmd)
    wr_dat                                   0x00007841   Thumb Code    46  escritura.o(i.wr_dat)
    _get_lc_numeric                          0x00007875   Thumb Code    44  lc_numeric_c.o(locale$$code)
    __aeabi_d2f                              0x000078a1   Thumb Code     0  d2f.o(x$fpl$d2f)
    _d2f                                     0x000078a1   Thumb Code    98  d2f.o(x$fpl$d2f)
    __aeabi_dadd                             0x00007905   Thumb Code     0  daddsub_clz.o(x$fpl$dadd)
    _dadd                                    0x00007905   Thumb Code   332  daddsub_clz.o(x$fpl$dadd)
    __aeabi_ddiv                             0x00007a55   Thumb Code     0  ddiv.o(x$fpl$ddiv)
    _ddiv                                    0x00007a55   Thumb Code   552  ddiv.o(x$fpl$ddiv)
    __aeabi_ui2d                             0x00007d05   Thumb Code     0  dflt_clz.o(x$fpl$dfltu)
    _dfltu                                   0x00007d05   Thumb Code    38  dflt_clz.o(x$fpl$dfltu)
    __fpl_dnaninf                            0x00007d2b   Thumb Code   156  dnaninf.o(x$fpl$dnaninf)
    __fpl_dretinf                            0x00007dc7   Thumb Code    12  dretinf.o(x$fpl$dretinf)
    __aeabi_dsub                             0x00007dd5   Thumb Code     0  daddsub_clz.o(x$fpl$dsub)
    _dsub                                    0x00007dd5   Thumb Code   464  daddsub_clz.o(x$fpl$dsub)
    __aeabi_f2d                              0x00007fa9   Thumb Code     0  f2d.o(x$fpl$f2d)
    _f2d                                     0x00007fa9   Thumb Code    86  f2d.o(x$fpl$f2d)
    __aeabi_fadd                             0x00008001   Thumb Code     0  faddsub_clz.o(x$fpl$fadd)
    _fadd                                    0x00008001   Thumb Code   196  faddsub_clz.o(x$fpl$fadd)
    __fpl_fcmp_Inf                           0x000080c5   Thumb Code    24  fcmpi.o(x$fpl$fcmpinf)
    __aeabi_cfcmple                          0x000080dd   Thumb Code     0  fleqf.o(x$fpl$fleqf)
    _fcmple                                  0x000080dd   Thumb Code   104  fleqf.o(x$fpl$fleqf)
    __fpl_fcmple_InfNaN                      0x0000812f   Thumb Code     0  fleqf.o(x$fpl$fleqf)
    __fpl_fnaninf                            0x00008145   Thumb Code   140  fnaninf.o(x$fpl$fnaninf)
    __fpl_fretinf                            0x000081d1   Thumb Code    10  fretinf.o(x$fpl$fretinf)
    __aeabi_cfrcmple                         0x000081db   Thumb Code     0  frleqf.o(x$fpl$frleqf)
    _frcmple                                 0x000081db   Thumb Code    98  frleqf.o(x$fpl$frleqf)
    __aeabi_fsub                             0x0000823d   Thumb Code     0  faddsub_clz.o(x$fpl$fsub)
    _fsub                                    0x0000823d   Thumb Code   234  faddsub_clz.o(x$fpl$fsub)
    _printf_fp_dec                           0x00008327   Thumb Code     4  printf1.o(x$fpl$printf1)
    __I$use$fp                               0x0000832a   Number         0  usenofp.o(x$fpl$usenofp)
    os_thread_def_Estado_Normal              0x0000832c   Data          16  thread.o(.constdata)
    os_thread_def_Estado_Test                0x0000833c   Data          16  thread.o(.constdata)
    os_thread_def_Estado_Desarmado           0x0000834c   Data          16  thread.o(.constdata)
    os_thread_def_Subida                     0x0000835c   Data          16  thread.o(.constdata)
    os_thread_def_Bajada                     0x0000836c   Data          16  thread.o(.constdata)
    os_timer_def_periodic                    0x0000837c   Data           8  thread.o(.constdata)
    os_timer_def_one_shot                    0x00008384   Data           8  thread.o(.constdata)
    os_timer_def_one_shot2                   0x0000838c   Data           8  thread.o(.constdata)
    Arial12x12                               0x00008394   Data        2400  lcd.o(.constdata)
    Letra                                    0x00008cf4   Data         455  lcd.o(.constdata)
    os_maxtaskrun                            0x00008ebc   Data           2  rtx_conf_cm.o(.constdata)
    os_stackinfo                             0x00008ec0   Data           4  rtx_conf_cm.o(.constdata)
    os_rrobin                                0x00008ec4   Data           4  rtx_conf_cm.o(.constdata)
    os_tickfreq                              0x00008ec8   Data           4  rtx_conf_cm.o(.constdata)
    os_tickus_i                              0x00008ecc   Data           2  rtx_conf_cm.o(.constdata)
    os_tickus_f                              0x00008ece   Data           2  rtx_conf_cm.o(.constdata)
    os_trv                                   0x00008ed0   Data           4  rtx_conf_cm.o(.constdata)
    os_flags                                 0x00008ed4   Data           1  rtx_conf_cm.o(.constdata)
    CMSIS_RTOS_API_Version                   0x00008ed8   Data           4  rtx_conf_cm.o(.constdata)
    CMSIS_RTOS_RTX_Version                   0x00008edc   Data           4  rtx_conf_cm.o(.constdata)
    os_clockrate                             0x00008ee0   Data           4  rtx_conf_cm.o(.constdata)
    os_timernum                              0x00008ee4   Data           4  rtx_conf_cm.o(.constdata)
    mp_tcb_size                              0x00008ee8   Data           2  rtx_conf_cm.o(.constdata)
    mp_stk_size                              0x00008eec   Data           4  rtx_conf_cm.o(.constdata)
    os_stack_sz                              0x00008ef0   Data           4  rtx_conf_cm.o(.constdata)
    os_fifo_size                             0x00008ef4   Data           1  rtx_conf_cm.o(.constdata)
    os_thread_def_osTimerThread              0x00008ef8   Data          16  rtx_conf_cm.o(.constdata)
    os_messageQ_def_osTimerMessageQ          0x00008f08   Data           8  rtx_conf_cm.o(.constdata)
    mp_tmr_size                              0x00008f10   Data           2  rtx_conf_cm.o(.constdata)
    os_thread_def_main                       0x00008f14   Data          16  rtx_conf_cm.o(.constdata)
    Driver_I2C2                              0x00008f58   Data          48  i2c_lpc17xx.o(.constdata)
    Driver_SPI1                              0x00008fe0   Data          44  ssp_lpc17xx.o(.constdata)
    Driver_USART0                            0x000091a8   Data          56  uart_lpc17xx.o(.constdata)
    Region$$Table$$Base                      0x00009274   Number         0  anon$$obj.o(Region$$Table)
    Region$$Table$$Limit                     0x000092a4   Number         0  anon$$obj.o(Region$$Table)
    mp_tcb                                   0x10000000   Data         584  rtx_conf_cm.o(.bss)
    mp_stk                                   0x10000248   Data        1416  rtx_conf_cm.o(.bss)
    os_stack_mem                             0x100007d0   Data        5456  rtx_conf_cm.o(.bss)
    os_fifo                                  0x10001d20   Data         132  rtx_conf_cm.o(.bss)
    os_active_TCB                            0x10001da4   Data          44  rtx_conf_cm.o(.bss)
    os_messageQ_q_osTimerMessageQ            0x10001dd0   Data          32  rtx_conf_cm.o(.bss)
    letraTest                                0x2007c000   Data           4  thread.o(.data)
    temp                                     0x2007c004   Data           4  thread.o(.data)
    guarda                                   0x2007c008   Data           4  thread.o(.data)
    tmepRef                                  0x2007c00c   Data           4  thread.o(.data)
    i16                                      0x2007c010   Data           2  thread.o(.data)
    estado                                   0x2007c012   Data          10  thread.o(.data)
    flagEstado                               0x2007c01c   Data           4  thread.o(.data)
    data_read                                0x2007c020   Data           2  thread.o(.data)
    data_write                               0x2007c022   Data           2  thread.o(.data)
    PoLa                                     0x2007c024   Data           1  thread.o(.data)
    hour                                     0x2007c025   Data           1  thread.o(.data)
    min                                      0x2007c026   Data           1  thread.o(.data)
    sec                                      0x2007c027   Data           1  thread.o(.data)
    horaDes                                  0x2007c028   Data           1  thread.o(.data)
    minDes                                   0x2007c029   Data           1  thread.o(.data)
    secDes                                   0x2007c02a   Data           1  thread.o(.data)
    flag_timer2                              0x2007c02c   Data           4  thread.o(.data)
    tid_Estado_Normal                        0x2007c038   Data           4  thread.o(.data)
    tid_Estado_Test                          0x2007c03c   Data           4  thread.o(.data)
    tid_Estado_Desarmado                     0x2007c040   Data           4  thread.o(.data)
    tid_subida                               0x2007c044   Data           4  thread.o(.data)
    tid_bajada                               0x2007c048   Data           4  thread.o(.data)
    SPIDrv                                   0x2007c064   Data           4  escritura.o(.data)
    valor                                    0x2007c068   Data           4  joystick.o(.data)
    posicionL1                               0x2007c06c   Data           2  lcd.o(.data)
    posicionL2                               0x2007c06e   Data           2  lcd.o(.data)
    alarm_on                                 0x2007c070   Data           4  rtc.o(.data)
    osThreadId_osTimerThread                 0x2007c074   Data           4  rtx_conf_cm.o(.data)
    osMessageQId_osTimerMessageQ             0x2007c078   Data           4  rtx_conf_cm.o(.data)
    os_tmr                                   0x2007c07c   Data           4  rtx_conf_cm.o(.data)
    m_tmr                                    0x2007c080   Data           4  rtx_conf_cm.o(.data)
    I2C2_PIN                                 0x2007c088   Data           4  i2c_lpc17xx.o(.data)
    SystemCoreClock                          0x2007c09c   Data           4  system_lpc17xx.o(.data)
    os_initialized                           0x2007c0a0   Data           1  rt_cmsis.o(.data)
    os_running                               0x2007c0a1   Data           1  rt_cmsis.o(.data)
    os_timer_head                            0x2007c0a4   Data           4  rt_cmsis.o(.data)
    os_tsk                                   0x2007c0a8   Data           8  rt_task.o(.data)
    os_tick_irqn                             0x2007c0b4   Data           4  rt_system.o(.data)
    os_time                                  0x2007c0b8   Data           4  rt_time.o(.data)
    os_robin                                 0x2007c0bc   Data           8  rt_robin.o(.data)
    dbg_msg                                  0x2007c0c4   Data           1  hal_cm.o(.data)
    mensaje                                  0x2007c0c8   Data          30  thread.o(.bss)
    mensajeUART                              0x2007c0e6   Data          34  thread.o(.bss)
    local_time                               0x2007c108   Data          32  thread.o(.bss)
    alarm_time                               0x2007c128   Data          32  thread.o(.bss)
    current_time                             0x2007c148   Data          32  thread.o(.bss)
    buffer                                   0x2007c1b0   Data         512  lcd.o(.bss)
    os_idle_TCB                              0x2007c4d4   Data          52  rt_task.o(.bss)
    os_rdy                                   0x2007c508   Data          24  rt_list.o(.bss)
    os_dly                                   0x2007c520   Data          24  rt_list.o(.bss)
    __libspace_start                         0x2007c538   Data          96  libspace.o(.bss)
    __temporary_stack_top$libspace           0x2007c598   Data           0  libspace.o(.bss)



==============================================================================

Memory Map of the image

  Image Entry point : 0x000000cd

  Load Region LR_IROM1 (Base: 0x00000000, Size: 0x00009388, Max: 0x00080000, ABSOLUTE)

    Execution Region ER_IROM1 (Exec base: 0x00000000, Load base: 0x00000000, Size: 0x000092c0, Max: 0x00080000, ABSOLUTE)

    Exec Addr    Load Addr    Size         Type   Attr      Idx    E Section Name        Object

    0x00000000   0x00000000   0x000000cc   Data   RO         1390    RESET               startup_lpc17xx.o
    0x000000cc   0x000000cc   0x00000008   Code   RO         2696  * !!!main             c_w.l(__main.o)
    0x000000d4   0x000000d4   0x00000034   Code   RO         2958    !!!scatter          c_w.l(__scatter.o)
    0x00000108   0x00000108   0x0000001a   Code   RO         2960    !!handler_copy      c_w.l(__scatter_copy.o)
    0x00000122   0x00000122   0x00000002   PAD
    0x00000124   0x00000124   0x0000001c   Code   RO         2962    !!handler_zi        c_w.l(__scatter_zi.o)
    0x00000140   0x00000140   0x00000000   Code   RO         2685    .ARM.Collect$$_printf_percent$$00000000  c_w.l(_printf_percent.o)
    0x00000140   0x00000140   0x00000006   Code   RO         2684    .ARM.Collect$$_printf_percent$$00000003  c_w.l(_printf_f.o)
    0x00000146   0x00000146   0x00000006   Code   RO         2683    .ARM.Collect$$_printf_percent$$00000009  c_w.l(_printf_d.o)
    0x0000014c   0x0000014c   0x00000006   Code   RO         2682    .ARM.Collect$$_printf_percent$$00000014  c_w.l(_printf_s.o)
    0x00000152   0x00000152   0x00000004   Code   RO         2747    .ARM.Collect$$_printf_percent$$00000017  c_w.l(_printf_percent_end.o)
    0x00000156   0x00000156   0x00000002   Code   RO         2844    .ARM.Collect$$libinit$$00000000  c_w.l(libinit.o)
    0x00000158   0x00000158   0x00000000   Code   RO         2846    .ARM.Collect$$libinit$$00000002  c_w.l(libinit2.o)
    0x00000158   0x00000158   0x00000000   Code   RO         2848    .ARM.Collect$$libinit$$00000004  c_w.l(libinit2.o)
    0x00000158   0x00000158   0x00000000   Code   RO         2851    .ARM.Collect$$libinit$$0000000A  c_w.l(libinit2.o)
    0x00000158   0x00000158   0x00000000   Code   RO         2853    .ARM.Collect$$libinit$$0000000C  c_w.l(libinit2.o)
    0x00000158   0x00000158   0x00000000   Code   RO         2855    .ARM.Collect$$libinit$$0000000E  c_w.l(libinit2.o)
    0x00000158   0x00000158   0x00000006   Code   RO         2856    .ARM.Collect$$libinit$$0000000F  c_w.l(libinit2.o)
    0x0000015e   0x0000015e   0x00000000   Code   RO         2858    .ARM.Collect$$libinit$$00000011  c_w.l(libinit2.o)
    0x0000015e   0x0000015e   0x00000000   Code   RO         2860    .ARM.Collect$$libinit$$00000013  c_w.l(libinit2.o)
    0x0000015e   0x0000015e   0x00000000   Code   RO         2862    .ARM.Collect$$libinit$$00000015  c_w.l(libinit2.o)
    0x0000015e   0x0000015e   0x0000000a   Code   RO         2863    .ARM.Collect$$libinit$$00000016  c_w.l(libinit2.o)
    0x00000168   0x00000168   0x00000000   Code   RO         2864    .ARM.Collect$$libinit$$00000017  c_w.l(libinit2.o)
    0x00000168   0x00000168   0x00000000   Code   RO         2866    .ARM.Collect$$libinit$$00000019  c_w.l(libinit2.o)
    0x00000168   0x00000168   0x00000000   Code   RO         2868    .ARM.Collect$$libinit$$0000001B  c_w.l(libinit2.o)
    0x00000168   0x00000168   0x00000000   Code   RO         2870    .ARM.Collect$$libinit$$0000001D  c_w.l(libinit2.o)
    0x00000168   0x00000168   0x00000000   Code   RO         2872    .ARM.Collect$$libinit$$0000001F  c_w.l(libinit2.o)
    0x00000168   0x00000168   0x00000000   Code   RO         2874    .ARM.Collect$$libinit$$00000021  c_w.l(libinit2.o)
    0x00000168   0x00000168   0x00000000   Code   RO         2876    .ARM.Collect$$libinit$$00000023  c_w.l(libinit2.o)
    0x00000168   0x00000168   0x00000000   Code   RO         2878    .ARM.Collect$$libinit$$00000025  c_w.l(libinit2.o)
    0x00000168   0x00000168   0x00000000   Code   RO         2882    .ARM.Collect$$libinit$$0000002C  c_w.l(libinit2.o)
    0x00000168   0x00000168   0x00000000   Code   RO         2884    .ARM.Collect$$libinit$$0000002E  c_w.l(libinit2.o)
    0x00000168   0x00000168   0x00000000   Code   RO         2886    .ARM.Collect$$libinit$$00000030  c_w.l(libinit2.o)
    0x00000168   0x00000168   0x00000000   Code   RO         2888    .ARM.Collect$$libinit$$00000032  c_w.l(libinit2.o)
    0x00000168   0x00000168   0x00000002   Code   RO         2889    .ARM.Collect$$libinit$$00000033  c_w.l(libinit2.o)
    0x0000016a   0x0000016a   0x00000002   Code   RO         2890    .ARM.Collect$$libshutdown$$00000000  c_w.l(libshutdown.o)
    0x0000016c   0x0000016c   0x00000000   Code   RO         2903    .ARM.Collect$$libshutdown$$00000002  c_w.l(libshutdown2.o)
    0x0000016c   0x0000016c   0x00000000   Code   RO         2905    .ARM.Collect$$libshutdown$$00000004  c_w.l(libshutdown2.o)
    0x0000016c   0x0000016c   0x00000000   Code   RO         2908    .ARM.Collect$$libshutdown$$00000007  c_w.l(libshutdown2.o)
    0x0000016c   0x0000016c   0x00000000   Code   RO         2911    .ARM.Collect$$libshutdown$$0000000A  c_w.l(libshutdown2.o)
    0x0000016c   0x0000016c   0x00000000   Code   RO         2913    .ARM.Collect$$libshutdown$$0000000C  c_w.l(libshutdown2.o)
    0x0000016c   0x0000016c   0x00000000   Code   RO         2916    .ARM.Collect$$libshutdown$$0000000F  c_w.l(libshutdown2.o)
    0x0000016c   0x0000016c   0x00000002   Code   RO         2917    .ARM.Collect$$libshutdown$$00000010  c_w.l(libshutdown2.o)
    0x0000016e   0x0000016e   0x00000000   Code   RO         2730    .ARM.Collect$$rtentry$$00000000  c_w.l(__rtentry.o)
    0x0000016e   0x0000016e   0x00000000   Code   RO         2760    .ARM.Collect$$rtentry$$00000002  c_w.l(__rtentry2.o)
    0x0000016e   0x0000016e   0x00000006   Code   RO         2772    .ARM.Collect$$rtentry$$00000004  c_w.l(__rtentry4.o)
    0x00000174   0x00000174   0x00000000   Code   RO         2762    .ARM.Collect$$rtentry$$00000009  c_w.l(__rtentry2.o)
    0x00000174   0x00000174   0x00000004   Code   RO         2763    .ARM.Collect$$rtentry$$0000000A  c_w.l(__rtentry2.o)
    0x00000178   0x00000178   0x00000008   Code   RO         2764    .ARM.Collect$$rtentry$$0000000B  c_w.l(__rtentry2.o)
    0x00000180   0x00000180   0x00000008   Code   RO         2766    .ARM.Collect$$rtentry$$0000000D  c_w.l(__rtentry2.o)
    0x00000188   0x00000188   0x00000002   Code   RO         2731    .ARM.Collect$$rtexit$$00000000  c_w.l(rtexit.o)
    0x0000018a   0x0000018a   0x00000000   Code   RO         2775    .ARM.Collect$$rtexit$$00000002  c_w.l(rtexit2.o)
    0x0000018a   0x0000018a   0x00000004   Code   RO         2776    .ARM.Collect$$rtexit$$00000003  c_w.l(rtexit2.o)
    0x0000018e   0x0000018e   0x00000006   Code   RO         2777    .ARM.Collect$$rtexit$$00000004  c_w.l(rtexit2.o)
    0x00000194   0x00000194   0x0000001c   Code   RO          565    .emb_text           rtx_conf_cm.o
    0x000001b0   0x000001b0   0x00000130   Code   RO         2632    .emb_text           RTX_CM3.lib(hal_cm3.o)
    0x000002e0   0x000002e0   0x00000008   Code   RO         2647    .text               c_w.l(libspace.o)
    0x000002e8   0x000002e8   0x00000012   Code   RO         2686    .text               c_w.l(exit.o)
    0x000002fa   0x000002fa   0x00000002   Code   RO         2891    .text               c_w.l(use_no_semi.o)
    0x000002fc   0x000002fc   0x00000004   Code   RO         1391    .ARM.__at_0x02FC    startup_lpc17xx.o
    0x00000300   0x00000300   0x0000003c   Code   RO         1392    .text               startup_lpc17xx.o
    0x0000033c   0x0000033c   0x000000ee   Code   RO         2650    .text               c_w.l(lludivv7m.o)
    0x0000042a   0x0000042a   0x00000002   PAD
    0x0000042c   0x0000042c   0x00000028   Code   RO         2654    .text               c_w.l(noretval__2sprintf.o)
    0x00000454   0x00000454   0x00000052   Code   RO         2658    .text               c_w.l(_printf_str.o)
    0x000004a6   0x000004a6   0x00000002   PAD
    0x000004a8   0x000004a8   0x00000078   Code   RO         2660    .text               c_w.l(_printf_dec.o)
    0x00000520   0x00000520   0x0000010e   Code   RO         2670    .text               c_w.l(__printf_wp.o)
    0x0000062e   0x0000062e   0x0000003e   Code   RO         2688    .text               c_w.l(strlen.o)
    0x0000066c   0x0000066c   0x00000064   Code   RO         2690    .text               c_w.l(rt_memcpy_w.o)
    0x000006d0   0x000006d0   0x0000004e   Code   RO         2692    .text               c_w.l(rt_memclr_w.o)
    0x0000071e   0x0000071e   0x00000006   Code   RO         2694    .text               c_w.l(heapauxi.o)
    0x00000724   0x00000724   0x000000b2   Code   RO         2737    .text               c_w.l(_printf_intcommon.o)
    0x000007d6   0x000007d6   0x0000041e   Code   RO         2739    .text               c_w.l(_printf_fp_dec.o)
    0x00000bf4   0x00000bf4   0x00000030   Code   RO         2741    .text               c_w.l(_printf_char_common.o)
    0x00000c24   0x00000c24   0x0000000a   Code   RO         2743    .text               c_w.l(_sputc.o)
    0x00000c2e   0x00000c2e   0x0000002c   Code   RO         2745    .text               c_w.l(_printf_char.o)
    0x00000c5a   0x00000c5a   0x0000000a   Code   RO         2788    .text               c_w.l(rt_locale_twolibspace.o)
    0x00000c64   0x00000c64   0x0000008a   Code   RO         2790    .text               c_w.l(lludiv10.o)
    0x00000cee   0x00000cee   0x00000002   PAD
    0x00000cf0   0x00000cf0   0x00000080   Code   RO         2792    .text               c_w.l(_printf_fp_infnan.o)
    0x00000d70   0x00000d70   0x000000e4   Code   RO         2796    .text               c_w.l(bigflt0.o)
    0x00000e54   0x00000e54   0x0000000c   Code   RO         2828    .text               c_w.l(sys_exit.o)
    0x00000e60   0x00000e60   0x0000004a   Code   RO         2830    .text               c_w.l(sys_stackheap_outer.o)
    0x00000eaa   0x00000eaa   0x00000002   PAD
    0x00000eac   0x00000eac   0x00000080   Code   RO         2836    .text               c_w.l(strcmpv7m.o)
    0x00000f2c   0x00000f2c   0x00000000   Code   RO         2893    .text               c_w.l(indicate_semi.o)
    0x00000f2c   0x00000f2c   0x0000003e   Code   RO         2799    CL$$btod_d2e        c_w.l(btod.o)
    0x00000f6a   0x00000f6a   0x00000046   Code   RO         2801    CL$$btod_d2e_denorm_low  c_w.l(btod.o)
    0x00000fb0   0x00000fb0   0x00000060   Code   RO         2800    CL$$btod_d2e_norm_op1  c_w.l(btod.o)
    0x00001010   0x00001010   0x00000338   Code   RO         2809    CL$$btod_div_common  c_w.l(btod.o)
    0x00001348   0x00001348   0x000000dc   Code   RO         2806    CL$$btod_e2e        c_w.l(btod.o)
    0x00001424   0x00001424   0x0000002a   Code   RO         2803    CL$$btod_ediv       c_w.l(btod.o)
    0x0000144e   0x0000144e   0x0000002a   Code   RO         2802    CL$$btod_emul       c_w.l(btod.o)
    0x00001478   0x00001478   0x00000244   Code   RO         2808    CL$$btod_mult_common  c_w.l(btod.o)
    0x000016bc   0x000016bc   0x00000004   Code   RO         2642    SVC_TABLE           RTX_CM3.lib(svc_table.o)
    0x000016c0   0x000016c0   0x00000010   Code   RO          372    i.Activar_Alarma    pwm.o
    0x000016d0   0x000016d0   0x00000028   Code   RO          101    i.Bajada            thread.o
    0x000016f8   0x000016f8   0x00000020   Code   RO         1211    i.Clear_Channel_active_flag  gpdma_lpc17xx.o
    0x00001718   0x00001718   0x00000180   Code   RO         1212    i.DMA_IRQHandler    gpdma_lpc17xx.o
    0x00001898   0x00001898   0x00000010   Code   RO          373    i.Desactivar_Alarma  pwm.o
    0x000018a8   0x000018a8   0x0000009c   Code   RO          266    i.EINT3_IRQHandler  joystick.o
    0x00001944   0x00001944   0x0000005c   Code   RO          313    i.EscribeFrase      lcd.o
    0x000019a0   0x000019a0   0x00000068   Code   RO          314    i.EscribeLetra_L1   lcd.o
    0x00001a08   0x00001a08   0x0000006c   Code   RO          315    i.EscribeLetra_L2   lcd.o
    0x00001a74   0x00001a74   0x000001ac   Code   RO          316    i.EscribirTEST      lcd.o
    0x00001c20   0x00001c20   0x00000138   Code   RO          102    i.Estado_Desarmado  thread.o
    0x00001d58   0x00001d58   0x00000298   Code   RO          103    i.Estado_Normal     thread.o
    0x00001ff0   0x00001ff0   0x00000224   Code   RO          104    i.Estado_Test       thread.o
    0x00002214   0x00002214   0x000000f4   Code   RO         1213    i.GPDMA_ChannelConfigure  gpdma_lpc17xx.o
    0x00002308   0x00002308   0x00000030   Code   RO         1214    i.GPDMA_ChannelDisable  gpdma_lpc17xx.o
    0x00002338   0x00002338   0x00000030   Code   RO         1216    i.GPDMA_ChannelGetCount  gpdma_lpc17xx.o
    0x00002368   0x00002368   0x000000b0   Code   RO         1218    i.GPDMA_Initialize  gpdma_lpc17xx.o
    0x00002418   0x00002418   0x00000044   Code   RO         1219    i.GPDMA_PeripheralSelect  gpdma_lpc17xx.o
    0x0000245c   0x0000245c   0x00000068   Code   RO         1220    i.GPDMA_Uninitialize  gpdma_lpc17xx.o
    0x000024c4   0x000024c4   0x00000028   Code   RO         1302    i.GPIO_PinWrite     gpio_lpc17xx.o
    0x000024ec   0x000024ec   0x00000038   Code   RO         1306    i.GPIO_SetDir       gpio_lpc17xx.o
    0x00002524   0x00002524   0x00000040   Code   RO          626    i.GetI2CClockFreq   i2c_lpc17xx.o
    0x00002564   0x00002564   0x00000044   Code   RO          819    i.GetSSPClockFreq   ssp_lpc17xx.o
    0x000025a8   0x000025a8   0x00000044   Code   RO          997    i.GetUsartClockFreq  uart_lpc17xx.o
    0x000025ec   0x000025ec   0x00000018   Code   RO          627    i.I2C2_Control      i2c_lpc17xx.o
    0x00002604   0x00002604   0x00000010   Code   RO          628    i.I2C2_GetDataCount  i2c_lpc17xx.o
    0x00002614   0x00002614   0x00000010   Code   RO          629    i.I2C2_GetStatus    i2c_lpc17xx.o
    0x00002624   0x00002624   0x00000010   Code   RO          630    i.I2C2_IRQHandler   i2c_lpc17xx.o
    0x00002634   0x00002634   0x00000014   Code   RO          631    i.I2C2_Initialize   i2c_lpc17xx.o
    0x00002648   0x00002648   0x00000020   Code   RO          632    i.I2C2_MasterReceive  i2c_lpc17xx.o
    0x00002668   0x00002668   0x00000020   Code   RO          633    i.I2C2_MasterTransmit  i2c_lpc17xx.o
    0x00002688   0x00002688   0x00000014   Code   RO          634    i.I2C2_PowerControl  i2c_lpc17xx.o
    0x0000269c   0x0000269c   0x00000018   Code   RO          635    i.I2C2_SlaveReceive  i2c_lpc17xx.o
    0x000026b4   0x000026b4   0x00000018   Code   RO          636    i.I2C2_SlaveTransmit  i2c_lpc17xx.o
    0x000026cc   0x000026cc   0x00000010   Code   RO          637    i.I2C2_Uninitialize  i2c_lpc17xx.o
    0x000026dc   0x000026dc   0x0000000c   Code   RO          638    i.I2C_GetCapabilities  i2c_lpc17xx.o
    0x000026e8   0x000026e8   0x00000010   Code   RO          639    i.I2C_GetVersion    i2c_lpc17xx.o
    0x000026f8   0x000026f8   0x0000018c   Code   RO          640    i.I2Cx_Control      i2c_lpc17xx.o
    0x00002884   0x00002884   0x00000008   Code   RO          641    i.I2Cx_GetDataCount  i2c_lpc17xx.o
    0x0000288c   0x0000288c   0x00000008   Code   RO          642    i.I2Cx_GetStatus    i2c_lpc17xx.o
    0x00002894   0x00002894   0x00000030   Code   RO          643    i.I2Cx_IRQHandler   i2c_lpc17xx.o
    0x000028c4   0x000028c4   0x0000004e   Code   RO          644    i.I2Cx_Initialize   i2c_lpc17xx.o
    0x00002912   0x00002912   0x000001ce   Code   RO          645    i.I2Cx_MasterHandler  i2c_lpc17xx.o
    0x00002ae0   0x00002ae0   0x000000ce   Code   RO          646    i.I2Cx_MasterReceive  i2c_lpc17xx.o
    0x00002bae   0x00002bae   0x000000cc   Code   RO          647    i.I2Cx_MasterTransmit  i2c_lpc17xx.o
    0x00002c7a   0x00002c7a   0x00000150   Code   RO          648    i.I2Cx_PowerControl  i2c_lpc17xx.o
    0x00002dca   0x00002dca   0x000001d4   Code   RO          649    i.I2Cx_SlaveHandler  i2c_lpc17xx.o
    0x00002f9e   0x00002f9e   0x00000074   Code   RO          650    i.I2Cx_SlaveReceive  i2c_lpc17xx.o
    0x00003012   0x00003012   0x00000074   Code   RO          651    i.I2Cx_SlaveTransmit  i2c_lpc17xx.o
    0x00003086   0x00003086   0x00000030   Code   RO          652    i.I2Cx_Uninitialize  i2c_lpc17xx.o
    0x000030b6   0x000030b6   0x00000002   PAD
    0x000030b8   0x000030b8   0x000001dc   Code   RO          105    i.Init_Thread       thread.o
    0x00003294   0x00003294   0x000000fc   Code   RO         1355    i.PIN_Configure     pin_lpc17xx.o
    0x00003390   0x00003390   0x00000020   Code   RO         1356    i.PIN_ConfigureI2C0Pins  pin_lpc17xx.o
    0x000033b0   0x000033b0   0x00000058   Code   RO          374    i.PWM_vInit         pwm.o
    0x00003408   0x00003408   0x0000001c   Code   RO          375    i.RGB_AZUL          pwm.o
    0x00003424   0x00003424   0x0000001c   Code   RO          376    i.RGB_ROJO          pwm.o
    0x00003440   0x00003440   0x00000020   Code   RO          377    i.RGB_VERDE         pwm.o
    0x00003460   0x00003460   0x00000058   Code   RO          493    i.RTCGetTime        rtc.o
    0x000034b8   0x000034b8   0x0000004c   Code   RO          494    i.RTCInit           rtc.o
    0x00003504   0x00003504   0x00000018   Code   RO          498    i.RTCStart          rtc.o
    0x0000351c   0x0000351c   0x0000001c   Code   RO          501    i.RTC_IRQHandler    rtc.o
    0x00003538   0x00003538   0x00000018   Code   RO          820    i.SSP1_Control      ssp_lpc17xx.o
    0x00003550   0x00003550   0x00000014   Code   RO          821    i.SSP1_GPDMA_Rx_SignalEvent  ssp_lpc17xx.o
    0x00003564   0x00003564   0x00000014   Code   RO          822    i.SSP1_GPDMA_Tx_SignalEvent  ssp_lpc17xx.o
    0x00003578   0x00003578   0x00000010   Code   RO          823    i.SSP1_GetDataCount  ssp_lpc17xx.o
    0x00003588   0x00003588   0x00000010   Code   RO          824    i.SSP1_GetStatus    ssp_lpc17xx.o
    0x00003598   0x00003598   0x00000010   Code   RO          825    i.SSP1_IRQHandler   ssp_lpc17xx.o
    0x000035a8   0x000035a8   0x00000014   Code   RO          826    i.SSP1_Initialize   ssp_lpc17xx.o
    0x000035bc   0x000035bc   0x00000014   Code   RO          827    i.SSP1_PowerControl  ssp_lpc17xx.o
    0x000035d0   0x000035d0   0x00000018   Code   RO          828    i.SSP1_Receive      ssp_lpc17xx.o
    0x000035e8   0x000035e8   0x00000018   Code   RO          829    i.SSP1_Send         ssp_lpc17xx.o
    0x00003600   0x00003600   0x0000001c   Code   RO          830    i.SSP1_Transfer     ssp_lpc17xx.o
    0x0000361c   0x0000361c   0x00000010   Code   RO          831    i.SSP1_Uninitialize  ssp_lpc17xx.o
    0x0000362c   0x0000362c   0x0000000c   Code   RO          832    i.SSP_GetCapabilities  ssp_lpc17xx.o
    0x00003638   0x00003638   0x00000010   Code   RO          833    i.SSP_GetVersion    ssp_lpc17xx.o
    0x00003648   0x00003648   0x0000051e   Code   RO          834    i.SSPx_Control      ssp_lpc17xx.o
    0x00003b66   0x00003b66   0x00000036   Code   RO          835    i.SSPx_GPDMA_Rx_SignalEvent  ssp_lpc17xx.o
    0x00003b9c   0x00003b9c   0x0000001c   Code   RO          836    i.SSPx_GPDMA_Tx_SignalEvent  ssp_lpc17xx.o
    0x00003bb8   0x00003bb8   0x0000002c   Code   RO          837    i.SSPx_GetDataCount  ssp_lpc17xx.o
    0x00003be4   0x00003be4   0x0000002c   Code   RO          838    i.SSPx_GetStatus    ssp_lpc17xx.o
    0x00003c10   0x00003c10   0x00000104   Code   RO          839    i.SSPx_IRQHandler   ssp_lpc17xx.o
    0x00003d14   0x00003d14   0x000000a8   Code   RO          840    i.SSPx_Initialize   ssp_lpc17xx.o
    0x00003dbc   0x00003dbc   0x000001b4   Code   RO          841    i.SSPx_PowerControl  ssp_lpc17xx.o
    0x00003f70   0x00003f70   0x0000015c   Code   RO          842    i.SSPx_Receive      ssp_lpc17xx.o
    0x000040cc   0x000040cc   0x00000154   Code   RO          843    i.SSPx_Send         ssp_lpc17xx.o
    0x00004220   0x00004220   0x00000152   Code   RO          844    i.SSPx_Transfer     ssp_lpc17xx.o
    0x00004372   0x00004372   0x00000070   Code   RO          845    i.SSPx_Uninitialize  ssp_lpc17xx.o
    0x000043e2   0x000043e2   0x00000002   PAD
    0x000043e4   0x000043e4   0x00000038   Code   RO         1221    i.Set_Channel_active_flag  gpdma_lpc17xx.o
    0x0000441c   0x0000441c   0x00000028   Code   RO          106    i.Subida            thread.o
    0x00004444   0x00004444   0x00000140   Code   RO         1402    i.SystemInit        system_lpc17xx.o
    0x00004584   0x00004584   0x000000f4   Code   RO          107    i.TIMER1            thread.o
    0x00004678   0x00004678   0x0000001c   Code   RO          108    i.Timer1_Callback   thread.o
    0x00004694   0x00004694   0x00000024   Code   RO          109    i.Timer2_Callback   thread.o
    0x000046b8   0x000046b8   0x00000010   Code   RO          998    i.UART0_IRQHandler  uart_lpc17xx.o
    0x000046c8   0x000046c8   0x00000018   Code   RO          999    i.USART0_Control    uart_lpc17xx.o
    0x000046e0   0x000046e0   0x00000014   Code   RO         1000    i.USART0_GPDMA_Rx_Event  uart_lpc17xx.o
    0x000046f4   0x000046f4   0x00000014   Code   RO         1001    i.USART0_GPDMA_Tx_Event  uart_lpc17xx.o
    0x00004708   0x00004708   0x00000010   Code   RO         1002    i.USART0_GetCapabilities  uart_lpc17xx.o
    0x00004718   0x00004718   0x00000010   Code   RO         1003    i.USART0_GetModemStatus  uart_lpc17xx.o
    0x00004728   0x00004728   0x00000010   Code   RO         1004    i.USART0_GetRxCount  uart_lpc17xx.o
    0x00004738   0x00004738   0x00000010   Code   RO         1005    i.USART0_GetStatus  uart_lpc17xx.o
    0x00004748   0x00004748   0x00000010   Code   RO         1006    i.USART0_GetTxCount  uart_lpc17xx.o
    0x00004758   0x00004758   0x00000014   Code   RO         1007    i.USART0_Initialize  uart_lpc17xx.o
    0x0000476c   0x0000476c   0x00000014   Code   RO         1008    i.USART0_PowerControl  uart_lpc17xx.o
    0x00004780   0x00004780   0x00000018   Code   RO         1009    i.USART0_Receive    uart_lpc17xx.o
    0x00004798   0x00004798   0x00000018   Code   RO         1010    i.USART0_Send       uart_lpc17xx.o
    0x000047b0   0x000047b0   0x00000014   Code   RO         1011    i.USART0_SetModemControl  uart_lpc17xx.o
    0x000047c4   0x000047c4   0x0000001c   Code   RO         1012    i.USART0_Transfer   uart_lpc17xx.o
    0x000047e0   0x000047e0   0x00000010   Code   RO         1013    i.USART0_Uninitialize  uart_lpc17xx.o
    0x000047f0   0x000047f0   0x00000644   Code   RO         1014    i.USART_Control     uart_lpc17xx.o
    0x00004e34   0x00004e34   0x00000086   Code   RO         1015    i.USART_GPDMA_Rx_Event  uart_lpc17xx.o
    0x00004eba   0x00004eba   0x0000004a   Code   RO         1016    i.USART_GPDMA_Tx_Event  uart_lpc17xx.o
    0x00004f04   0x00004f04   0x00000006   Code   RO         1017    i.USART_GetCapabilities  uart_lpc17xx.o
    0x00004f0a   0x00004f0a   0x000000b2   Code   RO         1018    i.USART_GetModemStatus  uart_lpc17xx.o
    0x00004fbc   0x00004fbc   0x0000001c   Code   RO         1019    i.USART_GetRxCount  uart_lpc17xx.o
    0x00004fd8   0x00004fd8   0x0000005e   Code   RO         1020    i.USART_GetStatus   uart_lpc17xx.o
    0x00005036   0x00005036   0x0000001c   Code   RO         1021    i.USART_GetTxCount  uart_lpc17xx.o
    0x00005052   0x00005052   0x0000021a   Code   RO         1022    i.USART_IRQHandler  uart_lpc17xx.o
    0x0000526c   0x0000526c   0x000000fe   Code   RO         1023    i.USART_Initialize  uart_lpc17xx.o
    0x0000536a   0x0000536a   0x00000002   PAD
    0x0000536c   0x0000536c   0x00000228   Code   RO         1024    i.USART_PowerControl  uart_lpc17xx.o
    0x00005594   0x00005594   0x00000110   Code   RO         1025    i.USART_Receive     uart_lpc17xx.o
    0x000056a4   0x000056a4   0x00000068   Code   RO         1026    i.USART_RxLineIntHandler  uart_lpc17xx.o
    0x0000570c   0x0000570c   0x0000019c   Code   RO         1027    i.USART_Send        uart_lpc17xx.o
    0x000058a8   0x000058a8   0x00000134   Code   RO         1028    i.USART_SetBaudrate  uart_lpc17xx.o
    0x000059dc   0x000059dc   0x000000a0   Code   RO         1029    i.USART_SetModemControl  uart_lpc17xx.o
    0x00005a7c   0x00005a7c   0x0000007a   Code   RO         1030    i.USART_Transfer    uart_lpc17xx.o
    0x00005af6   0x00005af6   0x000000e2   Code   RO         1031    i.USART_Uninitialize  uart_lpc17xx.o
    0x00005bd8   0x00005bd8   0x00000010   Code   RO         1032    i.USARTx_GetVersion  uart_lpc17xx.o
    0x00005be8   0x00005be8   0x00000028   Code   RO         2826    i.__ARM_fpclassify  m_ws.l(fpclassify.o)
    0x00005c10   0x00005c10   0x0000001c   Code   RO          653    i.__NVIC_ClearPendingIRQ  i2c_lpc17xx.o
    0x00005c2c   0x00005c2c   0x0000001c   Code   RO          846    i.__NVIC_ClearPendingIRQ  ssp_lpc17xx.o
    0x00005c48   0x00005c48   0x0000001c   Code   RO         1033    i.__NVIC_ClearPendingIRQ  uart_lpc17xx.o
    0x00005c64   0x00005c64   0x0000001c   Code   RO         1222    i.__NVIC_ClearPendingIRQ  gpdma_lpc17xx.o
    0x00005c80   0x00005c80   0x00000024   Code   RO          654    i.__NVIC_DisableIRQ  i2c_lpc17xx.o
    0x00005ca4   0x00005ca4   0x00000022   Code   RO          655    i.__NVIC_EnableIRQ  i2c_lpc17xx.o
    0x00005cc6   0x00005cc6   0x00000046   Code   RO         2531    i._init_box         RTX_CM3.lib(rt_membox.o)
    0x00005d0c   0x00005d0c   0x0000000e   Code   RO         2672    i._is_digit         c_w.l(__printf_wp.o)
    0x00005d1a   0x00005d1a   0x00000002   PAD
    0x00005d1c   0x00005d1c   0x00000020   Code   RO          567    i._mutex_acquire    rtx_conf_cm.o
    0x00005d3c   0x00005d3c   0x0000001c   Code   RO          569    i._mutex_release    rtx_conf_cm.o
    0x00005d58   0x00005d58   0x00000068   Code   RO          317    i.clear_lcd         lcd.o
    0x00005dc0   0x00005dc0   0x00000050   Code   RO          205    i.copy_to_lcd_linea_1  escritura.o
    0x00005e10   0x00005e10   0x00000058   Code   RO          206    i.copy_to_lcd_linea_2  escritura.o
    0x00005e68   0x00005e68   0x00000030   Code   RO         2584    i.dbg_init          RTX_CM3.lib(hal_cm.o)
    0x00005e98   0x00005e98   0x00000020   Code   RO         2585    i.dbg_task_notify   RTX_CM3.lib(hal_cm.o)
    0x00005eb8   0x00005eb8   0x00000010   Code   RO         2586    i.dbg_task_switch   RTX_CM3.lib(hal_cm.o)
    0x00005ec8   0x00005ec8   0x00000140   Code   RO          267    i.flag_joystick     joystick.o
    0x00006008   0x00006008   0x000000d8   Code   RO          268    i.inicio_joystick   joystick.o
    0x000060e0   0x000060e0   0x00000088   Code   RO          207    i.init              escritura.o
    0x00006168   0x00006168   0x00000014   Code   RO          378    i.initTimer0        pwm.o
    0x0000617c   0x0000617c   0x0000002a   Code   RO         1437    i.isrMessageGet     RTX_CM3.lib(rt_cmsis.o)
    0x000061a6   0x000061a6   0x0000002c   Code   RO         1438    i.isrMessagePut     RTX_CM3.lib(rt_cmsis.o)
    0x000061d2   0x000061d2   0x00000024   Code   RO         1440    i.isrSignalSet      RTX_CM3.lib(rt_cmsis.o)
    0x000061f6   0x000061f6   0x00000002   PAD
    0x000061f8   0x000061f8   0x00000028   Code   RO         2268    i.isr_evt_set       RTX_CM3.lib(rt_event.o)
    0x00006220   0x00006220   0x00000056   Code   RO         2386    i.isr_mbx_receive   RTX_CM3.lib(rt_mailbox.o)
    0x00006276   0x00006276   0x0000000e   Code   RO         2387    i.isr_mbx_send      RTX_CM3.lib(rt_mailbox.o)
    0x00006284   0x00006284   0x0000004c   Code   RO          208    i.lcd_reset         escritura.o
    0x000062d0   0x000062d0   0x00000022   Code   RO            4    i.main              main.o
    0x000062f2   0x000062f2   0x00000002   PAD
    0x000062f4   0x000062f4   0x00000098   Code   RO          110    i.medir_temp        thread.o
    0x0000638c   0x0000638c   0x00000024   Code   RO         1442    i.osKernelInitialize  RTX_CM3.lib(rt_cmsis.o)
    0x000063b0   0x000063b0   0x0000006c   Code   RO         1444    i.osKernelStart     RTX_CM3.lib(rt_cmsis.o)
    0x0000641c   0x0000641c   0x00000018   Code   RO         1453    i.osMessageGet      RTX_CM3.lib(rt_cmsis.o)
    0x00006434   0x00006434   0x00000018   Code   RO         1468    i.osSignalSet       RTX_CM3.lib(rt_cmsis.o)
    0x0000644c   0x0000644c   0x00000018   Code   RO         1469    i.osSignalWait      RTX_CM3.lib(rt_cmsis.o)
    0x00006464   0x00006464   0x0000002c   Code   RO         1470    i.osThreadCreate    RTX_CM3.lib(rt_cmsis.o)
    0x00006490   0x00006490   0x00000018   Code   RO         1471    i.osThreadExit      RTX_CM3.lib(rt_cmsis.o)
    0x000064a8   0x000064a8   0x00000018   Code   RO         1476    i.osThreadYield     RTX_CM3.lib(rt_cmsis.o)
    0x000064c0   0x000064c0   0x0000000c   Code   RO         1477    i.osTimerCall       RTX_CM3.lib(rt_cmsis.o)
    0x000064cc   0x000064cc   0x0000002c   Code   RO         1478    i.osTimerCreate     RTX_CM3.lib(rt_cmsis.o)
    0x000064f8   0x000064f8   0x00000018   Code   RO         1480    i.osTimerStart      RTX_CM3.lib(rt_cmsis.o)
    0x00006510   0x00006510   0x0000002c   Code   RO         1482    i.osTimerThread     RTX_CM3.lib(rt_cmsis.o)
    0x0000653c   0x0000653c   0x00000022   Code   RO          570    i.os_error          rtx_conf_cm.o
    0x0000655e   0x0000655e   0x00000004   Code   RO          571    i.os_idle_demon     rtx_conf_cm.o
    0x00006562   0x00006562   0x00000002   PAD
    0x00006564   0x00006564   0x00000028   Code   RO         2178    i.os_tick_init      RTX_CM3.lib(rt_system.o)
    0x0000658c   0x0000658c   0x00000002   Code   RO         2179    i.os_tick_irqack    RTX_CM3.lib(rt_system.o)
    0x0000658e   0x0000658e   0x00000010   Code   RO          439    i.retardo_1Ms       retardo.o
    0x0000659e   0x0000659e   0x0000000c   Code   RO          441    i.retardo_1us       retardo.o
    0x000065aa   0x000065aa   0x00000012   Code   RO          442    i.retardo_ms        retardo.o
    0x000065bc   0x000065bc   0x0000001a   Code   RO         2532    i.rt_alloc_box      RTX_CM3.lib(rt_membox.o)
    0x000065d6   0x000065d6   0x0000003e   Code   RO         2560    i.rt_alloc_mem      RTX_CM3.lib(rt_memory.o)
    0x00006614   0x00006614   0x00000038   Code   RO         2059    i.rt_block          RTX_CM3.lib(rt_task.o)
    0x0000664c   0x0000664c   0x00000048   Code   RO         2509    i.rt_chk_robin      RTX_CM3.lib(rt_robin.o)
    0x00006694   0x00006694   0x00000070   Code   RO         2310    i.rt_dec_dly        RTX_CM3.lib(rt_list.o)
    0x00006704   0x00006704   0x00000044   Code   RO         2060    i.rt_dispatch       RTX_CM3.lib(rt_task.o)
    0x00006748   0x00006748   0x00000050   Code   RO         2271    i.rt_evt_psh        RTX_CM3.lib(rt_event.o)
    0x00006798   0x00006798   0x0000005c   Code   RO         2272    i.rt_evt_set        RTX_CM3.lib(rt_event.o)
    0x000067f4   0x000067f4   0x0000003c   Code   RO         2273    i.rt_evt_wait       RTX_CM3.lib(rt_event.o)
    0x00006830   0x00006830   0x0000002c   Code   RO         2533    i.rt_free_box       RTX_CM3.lib(rt_membox.o)
    0x0000685c   0x0000685c   0x00000028   Code   RO         2561    i.rt_free_mem       RTX_CM3.lib(rt_memory.o)
    0x00006884   0x00006884   0x00000028   Code   RO         2311    i.rt_get_first      RTX_CM3.lib(rt_list.o)
    0x000068ac   0x000068ac   0x00000024   Code   RO         2312    i.rt_get_same_rdy_prio  RTX_CM3.lib(rt_list.o)
    0x000068d0   0x000068d0   0x00000008   Code   RO         1487    i.rt_id2obj         RTX_CM3.lib(rt_cmsis.o)
    0x000068d8   0x000068d8   0x00000048   Code   RO         2061    i.rt_init_context   RTX_CM3.lib(rt_task.o)
    0x00006920   0x00006920   0x0000001a   Code   RO         2562    i.rt_init_mem       RTX_CM3.lib(rt_memory.o)
    0x0000693a   0x0000693a   0x00000002   PAD
    0x0000693c   0x0000693c   0x00000018   Code   RO         2510    i.rt_init_robin     RTX_CM3.lib(rt_robin.o)
    0x00006954   0x00006954   0x00000080   Code   RO         2587    i.rt_init_stack     RTX_CM3.lib(hal_cm.o)
    0x000069d4   0x000069d4   0x00000008   Code   RO         2388    i.rt_mbx_check      RTX_CM3.lib(rt_mailbox.o)
    0x000069dc   0x000069dc   0x0000001a   Code   RO         2389    i.rt_mbx_init       RTX_CM3.lib(rt_mailbox.o)
    0x000069f6   0x000069f6   0x00000002   PAD
    0x000069f8   0x000069f8   0x000000f0   Code   RO         2390    i.rt_mbx_psh        RTX_CM3.lib(rt_mailbox.o)
    0x00006ae8   0x00006ae8   0x000000b4   Code   RO         2392    i.rt_mbx_wait       RTX_CM3.lib(rt_mailbox.o)
    0x00006b9c   0x00006b9c   0x00000044   Code   RO         1488    i.rt_ms2tick        RTX_CM3.lib(rt_cmsis.o)
    0x00006be0   0x00006be0   0x000000d8   Code   RO         2145    i.rt_mut_release    RTX_CM3.lib(rt_mutex.o)
    0x00006cb8   0x00006cb8   0x00000078   Code   RO         2146    i.rt_mut_wait       RTX_CM3.lib(rt_mutex.o)
    0x00006d30   0x00006d30   0x0000007c   Code   RO         2182    i.rt_pop_req        RTX_CM3.lib(rt_system.o)
    0x00006dac   0x00006dac   0x00000020   Code   RO         2183    i.rt_psh_req        RTX_CM3.lib(rt_system.o)
    0x00006dcc   0x00006dcc   0x0000005c   Code   RO         2313    i.rt_psq_enq        RTX_CM3.lib(rt_list.o)
    0x00006e28   0x00006e28   0x00000048   Code   RO         2314    i.rt_put_dly        RTX_CM3.lib(rt_list.o)
    0x00006e70   0x00006e70   0x00000036   Code   RO         2315    i.rt_put_prio       RTX_CM3.lib(rt_list.o)
    0x00006ea6   0x00006ea6   0x00000002   PAD
    0x00006ea8   0x00006ea8   0x00000014   Code   RO         2316    i.rt_put_rdy_first  RTX_CM3.lib(rt_list.o)
    0x00006ebc   0x00006ebc   0x00000034   Code   RO         2317    i.rt_resort_prio    RTX_CM3.lib(rt_list.o)
    0x00006ef0   0x00006ef0   0x00000006   Code   RO         2588    i.rt_ret_val        RTX_CM3.lib(hal_cm.o)
    0x00006ef6   0x00006ef6   0x00000008   Code   RO         2589    i.rt_ret_val2       RTX_CM3.lib(hal_cm.o)
    0x00006efe   0x00006efe   0x00000028   Code   RO         2318    i.rt_rmv_dly        RTX_CM3.lib(rt_list.o)
    0x00006f26   0x00006f26   0x00000002   PAD
    0x00006f28   0x00006f28   0x00000030   Code   RO         2319    i.rt_rmv_list       RTX_CM3.lib(rt_list.o)
    0x00006f58   0x00006f58   0x00000034   Code   RO         2437    i.rt_sem_psh        RTX_CM3.lib(rt_semaphore.o)
    0x00006f8c   0x00006f8c   0x00000024   Code   RO         2185    i.rt_stk_check      RTX_CM3.lib(rt_system.o)
    0x00006fb0   0x00006fb0   0x00000028   Code   RO         2062    i.rt_switch_req     RTX_CM3.lib(rt_task.o)
    0x00006fd8   0x00006fd8   0x000000cc   Code   RO         2063    i.rt_sys_init       RTX_CM3.lib(rt_task.o)
    0x000070a4   0x000070a4   0x00000078   Code   RO         2064    i.rt_sys_start      RTX_CM3.lib(rt_task.o)
    0x0000711c   0x0000711c   0x00000040   Code   RO         2187    i.rt_systick        RTX_CM3.lib(rt_system.o)
    0x0000715c   0x0000715c   0x00000012   Code   RO         1489    i.rt_tid2ptcb       RTX_CM3.lib(rt_cmsis.o)
    0x0000716e   0x0000716e   0x00000002   PAD
    0x00007170   0x00007170   0x00000034   Code   RO         1490    i.rt_timer_insert   RTX_CM3.lib(rt_cmsis.o)
    0x000071a4   0x000071a4   0x0000003c   Code   RO         1491    i.rt_timer_remove   RTX_CM3.lib(rt_cmsis.o)
    0x000071e0   0x000071e0   0x00000088   Code   RO         2065    i.rt_tsk_create     RTX_CM3.lib(rt_task.o)
    0x00007268   0x00007268   0x0000017c   Code   RO         2066    i.rt_tsk_delete     RTX_CM3.lib(rt_task.o)
    0x000073e4   0x000073e4   0x00000030   Code   RO         2067    i.rt_tsk_pass       RTX_CM3.lib(rt_task.o)
    0x00007414   0x00007414   0x0000007c   Code   RO         2068    i.rt_tsk_prio       RTX_CM3.lib(rt_task.o)
    0x00007490   0x00007490   0x00000010   Code   RO         2069    i.rt_tsk_self       RTX_CM3.lib(rt_task.o)
    0x000074a0   0x000074a0   0x00000070   Code   RO         1493    i.svcKernelInitialize  RTX_CM3.lib(rt_cmsis.o)
    0x00007510   0x00007510   0x00000048   Code   RO         1495    i.svcKernelStart    RTX_CM3.lib(rt_cmsis.o)
    0x00007558   0x00007558   0x00000024   Code   RO         1498    i.svcMessageCreate  RTX_CM3.lib(rt_cmsis.o)
    0x0000757c   0x0000757c   0x0000003a   Code   RO         1499    i.svcMessageGet     RTX_CM3.lib(rt_cmsis.o)
    0x000075b6   0x000075b6   0x00000024   Code   RO         1511    i.svcSignalSet      RTX_CM3.lib(rt_cmsis.o)
    0x000075da   0x000075da   0x00000002   PAD
    0x000075dc   0x000075dc   0x00000054   Code   RO         1512    i.svcSignalWait     RTX_CM3.lib(rt_cmsis.o)
    0x00007630   0x00007630   0x0000006c   Code   RO         1513    i.svcThreadCreate   RTX_CM3.lib(rt_cmsis.o)
    0x0000769c   0x0000769c   0x0000001c   Code   RO         1514    i.svcThreadGetId    RTX_CM3.lib(rt_cmsis.o)
    0x000076b8   0x000076b8   0x00000038   Code   RO         1517    i.svcThreadTerminate  RTX_CM3.lib(rt_cmsis.o)
    0x000076f0   0x000076f0   0x0000000a   Code   RO         1518    i.svcThreadYield    RTX_CM3.lib(rt_cmsis.o)
    0x000076fa   0x000076fa   0x00000018   Code   RO         1519    i.svcTimerCall      RTX_CM3.lib(rt_cmsis.o)
    0x00007712   0x00007712   0x00000002   PAD
    0x00007714   0x00007714   0x00000038   Code   RO         1520    i.svcTimerCreate    RTX_CM3.lib(rt_cmsis.o)
    0x0000774c   0x0000774c   0x00000064   Code   RO         1522    i.svcTimerStart     RTX_CM3.lib(rt_cmsis.o)
    0x000077b0   0x000077b0   0x0000005c   Code   RO         1528    i.sysTimerTick      RTX_CM3.lib(rt_cmsis.o)
    0x0000780c   0x0000780c   0x00000034   Code   RO          209    i.wr_cmd            escritura.o
    0x00007840   0x00007840   0x00000034   Code   RO          210    i.wr_dat            escritura.o
    0x00007874   0x00007874   0x0000002c   Code   RO         2822    locale$$code        c_w.l(lc_numeric_c.o)
    0x000078a0   0x000078a0   0x00000062   Code   RO         2698    x$fpl$d2f           fz_ws.l(d2f.o)
    0x00007902   0x00007902   0x00000002   PAD
    0x00007904   0x00007904   0x00000150   Code   RO         2700    x$fpl$dadd          fz_ws.l(daddsub_clz.o)
    0x00007a54   0x00007a54   0x000002b0   Code   RO         2707    x$fpl$ddiv          fz_ws.l(ddiv.o)
    0x00007d04   0x00007d04   0x00000026   Code   RO         2710    x$fpl$dfltu         fz_ws.l(dflt_clz.o)
    0x00007d2a   0x00007d2a   0x0000009c   Code   RO         2748    x$fpl$dnaninf       fz_ws.l(dnaninf.o)
    0x00007dc6   0x00007dc6   0x0000000c   Code   RO         2750    x$fpl$dretinf       fz_ws.l(dretinf.o)
    0x00007dd2   0x00007dd2   0x00000002   PAD
    0x00007dd4   0x00007dd4   0x000001d4   Code   RO         2702    x$fpl$dsub          fz_ws.l(daddsub_clz.o)
    0x00007fa8   0x00007fa8   0x00000056   Code   RO         2716    x$fpl$f2d           fz_ws.l(f2d.o)
    0x00007ffe   0x00007ffe   0x00000002   PAD
    0x00008000   0x00008000   0x000000c4   Code   RO         2718    x$fpl$fadd          fz_ws.l(faddsub_clz.o)
    0x000080c4   0x000080c4   0x00000018   Code   RO         2752    x$fpl$fcmpinf       fz_ws.l(fcmpi.o)
    0x000080dc   0x000080dc   0x00000068   Code   RO         2724    x$fpl$fleqf         fz_ws.l(fleqf.o)
    0x00008144   0x00008144   0x0000008c   Code   RO         2754    x$fpl$fnaninf       fz_ws.l(fnaninf.o)
    0x000081d0   0x000081d0   0x0000000a   Code   RO         2756    x$fpl$fretinf       fz_ws.l(fretinf.o)
    0x000081da   0x000081da   0x00000062   Code   RO         2726    x$fpl$frleqf        fz_ws.l(frleqf.o)
    0x0000823c   0x0000823c   0x000000ea   Code   RO         2720    x$fpl$fsub          fz_ws.l(faddsub_clz.o)
    0x00008326   0x00008326   0x00000004   Code   RO         2728    x$fpl$printf1       fz_ws.l(printf1.o)
    0x0000832a   0x0000832a   0x00000000   Code   RO         2758    x$fpl$usenofp       fz_ws.l(usenofp.o)
    0x0000832a   0x0000832a   0x00000002   PAD
    0x0000832c   0x0000832c   0x00000068   Data   RO          112    .constdata          thread.o
    0x00008394   0x00008394   0x00000b27   Data   RO          319    .constdata          lcd.o
    0x00008ebb   0x00008ebb   0x00000001   PAD
    0x00008ebc   0x00008ebc   0x00000068   Data   RO          573    .constdata          rtx_conf_cm.o
    0x00008f24   0x00008f24   0x00000064   Data   RO          657    .constdata          i2c_lpc17xx.o
    0x00008f88   0x00008f88   0x00000084   Data   RO          848    .constdata          ssp_lpc17xx.o
    0x0000900c   0x0000900c   0x000001d4   Data   RO         1035    .constdata          uart_lpc17xx.o
    0x000091e0   0x000091e0   0x00000094   Data   RO         2797    .constdata          c_w.l(bigflt0.o)
    0x00009274   0x00009274   0x00000030   Data   RO         2956    Region$$Table       anon$$obj.o
    0x000092a4   0x000092a4   0x0000001c   Data   RO         2821    locale$$data        c_w.l(lc_numeric_c.o)


    Execution Region RW_IRAM1 (Exec base: 0x10000000, Load base: 0x000092c0, Size: 0x00002290, Max: 0x00008000, ABSOLUTE)

    Exec Addr    Load Addr    Size         Type   Attr      Idx    E Section Name        Object

    0x10000000        -       0x00002290   Zero   RW          572    .bss                rtx_conf_cm.o


    Execution Region RW_IRAM2 (Exec base: 0x2007c000, Load base: 0x000092c0, Size: 0x00000798, Max: 0x00008000, ABSOLUTE)

    Exec Addr    Load Addr    Size         Type   Attr      Idx    E Section Name        Object

    0x2007c000   0x000092c0   0x00000064   Data   RW          113    .data               thread.o
    0x2007c064   0x00009324   0x00000004   Data   RW          211    .data               escritura.o
    0x2007c068   0x00009328   0x00000004   Data   RW          269    .data               joystick.o
    0x2007c06c   0x0000932c   0x00000004   Data   RW          320    .data               lcd.o
    0x2007c070   0x00009330   0x00000004   Data   RW          502    .data               rtc.o
    0x2007c074   0x00009334   0x00000014   Data   RW          574    .data               rtx_conf_cm.o
    0x2007c088   0x00009348   0x00000004   Data   RW          658    .data               i2c_lpc17xx.o
    0x2007c08c   0x0000934c   0x00000008   Data   RW          849    .data               ssp_lpc17xx.o
    0x2007c094   0x00009354   0x00000008   Data   RW         1224    .data               gpdma_lpc17xx.o
    0x2007c09c   0x0000935c   0x00000004   Data   RW         1403    .data               system_lpc17xx.o
    0x2007c0a0   0x00009360   0x00000008   Data   RW         1531    .data               RTX_CM3.lib(rt_cmsis.o)
    0x2007c0a8   0x00009368   0x00000008   Data   RW         2071    .data               RTX_CM3.lib(rt_task.o)
    0x2007c0b0   0x00009370   0x00000008   Data   RW         2190    .data               RTX_CM3.lib(rt_system.o)
    0x2007c0b8   0x00009378   0x00000004   Data   RW         2480    .data               RTX_CM3.lib(rt_time.o)
    0x2007c0bc   0x0000937c   0x00000008   Data   RW         2511    .data               RTX_CM3.lib(rt_robin.o)
    0x2007c0c4   0x00009384   0x00000001   Data   RW         2590    .data               RTX_CM3.lib(hal_cm.o)
    0x2007c0c5   0x00009385   0x00000003   PAD
    0x2007c0c8        -       0x000000e8   Zero   RW          111    .bss                thread.o
    0x2007c1b0        -       0x00000200   Zero   RW          318    .bss                lcd.o
    0x2007c3b0        -       0x00000024   Zero   RW          656    .bss                i2c_lpc17xx.o
    0x2007c3d4        -       0x0000002c   Zero   RW          847    .bss                ssp_lpc17xx.o
    0x2007c400        -       0x00000034   Zero   RW         1034    .bss                uart_lpc17xx.o
    0x2007c434        -       0x000000a0   Zero   RW         1223    .bss                gpdma_lpc17xx.o
    0x2007c4d4        -       0x00000034   Zero   RW         2070    .bss                RTX_CM3.lib(rt_task.o)
    0x2007c508        -       0x00000030   Zero   RW         2320    .bss                RTX_CM3.lib(rt_list.o)
    0x2007c538        -       0x00000060   Zero   RW         2648    .bss                c_w.l(libspace.o)
    0x2007c598        -       0x00000000   Zero   RW         1389    HEAP                startup_lpc17xx.o
    0x2007c598        -       0x00000200   Zero   RW         1388    STACK               startup_lpc17xx.o


==============================================================================

Image component sizes


      Code (inc. data)   RO Data    RW Data    ZI Data      Debug   Object Name

       484         30          0          4          0       3731   escritura.o
      1188         94          0          8        160       8714   gpdma_lpc17xx.o
        96          8          0          0          0       1270   gpio_lpc17xx.o
      2924        130        100          4         36      49616   i2c_lpc17xx.o
       692         82          0          4          0       1857   joystick.o
       836         58       2855          4        512       4574   lcd.o
        34          0          0          0          0      31389   main.o
       284         10          0          0          0       1540   pin_lpc17xx.o
       228         34          0          0          0       2716   pwm.o
        46          0          0          0          0       1265   retardo.o
       216         32          0          4          0       2362   rtc.o
       126         26        104         20       8848       9251   rtx_conf_cm.o
      3850        104        132          8         44      54591   ssp_lpc17xx.o
        64         26        204          0        512       1020   startup_lpc17xx.o
       320         18          0          4          0        827   system_lpc17xx.o
      2540        684        104        100        232      44534   thread.o
      5518        150        468          0         52      34403   uart_lpc17xx.o

    ----------------------------------------------------------------------
     19456       1486       4016        160      10396     253660   Object Totals
         0          0         48          0          0          0   (incl. Generated)
        10          0          1          0          0          0   (incl. Padding)

    ----------------------------------------------------------------------

      Code (inc. data)   RO Data    RW Data    ZI Data      Debug   Library Member Name

       238         24          0          1          0       3244   hal_cm.o
       304         36          0          0          0        756   hal_cm3.o
      1632        186          0          8          0      39986   rt_cmsis.o
       272         18          0          0          0       2606   rt_event.o
       566         44          0          0         48       8688   rt_list.o
       554         10          0          0          0       3889   rt_mailbox.o
       140          0          0          0          0       1889   rt_membox.o
       128          0          0          0          0       2267   rt_memory.o
       336         14          0          0          0       1623   rt_mutex.o
        96         22          0          8          0       1134   rt_robin.o
        52          4          0          0          0        565   rt_semaphore.o
       298         52          0          8          0       6139   rt_system.o
      1264        184          0          8         52      10023   rt_task.o
         0          0          0          4          0        206   rt_time.o
         4          4          0          0          0        196   svc_table.o
         8          0          0          0          0         68   __main.o
       284          0          0          0          0        156   __printf_wp.o
         0          0          0          0          0          0   __rtentry.o
        20          0          0          0          0          0   __rtentry2.o
         6          0          0          0          0          0   __rtentry4.o
        52          8          0          0          0          0   __scatter.o
        26          0          0          0          0          0   __scatter_copy.o
        28          0          0          0          0          0   __scatter_zi.o
        44          0          0          0          0        108   _printf_char.o
        48          6          0          0          0         96   _printf_char_common.o
         6          0          0          0          0          0   _printf_d.o
       120         16          0          0          0         92   _printf_dec.o
         6          0          0          0          0          0   _printf_f.o
      1054          0          0          0          0        216   _printf_fp_dec.o
       128         16          0          0          0         84   _printf_fp_infnan.o
       178          0          0          0          0         88   _printf_intcommon.o
         0          0          0          0          0          0   _printf_percent.o
         4          0          0          0          0          0   _printf_percent_end.o
         6          0          0          0          0          0   _printf_s.o
        82          0          0          0          0         80   _printf_str.o
        10          0          0          0          0         68   _sputc.o
       228          4        148          0          0         96   bigflt0.o
      1936        128          0          0          0        672   btod.o
        18          0          0          0          0         80   exit.o
         6          0          0          0          0        152   heapauxi.o
         0          0          0          0          0          0   indicate_semi.o
        44         10         28          0          0         76   lc_numeric_c.o
         2          0          0          0          0          0   libinit.o
        18          0          0          0          0          0   libinit2.o
         2          0          0          0          0          0   libshutdown.o
         2          0          0          0          0          0   libshutdown2.o
         8          4          0          0         96         68   libspace.o
       138          0          0          0          0         80   lludiv10.o
       238          0          0          0          0        100   lludivv7m.o
        40          6          0          0          0         84   noretval__2sprintf.o
        10          0          0          0          0         76   rt_locale_twolibspace.o
        78          0          0          0          0         80   rt_memclr_w.o
       100          0          0          0          0         80   rt_memcpy_w.o
         2          0          0          0          0          0   rtexit.o
        10          0          0          0          0          0   rtexit2.o
       128          0          0          0          0         68   strcmpv7m.o
        62          0          0          0          0         76   strlen.o
        12          4          0          0          0         68   sys_exit.o
        74          0          0          0          0         80   sys_stackheap_outer.o
         2          0          0          0          0         68   use_no_semi.o
        98          4          0          0          0         92   d2f.o
       804         16          0          0          0        272   daddsub_clz.o
       688        140          0          0          0        208   ddiv.o
        38          0          0          0          0         68   dflt_clz.o
       156          4          0          0          0         92   dnaninf.o
        12          0          0          0          0         68   dretinf.o
        86          4          0          0          0         84   f2d.o
       430          8          0          0          0        168   faddsub_clz.o
        24          0          0          0          0         68   fcmpi.o
       104          4          0          0          0         84   fleqf.o
       140          4          0          0          0         84   fnaninf.o
        10          0          0          0          0         68   fretinf.o
        98          0          0          0          0         68   frleqf.o
         4          0          0          0          0         68   printf1.o
         0          0          0          0          0          0   usenofp.o
        40          0          0          0          0         68   fpclassify.o

    ----------------------------------------------------------------------
     13920        984        176         40        196      87831   Library Totals
        36          0          0          3          0          0   (incl. Padding)

    ----------------------------------------------------------------------

      Code (inc. data)   RO Data    RW Data    ZI Data      Debug   Library Name

      5884        598          0         37        100      83211   RTX_CM3.lib
      5268        202        176          0         96       3060   c_w.l
      2692        184          0          0          0       1492   fz_ws.l
        40          0          0          0          0         68   m_ws.l

    ----------------------------------------------------------------------
     13920        984        176         40        196      87831   Library Totals

    ----------------------------------------------------------------------

==============================================================================


      Code (inc. data)   RO Data    RW Data    ZI Data      Debug   

     33376       2470       4192        200      10592     326771   Grand Totals
     33376       2470       4192        200      10592     326771   ELF Image Totals
     33376       2470       4192        200          0          0   ROM Totals

==============================================================================

    Total RO  Size (Code + RO Data)                37568 (  36.69kB)
    Total RW  Size (RW Data + ZI Data)             10792 (  10.54kB)
    Total ROM Size (Code + RO Data + RW Data)      37768 (  36.88kB)

==============================================================================

