Component: ARM Compiler 5.06 update 7 (build 960) Tool: armlink [4d3601]

==============================================================================

Section Cross References

    main.o(i.HAL_GetTick) refers to rtx_kernel.o(.text.osKernelGetState) for osKernelGetState
    main.o(i.HAL_GetTick) refers to rtx_kernel.o(.text.osKernelGetTickCount) for osKernelGetTickCount
    main.o(i.HAL_GetTick) refers to system_stm32f4xx.o(.data) for SystemCoreClock
    main.o(i.SystemClock_Config) refers to rt_memclr_w.o(.text) for __aeabi_memclr4
    main.o(i.SystemClock_Config) refers to stm32f4xx_hal_rcc.o(i.HAL_RCC_OscConfig) for HAL_RCC_OscConfig
    main.o(i.SystemClock_Config) refers to stm32f4xx_hal_pwr_ex.o(i.HAL_PWREx_EnableOverDrive) for HAL_PWREx_EnableOverDrive
    main.o(i.SystemClock_Config) refers to stm32f4xx_hal_rcc.o(i.HAL_RCC_ClockConfig) for HAL_RCC_ClockConfig
    main.o(i.app_main) refers to modemanager.o(i.ModeManager_Init) for ModeManager_Init
    main.o(i.app_main) refers to rtx_delay.o(.text.osDelay) for osDelay
    main.o(i.app_main) refers to rtx_thread.o(.text.osThreadNew) for osThreadNew
    main.o(i.app_main) refers to modemanager.o(i.ModeManager_Process) for ModeManager_Process
    main.o(i.app_main) refers to main.o(.constdata) for joystick_attr
    main.o(i.app_main) refers to joystick.o(i.Joystick_Thread) for Joystick_Thread
    main.o(i.app_main) refers to main.o(.data) for tid_joystick
    main.o(i.app_main) refers to usart.o(i.USART_Thread) for USART_Thread
    main.o(i.main) refers to stm32f4xx_hal.o(i.HAL_Init) for HAL_Init
    main.o(i.main) refers to main.o(i.SystemClock_Config) for SystemClock_Config
    main.o(i.main) refers to system_stm32f4xx.o(i.SystemCoreClockUpdate) for SystemCoreClockUpdate
    main.o(i.main) refers to delay.o(i.Init_Delay) for Init_Delay
    main.o(i.main) refers to rtx_kernel.o(.text.osKernelInitialize) for osKernelInitialize
    main.o(i.main) refers to rtx_thread.o(.text.osThreadNew) for osThreadNew
    main.o(i.main) refers to rtx_kernel.o(.text.osKernelStart) for osKernelStart
    main.o(i.main) refers to main.o(.constdata) for app_main_attr
    main.o(i.main) refers to main.o(i.app_main) for app_main
    main.o(i.main) refers to main.o(.data) for tid_app_main
    main.o(.constdata) refers to main.o(.conststring) for .conststring
    stm32f4xx_it.o(i.EXTI15_10_IRQHandler) refers to stm32f4xx_hal_gpio.o(i.HAL_GPIO_EXTI_IRQHandler) for HAL_GPIO_EXTI_IRQHandler
    adc.o(i.ADC1_Init) refers to stm32f4xx_hal_adc.o(i.HAL_ADC_Init) for HAL_ADC_Init
    adc.o(i.ADC1_Init) refers to rt_memclr_w.o(.text) for __aeabi_memclr4
    adc.o(i.ADC1_Init) refers to stm32f4xx_hal_gpio.o(i.HAL_GPIO_Init) for HAL_GPIO_Init
    adc.o(i.ADC1_Init) refers to adc.o(.bss) for hadc1
    adc.o(i.ADC_Read) refers to stm32f4xx_hal_adc.o(i.HAL_ADC_ConfigChannel) for HAL_ADC_ConfigChannel
    adc.o(i.ADC_Read) refers to stm32f4xx_hal_adc.o(i.HAL_ADC_Start) for HAL_ADC_Start
    adc.o(i.ADC_Read) refers to stm32f4xx_hal_adc.o(i.HAL_ADC_PollForConversion) for HAL_ADC_PollForConversion
    adc.o(i.ADC_Read) refers to stm32f4xx_hal_adc.o(i.HAL_ADC_GetValue) for HAL_ADC_GetValue
    adc.o(i.ADC_Read) refers to adc.o(.bss) for hadc1
    delay.o(i.Delay_ms) refers to delay.o(i.Delay_us) for Delay_us
    delay.o(i.Init_Delay) refers to stm32f4xx_hal_tim.o(i.HAL_TIM_Base_Init) for HAL_TIM_Base_Init
    delay.o(i.Init_Delay) refers to stm32f4xx_hal_tim.o(i.HAL_TIM_ConfigClockSource) for HAL_TIM_ConfigClockSource
    delay.o(i.Init_Delay) refers to stm32f4xx_hal_tim_ex.o(i.HAL_TIMEx_MasterConfigSynchronization) for HAL_TIMEx_MasterConfigSynchronization
    delay.o(i.Init_Delay) refers to stm32f4xx_hal_tim.o(i.HAL_TIM_Base_Start) for HAL_TIM_Base_Start
    delay.o(i.Init_Delay) refers to delay.o(.bss) for htim6
    highbrightled.o(i.HighBrightLED_Init) refers to stm32f4xx_hal_tim.o(i.HAL_TIM_PWM_Init) for HAL_TIM_PWM_Init
    highbrightled.o(i.HighBrightLED_Init) refers to rt_memclr_w.o(.text) for __aeabi_memclr4
    highbrightled.o(i.HighBrightLED_Init) refers to stm32f4xx_hal_tim.o(i.HAL_TIM_PWM_ConfigChannel) for HAL_TIM_PWM_ConfigChannel
    highbrightled.o(i.HighBrightLED_Init) refers to stm32f4xx_hal_gpio.o(i.HAL_GPIO_Init) for HAL_GPIO_Init
    highbrightled.o(i.HighBrightLED_Init) refers to stm32f4xx_hal_tim.o(i.HAL_TIM_PWM_Start) for HAL_TIM_PWM_Start
    highbrightled.o(i.HighBrightLED_Init) refers to highbrightled.o(.bss) for htim1
    highbrightled.o(i.HighBrightLED_SetDutyCycle) refers to highbrightled.o(.bss) for htim1
    joystick.o(i.HAL_GPIO_EXTI_Callback) refers to rtx_evflags.o(.text.osEventFlagsSet) for osEventFlagsSet
    joystick.o(i.HAL_GPIO_EXTI_Callback) refers to joystick.o(.data) for joy_event_flags
    joystick.o(i.Joystick_GetEvents) refers to joystick.o(.data) for joystick_events
    joystick.o(i.Joystick_Init) refers to rt_memclr_w.o(.text) for __aeabi_memclr4
    joystick.o(i.Joystick_Init) refers to stm32f4xx_hal_gpio.o(i.HAL_GPIO_Init) for HAL_GPIO_Init
[...]
    TIM_ETR_SetConfig                        0x0800ab73   Thumb Code    22  stm32f4xx_hal_tim.o(i.TIM_ETR_SetConfig)
    TIM_OC2_SetConfig                        0x0800ac0d   Thumb Code   114  stm32f4xx_hal_tim.o(i.TIM_OC2_SetConfig)
    USART3_IRQHandler                        0x0800ae0d   Thumb Code    10  usart_stm32f4xx.o(i.USART3_IRQHandler)
    USART_Callback                           0x0800aeb5   Thumb Code     2  usart.o(i.USART_Callback)
    USART_GetFrame                           0x0800b7ad   Thumb Code    28  usart.o(i.USART_GetFrame)
    USART_IRQHandler                         0x0800b8a5   Thumb Code   626  usart_stm32f4xx.o(i.USART_IRQHandler)
    USART_SendResponse                       0x0800c1d3   Thumb Code    74  usart.o(i.USART_SendResponse)
    USART_Thread                             0x0800c2a9   Thumb Code   190  usart.o(i.USART_Thread)
    UsageFault_Handler                       0x0800c6ed   Thumb Code     4  stm32f4xx_it.o(i.UsageFault_Handler)
    VEML7700_Init                            0x0800c6f1   Thumb Code    46  veml7700.o(i.VEML7700_Init)
    VEML7700_ReadLux                         0x0800c725   Thumb Code    26  veml7700.o(i.VEML7700_ReadLux)
    __ARM_fpclassify                         0x0800c7e5   Thumb Code    40  fpclassify.o(i.__ARM_fpclassify)
    __user_perthread_libspace                0x0800c845   Thumb Code    80  rtx_lib.o(i.__user_perthread_libspace)
    _is_digit                                0x0800c89d   Thumb Code    14  __printf_wp.o(i._is_digit)
    _mutex_acquire                           0x0800c8ab   Thumb Code    22  rtx_lib.o(i._mutex_acquire)
    _mutex_free                              0x0800c8c1   Thumb Code    12  rtx_lib.o(i._mutex_free)
    _mutex_initialize                        0x0800c8cd   Thumb Code    34  rtx_lib.o(i._mutex_initialize)
    _mutex_release                           0x0800c8ef   Thumb Code    18  rtx_lib.o(i._mutex_release)
    _platform_post_stackheap_init            0x0800c901   Thumb Code     8  rtx_lib.o(i._platform_post_stackheap_init)
    actualizar                               0x0800c909   Thumb Code   166  lcd.o(i.actualizar)
    apagar_LED_azul                          0x0800c9bd   Thumb Code    14  rgb.o(i.apagar_LED_azul)
    apagar_LED_rojo                          0x0800c9d1   Thumb Code    10  rgb.o(i.apagar_LED_rojo)
    apagar_LED_verde                         0x0800c9e1   Thumb Code    10  rgb.o(i.apagar_LED_verde)
    app_main                                 0x0800c9f1   Thumb Code    52  main.o(i.app_main)
    copy_to_lcd                              0x0800ca3d   Thumb Code    58  lcd.o(i.copy_to_lcd)
    encender_LED_azul                        0x0800ca7d   Thumb Code    40  rgb.o(i.encender_LED_azul)
    encender_LED_rojo                        0x0800cac9   Thumb Code    24  rgb.o(i.encender_LED_rojo)
    encender_LED_verde                       0x0800cb01   Thumb Code    24  rgb.o(i.encender_LED_verde)
    _fputc$unlocked                          0x0800cb3d   Thumb Code    26  fputc.o(i.fputc)
    getHora                                  0x0800cb59   Thumb Code    28  rtc.o(i.getHora)
    getMin                                   0x0800cb81   Thumb Code    28  rtc.o(i.getMin)
    getSeg                                   0x0800cba9   Thumb Code    28  rtc.o(i.getSeg)
    initRGB                                  0x0800cbd1   Thumb Code   358  rgb.o(i.initRGB)
    init_USART                               0x0800cd49   Thumb Code    78  usart.o(i.init_USART)
    intensidad_LED_azul                      0x0800cda5   Thumb Code    12  rgb.o(i.intensidad_LED_azul)
    intensidad_LED_rojo                      0x0800cdb1   Thumb Code     8  rgb.o(i.intensidad_LED_rojo)
    lcd_clean                                0x0800cdbd   Thumb Code    26  lcd.o(i.lcd_clean)
    main                                     0x0800cddd   Thumb Code    46  main.o(i.main)
    osRtxErrorNotify                         0x0800ce19   Thumb Code    32  rtx_config.o(i.osRtxErrorNotify)
    osRtxIdleThread                          0x0800ce39   Thumb Code     4  rtx_config.o(i.osRtxIdleThread)
    setFecha                                 0x0800ce5d   Thumb Code    56  rtc.o(i.setFecha)
    setHora                                  0x0800cebd   Thumb Code    62  rtc.o(i.setHora)
    tx_USART                                 0x0800cf21   Thumb Code    40  usart.o(i.tx_USART)
    wr_cmd                                   0x0800cf4d   Thumb Code    86  lcd.o(i.wr_cmd)
    wr_data                                  0x0800cfb1   Thumb Code    86  lcd.o(i.wr_data)
    _get_lc_numeric                          0x0800d015   Thumb Code    44  lc_numeric_c.o(locale$$code)
    _get_lc_ctype                            0x0800d041   Thumb Code    44  lc_ctype_c.o(locale$$code)
    __fpl_dcmp_Inf                           0x0800d06d   Thumb Code    24  dcmpi.o(x$fpl$dcmpinf)
    __aeabi_cdcmple                          0x0800d085   Thumb Code     0  dleqf.o(x$fpl$dleqf)
    _dcmple                                  0x0800d085   Thumb Code   120  dleqf.o(x$fpl$dleqf)
    __fpl_dcmple_InfNaN                      0x0800d0e7   Thumb Code     0  dleqf.o(x$fpl$dleqf)
    __fpl_dnaninf                            0x0800d0fd   Thumb Code   156  dnaninf.o(x$fpl$dnaninf)
    __fpl_dretinf                            0x0800d199   Thumb Code    12  dretinf.o(x$fpl$dretinf)
    __aeabi_cdrcmple                         0x0800d1a5   Thumb Code     0  drleqf.o(x$fpl$drleqf)
    _drcmple                                 0x0800d1a5   Thumb Code   108  drleqf.o(x$fpl$drleqf)
    __aeabi_f2d                              0x0800d211   Thumb Code     0  f2d.o(x$fpl$f2d)
    _f2d                                     0x0800d211   Thumb Code    86  f2d.o(x$fpl$f2d)
    __aeabi_fadd                             0x0800d269   Thumb Code     0  faddsub_clz.o(x$fpl$fadd)
    _fadd                                    0x0800d269   Thumb Code   196  faddsub_clz.o(x$fpl$fadd)
    __fpl_fcmp_Inf                           0x0800d32d   Thumb Code    24  fcmpi.o(x$fpl$fcmpinf)
    __aeabi_fdiv                             0x0800d345   Thumb Code     0  fdiv.o(x$fpl$fdiv)
    _fdiv                                    0x0800d345   Thumb Code   384  fdiv.o(x$fpl$fdiv)
    __aeabi_f2iz                             0x0800d4c9   Thumb Code     0  ffix.o(x$fpl$ffix)
    _ffix                                    0x0800d4c9   Thumb Code    54  ffix.o(x$fpl$ffix)
    __aeabi_f2uiz                            0x0800d501   Thumb Code     0  ffixu.o(x$fpl$ffixu)
    _ffixu                                   0x0800d501   Thumb Code    62  ffixu.o(x$fpl$ffixu)
    __aeabi_ui2f                             0x0800d541   Thumb Code     0  fflt_clz.o(x$fpl$ffltu)
    _ffltu                                   0x0800d541   Thumb Code    38  fflt_clz.o(x$fpl$ffltu)
    __aeabi_cfcmple                          0x0800d569   Thumb Code     0  fleqf.o(x$fpl$fleqf)
    _fcmple                                  0x0800d569   Thumb Code   104  fleqf.o(x$fpl$fleqf)
    __fpl_fcmple_InfNaN                      0x0800d5bb   Thumb Code     0  fleqf.o(x$fpl$fleqf)
    __aeabi_fmul                             0x0800d5d1   Thumb Code     0  fmul.o(x$fpl$fmul)
    _fmul                                    0x0800d5d1   Thumb Code   258  fmul.o(x$fpl$fmul)
    __fpl_fnaninf                            0x0800d6d3   Thumb Code   140  fnaninf.o(x$fpl$fnaninf)
    __fpl_fretinf                            0x0800d75f   Thumb Code    10  fretinf.o(x$fpl$fretinf)
    __aeabi_cfrcmple                         0x0800d769   Thumb Code     0  frleqf.o(x$fpl$frleqf)
    _frcmple                                 0x0800d769   Thumb Code    98  frleqf.o(x$fpl$frleqf)
    __aeabi_frsub                            0x0800d7cb   Thumb Code     0  faddsub_clz.o(x$fpl$frsb)
    _frsb                                    0x0800d7cb   Thumb Code    20  faddsub_clz.o(x$fpl$frsb)
    __aeabi_fsub                             0x0800d7e1   Thumb Code     0  faddsub_clz.o(x$fpl$fsub)
    _fsub                                    0x0800d7e1   Thumb Code   234  faddsub_clz.o(x$fpl$fsub)
    _printf_fp_dec                           0x0800d8cb   Thumb Code     4  printf1.o(x$fpl$printf1)
    __I$use$fp                               0x0800d8ce   Number         0  usenofp.o(x$fpl$usenofp)
    app_main_attr                            0x0800d8d0   Data          36  main.o(.constdata)
    joystick_attr                            0x0800d8f4   Data          36  main.o(.constdata)
    usart_attr                               0x0800d918   Data          36  main.o(.constdata)
    Arial12x12                               0x0800d93c   Data        2400  lcd.o(.constdata)
    irqRtxLibRef                             0x0800e320   Data           4  rtx_lib.o(.constdata)
    osRtxUserSVC                             0x0800e324   Data           4  rtx_lib.o(.constdata)
    Driver_I2C1                              0x0800e360   Data          48  i2c_stm32f4xx.o(.constdata)
    Driver_SPI1                              0x0800e3e4   Data          44  spi_stm32f4xx.o(.constdata)
    Driver_USART3                            0x0800e460   Data          56  usart_stm32f4xx.o(.constdata)
    AHBPrescTable                            0x0800e4a0   Data          16  system_stm32f4xx.o(.constdata)
    APBPrescTable                            0x0800e4b0   Data           8  system_stm32f4xx.o(.constdata)
    __stdin_name                             0x0800e588   Data           4  sys_io.o(.constdata)
    __stdout_name                            0x0800e58c   Data           4  sys_io.o(.constdata)
    __stderr_name                            0x0800e590   Data           4  sys_io.o(.constdata)
    osRtxConfig                              0x0800e690   Data         112  rtx_lib.o(.rodata)
    os_cb_sections                           0x0800e700   Data          56  rtx_lib.o(.rodata)
    irqRtxLib                                0x0800e738   Number         0  irq_armv7m.o(.rodata)
    Region$$Table$$Base                      0x0800e748   Number         0  anon$$obj.o(Region$$Table)
    Region$$Table$$Limit                     0x0800e768   Number         0  anon$$obj.o(Region$$Table)
    __ctype                                  0x0800e791   Data           0  lc_ctype_c.o(locale$$data)
    .bss.os.msgqueue.cb$$Base                0x20008230   Number         0  rtx_lib.o(.bss.os.msgqueue.cb)
    .bss.os.msgqueue.cb$$Limit               0x20008264   Number         0  rtx_lib.o(.bss.os.msgqueue.cb)
    .bss.os.thread.cb$$Base                  0x200082b4   Number         0  rtx_lib.o(.bss.os.thread.cb)
    .bss.os.thread.cb$$Limit                 0x2000833c   Number         0  rtx_lib.o(.bss.os.thread.cb)
    tid_app_main                             0x20008740   Data           4  main.o(.data)
    tid_joystick                             0x20008744   Data           4  main.o(.data)
    tid_usart                                0x20008748   Data           4  main.o(.data)
    XBEE_Tx                                  0x20008758   Data           8  lcd.o(.data)
    XBEE_Rx                                  0x20008760   Data           8  lcd.o(.data)
    XBEE_STATUS                              0x20008768   Data           8  lcd.o(.data)
    XBEE_NRST                                0x20008770   Data           8  lcd.o(.data)
    SW_CENTER                                0x20008778   Data           8  lcd.o(.data)
    LED_RED                                  0x20008780   Data           8  lcd.o(.data)
    SPEAKER                                  0x20008788   Data           8  lcd.o(.data)
    LCD_A0                                   0x20008790   Data           8  lcd.o(.data)
    LED_BLUE                                 0x20008798   Data           8  lcd.o(.data)
    LED_GREEN                                0x200087a0   Data           8  lcd.o(.data)
    LCD_CS_N                                 0x200087a8   Data           8  lcd.o(.data)
    LCD_MOSI                                 0x200087b0   Data           8  lcd.o(.data)
    LCD_RESET                                0x200087b8   Data           8  lcd.o(.data)
    LCD_SCK                                  0x200087c0   Data           8  lcd.o(.data)
    SDA                                      0x200087c8   Data           8  lcd.o(.data)
    SCL                                      0x200087d0   Data           8  lcd.o(.data)
    SW_RIGHT                                 0x200087d8   Data           8  lcd.o(.data)
    SW_LEFT                                  0x200087e0   Data           8  lcd.o(.data)
    SW_DOWN                                  0x200087e8   Data           8  lcd.o(.data)
    SW_UP                                    0x200087f0   Data           8  lcd.o(.data)
    POT_2                                    0x200087f8   Data           8  lcd.o(.data)
    POT_3                                    0x20008800   Data           8  lcd.o(.data)
    posicionL1                               0x20008808   Data           1  lcd.o(.data)
    posicionL2                               0x2000880a   Data           2  lcd.o(.data)
    comienzo                                 0x2000880c   Data           2  lcd.o(.data)
    j                                        0x20008810   Data           4  lcd.o(.data)
    recoger1                                 0x20008814   Data           1  lcd.o(.data)
    recoger2                                 0x20008816   Data           2  lcd.o(.data)
    SPIdrv                                   0x20008818   Data           4  lcd.o(.data)
    sDate                                    0x200088ac   Data           4  rtc.o(.data)
    uwTick                                   0x200088c0   Data           4  stm32f4xx_hal.o(.data)
    uwTickPrio                               0x200088c4   Data           4  stm32f4xx_hal.o(.data)
    uwTickFreq                               0x200088c8   Data           1  stm32f4xx_hal.o(.data)
    SystemCoreClock                          0x200088cc   Data           4  system_stm32f4xx.o(.data)
    __aeabi_stdin                            0x200088d0   Data           4  stdio_streams.o(.data)
    __aeabi_stdout                           0x200088d4   Data           4  stdio_streams.o(.data)
    __aeabi_stderr                           0x200088d8   Data           4  stdio_streams.o(.data)
    _stream_list_lock                        0x200088dc   Data           4  streamlock.o(.data)
    osRtxInfo                                0x200088e0   Data         164  rtx_kernel.o(.data.os)
    hadc1                                    0x20008984   Data          72  adc.o(.bss)
    htim6                                    0x200089cc   Data          64  delay.o(.bss)
    htim1                                    0x20008a0c   Data          64  highbrightled.o(.bss)
    buffer                                   0x20008a4c   Data         512  lcd.o(.bss)
    L1                                       0x20008c4c   Data         128  lcd.o(.bss)
    L2                                       0x20008ccc   Data         128  lcd.o(.bss)
    htim4                                    0x2000924c   Data          64  rgb.o(.bss)
    hrtc                                     0x2000928c   Data          32  rtc.o(.bss)
    sTime                                    0x200092ac   Data          20  rtc.o(.bss)
    __stdin                                  0x2000934c   Data          84  stdio_streams.o(.bss)
    __stdout                                 0x200093a0   Data          84  stdio_streams.o(.bss)
    __stderr                                 0x200093f4   Data          84  stdio_streams.o(.bss)
    __libspace_start                         0x20009448   Data          96  libspace.o(.bss)
    __temporary_stack_top$libspace           0x200094a8   Data           0  libspace.o(.bss)



==============================================================================

Memory Map of the image

  Image Entry point : 0x080001ad

  Load Region LR_IROM1 (Base: 0x08000000, Size: 0x00017218, Max: 0x00200000, ABSOLUTE, COMPRESSED[0x0000ea3c])

    Execution Region ER_IROM1 (Exec base: 0x08000000, Load base: 0x08000000, Size: 0x0000e894, Max: 0x00200000, ABSOLUTE)

    Exec Addr    Load Addr    Size         Type   Attr      Idx    E Section Name        Object

    0x08000000   0x08000000   0x000001ac   Data   RO         5713    RESET               startup_stm32f429xx.o
    0x080001ac   0x080001ac   0x00000008   Code   RO         6365  * !!!main             c_w.l(__main.o)
    0x080001b4   0x080001b4   0x00000034   Code   RO         6841    !!!scatter          c_w.l(__scatter.o)
    0x080001e8   0x080001e8   0x0000005a   Code   RO         6839    !!dczerorl2         c_w.l(__dczerorl2.o)
    0x08000242   0x08000242   0x00000002   PAD
    0x08000244   0x08000244   0x0000001c   Code   RO         6843    !!handler_zi        c_w.l(__scatter_zi.o)
    0x08000260   0x08000260   0x00000000   Code   RO         6344    .ARM.Collect$$_printf_percent$$00000000  c_w.l(_printf_percent.o)
    0x08000260   0x08000260   0x00000006   Code   RO         6343    .ARM.Collect$$_printf_percent$$00000003  c_w.l(_printf_f.o)
    0x08000266   0x08000266   0x00000006   Code   RO         6341    .ARM.Collect$$_printf_percent$$00000009  c_w.l(_printf_d.o)
    0x0800026c   0x0800026c   0x00000006   Code   RO         6342    .ARM.Collect$$_printf_percent$$0000000A  c_w.l(_printf_u.o)
    0x08000272   0x08000272   0x00000006   Code   RO         6340    .ARM.Collect$$_printf_percent$$0000000C  c_w.l(_printf_x.o)
    0x08000278   0x08000278   0x00000004   Code   RO         6425    .ARM.Collect$$_printf_percent$$00000017  c_w.l(_printf_percent_end.o)
    0x0800027c   0x0800027c   0x00000002   Code   RO         6636    .ARM.Collect$$libinit$$00000000  c_w.l(libinit.o)
    0x0800027e   0x0800027e   0x00000000   Code   RO         6638    .ARM.Collect$$libinit$$00000002  c_w.l(libinit2.o)
    0x0800027e   0x0800027e   0x00000000   Code   RO         6640    .ARM.Collect$$libinit$$00000004  c_w.l(libinit2.o)
    0x0800027e   0x0800027e   0x00000008   Code   RO         6641    .ARM.Collect$$libinit$$00000005  c_w.l(libinit2.o)
    0x08000286   0x08000286   0x00000000   Code   RO         6643    .ARM.Collect$$libinit$$0000000A  c_w.l(libinit2.o)
    0x08000286   0x08000286   0x00000000   Code   RO         6645    .ARM.Collect$$libinit$$0000000C  c_w.l(libinit2.o)
    0x08000286   0x08000286   0x00000000   Code   RO         6647    .ARM.Collect$$libinit$$0000000E  c_w.l(libinit2.o)
    0x08000286   0x08000286   0x00000006   Code   RO         6648    .ARM.Collect$$libinit$$0000000F  c_w.l(libinit2.o)
    0x0800028c   0x0800028c   0x00000000   Code   RO         6650    .ARM.Collect$$libinit$$00000011  c_w.l(libinit2.o)
    0x0800028c   0x0800028c   0x0000000c   Code   RO         6651    .ARM.Collect$$libinit$$00000012  c_w.l(libinit2.o)
    0x08000298   0x08000298   0x00000000   Code   RO         6652    .ARM.Collect$$libinit$$00000013  c_w.l(libinit2.o)
    0x08000298   0x08000298   0x00000000   Code   RO         6654    .ARM.Collect$$libinit$$00000015  c_w.l(libinit2.o)
    0x08000298   0x08000298   0x0000000a   Code   RO         6655    .ARM.Collect$$libinit$$00000016  c_w.l(libinit2.o)
    0x080002a2   0x080002a2   0x00000000   Code   RO         6656    .ARM.Collect$$libinit$$00000017  c_w.l(libinit2.o)
    0x080002a2   0x080002a2   0x00000000   Code   RO         6658    .ARM.Collect$$libinit$$00000019  c_w.l(libinit2.o)
    0x080002a2   0x080002a2   0x00000000   Code   RO         6660    .ARM.Collect$$libinit$$0000001B  c_w.l(libinit2.o)
    0x080002a2   0x080002a2   0x00000000   Code   RO         6662    .ARM.Collect$$libinit$$0000001D  c_w.l(libinit2.o)
    0x080002a2   0x080002a2   0x00000000   Code   RO         6664    .ARM.Collect$$libinit$$0000001F  c_w.l(libinit2.o)
    0x080002a2   0x080002a2   0x00000000   Code   RO         6666    .ARM.Collect$$libinit$$00000021  c_w.l(libinit2.o)
    0x080002a2   0x080002a2   0x00000000   Code   RO         6668    .ARM.Collect$$libinit$$00000023  c_w.l(libinit2.o)
    0x080002a2   0x080002a2   0x00000004   Code   RO         6669    .ARM.Collect$$libinit$$00000024  c_w.l(libinit2.o)
    0x080002a6   0x080002a6   0x00000000   Code   RO         6670    .ARM.Collect$$libinit$$00000025  c_w.l(libinit2.o)
    0x080002a6   0x080002a6   0x00000000   Code   RO         6674    .ARM.Collect$$libinit$$0000002C  c_w.l(libinit2.o)
    0x080002a6   0x080002a6   0x00000000   Code   RO         6676    .ARM.Collect$$libinit$$0000002E  c_w.l(libinit2.o)
    0x080002a6   0x080002a6   0x00000000   Code   RO         6678    .ARM.Collect$$libinit$$00000030  c_w.l(libinit2.o)
    0x080002a6   0x080002a6   0x00000000   Code   RO         6680    .ARM.Collect$$libinit$$00000032  c_w.l(libinit2.o)
    0x080002a6   0x080002a6   0x00000002   Code   RO         6681    .ARM.Collect$$libinit$$00000033  c_w.l(libinit2.o)
    0x080002a8   0x080002a8   0x00000002   Code   RO         6820    .ARM.Collect$$libshutdown$$00000000  c_w.l(libshutdown.o)
    0x080002aa   0x080002aa   0x00000000   Code   RO         6683    .ARM.Collect$$libshutdown$$00000002  c_w.l(libshutdown2.o)
    0x080002aa   0x080002aa   0x00000000   Code   RO         6685    .ARM.Collect$$libshutdown$$00000004  c_w.l(libshutdown2.o)
    0x080002aa   0x080002aa   0x00000004   Code   RO         6686    .ARM.Collect$$libshutdown$$00000005  c_w.l(libshutdown2.o)
    0x080002ae   0x080002ae   0x00000000   Code   RO         6687    .ARM.Collect$$libshutdown$$00000006  c_w.l(libshutdown2.o)
    0x080002ae   0x080002ae   0x00000000   Code   RO         6690    .ARM.Collect$$libshutdown$$00000009  c_w.l(libshutdown2.o)
    0x080002ae   0x080002ae   0x00000000   Code   RO         6693    .ARM.Collect$$libshutdown$$0000000C  c_w.l(libshutdown2.o)
    0x080002ae   0x080002ae   0x00000000   Code   RO         6695    .ARM.Collect$$libshutdown$$0000000E  c_w.l(libshutdown2.o)
    0x080002ae   0x080002ae   0x00000004   Code   RO         6696    .ARM.Collect$$libshutdown$$0000000F  c_w.l(libshutdown2.o)
    0x080002b2   0x080002b2   0x00000000   Code   RO         6698    .ARM.Collect$$libshutdown$$00000011  c_w.l(libshutdown2.o)
    0x080002b2   0x080002b2   0x00000002   Code   RO         6699    .ARM.Collect$$libshutdown$$00000012  c_w.l(libshutdown2.o)
    0x080002b4   0x080002b4   0x00000000   Code   RO         6403    .ARM.Collect$$rtentry$$00000000  c_w.l(__rtentry.o)
    0x080002b4   0x080002b4   0x00000000   Code   RO         6455    .ARM.Collect$$rtentry$$00000002  c_w.l(__rtentry2.o)
    0x080002b4   0x080002b4   0x00000006   Code   RO         6467    .ARM.Collect$$rtentry$$00000004  c_w.l(__rtentry4.o)
    0x080002ba   0x080002ba   0x00000008   Code   RO         6456    .ARM.Collect$$rtentry$$00000008  c_w.l(__rtentry2.o)
    0x080002c2   0x080002c2   0x00000004   Code   RO         6458    .ARM.Collect$$rtentry$$0000000A  c_w.l(__rtentry2.o)
    0x080002c6   0x080002c6   0x00000000   Code   RO         6460    .ARM.Collect$$rtentry$$0000000C  c_w.l(__rtentry2.o)
    0x080002c6   0x080002c6   0x00000008   Code   RO         6461    .ARM.Collect$$rtentry$$0000000D  c_w.l(__rtentry2.o)
    0x080002ce   0x080002ce   0x00000002   Code   RO         6705    .ARM.Collect$$rtexit$$00000000  c_w.l(rtexit.o)
    0x080002d0   0x080002d0   0x00000000   Code   RO         6763    .ARM.Collect$$rtexit$$00000002  c_w.l(rtexit2.o)
    0x080002d0   0x080002d0   0x00000004   Code   RO         6764    .ARM.Collect$$rtexit$$00000003  c_w.l(rtexit2.o)
    0x080002d4   0x080002d4   0x00000006   Code   RO         6765    .ARM.Collect$$rtexit$$00000004  c_w.l(rtexit2.o)
    0x080002da   0x080002da   0x00000002   PAD
    0x080002dc   0x080002dc   0x00000000   Code   RO         6770    .emb_text           c_w.l(maybetermalloc2.o)
    0x080002dc   0x080002dc   0x00000040   Code   RO         5714    .text               startup_stm32f429xx.o
    0x0800031c   0x0800031c   0x00000094   Code   RO         6167    .text               RTX_CM3.lib(irq_armv7m.o)
    0x080003b0   0x080003b0   0x000000ee   Code   RO         6283    .text               c_w.l(lludivv7m.o)
    0x0800049e   0x0800049e   0x00000002   PAD
    0x080004a0   0x080004a0   0x00000018   Code   RO         6289    .text               c_w.l(noretval__2printf.o)
    0x080004b8   0x080004b8   0x00000028   Code   RO         6291    .text               c_w.l(noretval__2sprintf.o)
    0x080004e0   0x080004e0   0x0000004e   Code   RO         6295    .text               c_w.l(_printf_pad.o)
    0x0800052e   0x0800052e   0x00000002   PAD
    0x08000530   0x08000530   0x00000078   Code   RO         6297    .text               c_w.l(_printf_dec.o)
    0x080005a8   0x080005a8   0x00000058   Code   RO         6302    .text               c_w.l(_printf_hex_int.o)
    0x08000600   0x08000600   0x00000188   Code   RO         6337    .text               c_w.l(__printf_flags_ss_wp.o)
    0x08000788   0x08000788   0x0000003c   Code   RO         6345    .text               c_w.l(__0sscanf.o)
    0x080007c4   0x080007c4   0x0000014c   Code   RO         6347    .text               c_w.l(_scanf_int.o)
    0x08000910   0x08000910   0x0000001a   Code   RO         6349    .text               c_w.l(atoi.o)
    0x0800092a   0x0800092a   0x00000048   Code   RO         6351    .text               c_w.l(strcpy.o)
    0x08000972   0x08000972   0x0000003e   Code   RO         6353    .text               c_w.l(strlen.o)
    0x080009b0   0x080009b0   0x0000008a   Code   RO         6355    .text               c_w.l(rt_memcpy_v6.o)
    0x08000a3a   0x08000a3a   0x00000064   Code   RO         6357    .text               c_w.l(rt_memcpy_w.o)
    0x08000a9e   0x08000a9e   0x00000044   Code   RO         6359    .text               c_w.l(rt_memclr.o)
    0x08000ae2   0x08000ae2   0x0000004e   Code   RO         6361    .text               c_w.l(rt_memclr_w.o)
    0x08000b30   0x08000b30   0x00000006   Code   RO         6363    .text               c_w.l(heapauxi.o)
    0x08000b36   0x08000b36   0x00000004   Code   RO         6413    .text               c_w.l(rt_errno_addr_twolibspace.o)
    0x08000b3a   0x08000b3a   0x000000b2   Code   RO         6415    .text               c_w.l(_printf_intcommon.o)
    0x08000bec   0x08000bec   0x0000041e   Code   RO         6417    .text               c_w.l(_printf_fp_dec.o)
    0x0800100a   0x0800100a   0x00000002   PAD
    0x0800100c   0x0800100c   0x00000030   Code   RO         6419    .text               c_w.l(_printf_char_common.o)
    0x0800103c   0x0800103c   0x0000000a   Code   RO         6421    .text               c_w.l(_sputc.o)
    0x08001046   0x08001046   0x0000001c   Code   RO         6426    .text               c_w.l(_chval.o)
    0x08001062   0x08001062   0x00000002   PAD
    0x08001064   0x08001064   0x0000002c   Code   RO         6428    .text               c_w.l(scanf_char.o)
    0x08001090   0x08001090   0x00000040   Code   RO         6430    .text               c_w.l(_sgetc.o)
    0x080010d0   0x080010d0   0x00000070   Code   RO         6432    .text               c_w.l(strtol.o)
    0x08001140   0x08001140   0x00000008   Code   RO         6451    .text               c_w.l(libspace.o)
    0x08001148   0x08001148   0x00000010   Code   RO         6469    .text               c_w.l(rt_ctype_table.o)
    0x08001158   0x08001158   0x0000000a   Code   RO         6478    .text               c_w.l(rt_locale_twolibspace.o)
    0x08001162   0x08001162   0x0000008a   Code   RO         6480    .text               c_w.l(lludiv10.o)
    0x080011ec   0x080011ec   0x00000012   Code   RO         6482    .text               c_w.l(isspace.o)
    0x080011fe   0x080011fe   0x00000002   PAD
    0x08001200   0x08001200   0x00000080   Code   RO         6484    .text               c_w.l(_printf_fp_infnan.o)
    0x08001280   0x08001280   0x00000374   Code   RO         6488    .text               c_w.l(_scanf.o)
    0x080015f4   0x080015f4   0x0000009e   Code   RO         6490    .text               c_w.l(_strtoul.o)
    0x08001692   0x08001692   0x00000002   PAD
    0x08001694   0x08001694   0x000000e4   Code   RO         6492    .text               c_w.l(bigflt0.o)
    0x08001778   0x08001778   0x000001c8   Code   RO         6529    .text               c_w.l(initio_locked.o)
    0x08001940   0x08001940   0x00000066   Code   RO         6542    .text               c_w.l(sys_io.o)
    0x080019a6   0x080019a6   0x0000004a   Code   RO         6547    .text               c_w.l(sys_stackheap_outer.o)
    0x080019f0   0x080019f0   0x00000076   Code   RO         6553    .text               c_w.l(h1_free_mt.o)
    0x08001a66   0x08001a66   0x000001d6   Code   RO         6605    .text               c_w.l(flsbuf.o)
    0x08001c3c   0x08001c3c   0x0000004c   Code   RO         6612    .text               c_w.l(fclose.o)
    0x08001c88   0x08001c88   0x00000068   Code   RO         6614    .text               c_w.l(setvbuf_locked.o)
    0x08001cf0   0x08001cf0   0x00000144   Code   RO         6616    .text               c_w.l(fopen_locked.o)
    0x08001e34   0x08001e34   0x00000012   Code   RO         6621    .text               c_w.l(exit.o)
    0x08001e46   0x08001e46   0x0000000e   Code   RO         6627    .text               c_w.l(defsig_rtred_outer.o)
    0x08001e54   0x08001e54   0x00000080   Code   RO         6631    .text               c_w.l(strcmpv7m.o)
    0x08001ed4   0x08001ed4   0x00000002   Code   RO         6702    .text               c_w.l(use_no_semi.o)
    0x08001ed6   0x08001ed6   0x00000000   Code   RO         6704    .text               c_w.l(indicate_semi.o)
    0x08001ed6   0x08001ed6   0x0000000a   Code   RO         6714    .text               c_w.l(rt_heap_descriptor_twolibspace.o)
    0x08001ee0   0x08001ee0   0x00000004   Code   RO         6716    .text               c_w.l(hguard.o)
    0x08001ee4   0x08001ee4   0x0000008a   Code   RO         6718    .text               c_w.l(init_alloc.o)
    0x08001f6e   0x08001f6e   0x0000009e   Code   RO         6726    .text               c_w.l(h1_alloc_mt.o)
    0x0800200c   0x0800200c   0x00000040   Code   RO         6738    .text               c_w.l(_printf_char_file_locked.o)
    0x0800204c   0x0800204c   0x000000f8   Code   RO         6740    .text               c_w.l(fseek.o)
    0x08002144   0x08002144   0x000000f0   Code   RO         6742    .text               c_w.l(stdio.o)
    0x08002234   0x08002234   0x0000000a   Code   RO         6748    .text               c_w.l(defsig_exit.o)
    0x0800223e   0x0800223e   0x00000002   PAD
    0x08002240   0x08002240   0x00000034   Code   RO         6752    .text               c_w.l(defsig_rtred_inner.o)
    0x08002274   0x08002274   0x0000000c   Code   RO         6760    .text               c_w.l(sys_exit.o)
    0x08002280   0x08002280   0x00000012   Code   RO         6775    .text               c_w.l(h1_init_mt.o)
    0x08002292   0x08002292   0x0000003e   Code   RO         6777    .text               c_w.l(h1_extend_mt.o)
    0x080022d0   0x080022d0   0x00000042   Code   RO         6783    .text               c_w.l(ftell.o)
    0x08002312   0x08002312   0x00000032   Code   RO         6791    .text               c_w.l(defsig_general.o)
    0x08002344   0x08002344   0x0000000e   Code   RO         6793    .text               c_w.l(defsig_rtmem_outer.o)
    0x08002352   0x08002352   0x0000000e   Code   RO         6806    .text               c_w.l(sys_wrch.o)
    0x08002360   0x08002360   0x00000010   Code   RO         6812    .text               c_w.l(term_alloc.o)
    0x08002370   0x08002370   0x00000050   Code   RO         6814    .text               c_w.l(defsig_rtmem_inner.o)
    0x080023c0   0x080023c0   0x0000000a   Code   RO         6823    .text               c_w.l(h1_final_mt.o)
    0x080023ca   0x080023ca   0x00000064   Code   RO         6054    .text.EventFlagsCheck  RTX_CM3.lib(rtx_evflags.o)
    0x0800242e   0x0800242e   0x00000040   Code   RO         6150    .text.MessageQueueGet  RTX_CM3.lib(rtx_msgqueue.o)
    0x0800246e   0x0800246e   0x00000058   Code   RO         6144    .text.MessageQueuePut  RTX_CM3.lib(rtx_msgqueue.o)
    0x080024c6   0x080024c6   0x0000001c   Code   RO         6142    .text.MessageQueueRemove  RTX_CM3.lib(rtx_msgqueue.o)
    0x080024e2   0x080024e2   0x00000002   PAD
    0x080024e4   0x080024e4   0x0000000c   Code   RO         6261    .text.OS_Tick_AcknowledgeIRQ  RTX_CM3.lib(os_systick.o)
    0x080024f0   0x080024f0   0x0000002c   Code   RO         6257    .text.OS_Tick_Enable  RTX_CM3.lib(os_systick.o)
    0x0800251c   0x0800251c   0x00000006   Code   RO         6263    .text.OS_Tick_GetIRQn  RTX_CM3.lib(os_systick.o)
    0x08002522   0x08002522   0x00000002   PAD
    0x08002524   0x08002524   0x00000040   Code   RO         6255    .text.OS_Tick_Setup  RTX_CM3.lib(os_systick.o)
    0x08002564   0x08002564   0x0000000c   Code   RO         5814    .text.OUTLINED_FUNCTION_0  RTX_CM3.lib(rtx_kernel.o)
    0x08002570   0x08002570   0x0000000c   Code   RO         6158    .text.OUTLINED_FUNCTION_0  RTX_CM3.lib(rtx_msgqueue.o)
    0x0800257c   0x0800257c   0x00000006   Code   RO         5816    .text.OUTLINED_FUNCTION_1  RTX_CM3.lib(rtx_kernel.o)
    0x08002582   0x08002582   0x00000064   Code   RO         5908    .text.ThreadFlagsCheck  RTX_CM3.lib(rtx_thread.o)
    0x080025e6   0x080025e6   0x00000002   PAD
    0x080025e8   0x080025e8   0x00000048   Code   RO         6008    .text.TimerInsert   RTX_CM3.lib(rtx_timer.o)
    0x08002630   0x08002630   0x00000024   Code   RO         5974    .text.osDelay       RTX_CM3.lib(rtx_delay.o)
    0x08002654   0x08002654   0x00000024   Code   RO         6032    .text.osEventFlagsNew  RTX_CM3.lib(rtx_evflags.o)
    0x08002678   0x08002678   0x0000004c   Code   RO         6036    .text.osEventFlagsSet  RTX_CM3.lib(rtx_evflags.o)
    0x080026c4   0x080026c4   0x00000044   Code   RO         6046    .text.osEventFlagsWait  RTX_CM3.lib(rtx_evflags.o)
    0x08002708   0x08002708   0x00000030   Code   RO         5766    .text.osKernelGetState  RTX_CM3.lib(rtx_kernel.o)
    0x08002738   0x08002738   0x00000028   Code   RO         5782    .text.osKernelGetTickCount  RTX_CM3.lib(rtx_kernel.o)
    0x08002760   0x08002760   0x0000002c   Code   RO         5760    .text.osKernelInitialize  RTX_CM3.lib(rtx_kernel.o)
    0x0800278c   0x0800278c   0x00000024   Code   RO         5770    .text.osKernelStart  RTX_CM3.lib(rtx_kernel.o)
    0x080027b0   0x080027b0   0x00000070   Code   RO         6118    .text.osMessageQueueGet  RTX_CM3.lib(rtx_msgqueue.o)
    0x08002820   0x08002820   0x00000024   Code   RO         6112    .text.osMessageQueueNew  RTX_CM3.lib(rtx_msgqueue.o)
    0x08002844   0x08002844   0x00000080   Code   RO         6116    .text.osMessageQueuePut  RTX_CM3.lib(rtx_msgqueue.o)
    0x080028c4   0x080028c4   0x00000024   Code   RO         6080    .text.osMutexAcquire  RTX_CM3.lib(rtx_mutex.o)
    0x080028e8   0x080028e8   0x00000024   Code   RO         6086    .text.osMutexDelete  RTX_CM3.lib(rtx_mutex.o)
    0x0800290c   0x0800290c   0x00000024   Code   RO         6076    .text.osMutexNew    RTX_CM3.lib(rtx_mutex.o)
    0x08002930   0x08002930   0x00000024   Code   RO         6082    .text.osMutexRelease  RTX_CM3.lib(rtx_mutex.o)
    0x08002954   0x08002954   0x00000032   Code   RO         6052    .text.osRtxEventFlagsPostProcess  RTX_CM3.lib(rtx_evflags.o)
    0x08002986   0x08002986   0x00000004   Code   RO         5758    .text.osRtxKernelErrorNotify  RTX_CM3.lib(rtx_kernel.o)
    0x0800298a   0x0800298a   0x00000002   Code   RO         5756    .text.osRtxKernelPreInit  RTX_CM3.lib(rtx_kernel.o)
    0x0800298c   0x0800298c   0x0000006c   Code   RO         6177    .text.osRtxMemoryAlloc  RTX_CM3.lib(rtx_memory.o)
    0x080029f8   0x080029f8   0x00000042   Code   RO         6179    .text.osRtxMemoryFree  RTX_CM3.lib(rtx_memory.o)
    0x08002a3a   0x08002a3a   0x00000036   Code   RO         6175    .text.osRtxMemoryInit  RTX_CM3.lib(rtx_memory.o)
    0x08002a70   0x08002a70   0x0000003a   Code   RO         6191    .text.osRtxMemoryPoolAlloc  RTX_CM3.lib(rtx_mempool.o)
    0x08002aaa   0x08002aaa   0x0000004a   Code   RO         6193    .text.osRtxMemoryPoolFree  RTX_CM3.lib(rtx_mempool.o)
    0x08002af4   0x08002af4   0x00000038   Code   RO         6189    .text.osRtxMemoryPoolInit  RTX_CM3.lib(rtx_mempool.o)
    0x08002b2c   0x08002b2c   0x000000aa   Code   RO         6140    .text.osRtxMessageQueuePostProcess  RTX_CM3.lib(rtx_msgqueue.o)
    0x08002bd6   0x08002bd6   0x00000002   PAD
    0x08002bd8   0x08002bd8   0x00000028   Code   RO         6108    .text.osRtxMessageQueueTimerSetup  RTX_CM3.lib(rtx_msgqueue.o)
    0x08002c00   0x08002c00   0x00000048   Code   RO         6072    .text.osRtxMutexOwnerRelease  RTX_CM3.lib(rtx_mutex.o)
    0x08002c48   0x08002c48   0x00000042   Code   RO         6074    .text.osRtxMutexOwnerRestore  RTX_CM3.lib(rtx_mutex.o)
    0x08002c8a   0x08002c8a   0x00000002   PAD
    0x08002c8c   0x08002c8c   0x0000008c   Code   RO         6243    .text.osRtxPendSV_Handler  RTX_CM3.lib(rtx_system.o)
    0x08002d18   0x08002d18   0x00000074   Code   RO         6245    .text.osRtxPostProcess  RTX_CM3.lib(rtx_system.o)
    0x08002d8c   0x08002d8c   0x00000038   Code   RO         5848    .text.osRtxThreadBlock  RTX_CM3.lib(rtx_thread.o)
    0x08002dc4   0x08002dc4   0x00000080   Code   RO         5856    .text.osRtxThreadDelayInsert  RTX_CM3.lib(rtx_thread.o)
    0x08002e44   0x08002e44   0x00000040   Code   RO         5852    .text.osRtxThreadDelayRemove  RTX_CM3.lib(rtx_thread.o)
    0x08002e84   0x08002e84   0x0000004c   Code   RO         5838    .text.osRtxThreadDelayTick  RTX_CM3.lib(rtx_thread.o)
    0x08002ed0   0x08002ed0   0x00000024   Code   RO         5940    .text.osRtxThreadDestroy  RTX_CM3.lib(rtx_thread.o)
    0x08002ef4   0x08002ef4   0x00000054   Code   RO         5846    .text.osRtxThreadDispatch  RTX_CM3.lib(rtx_thread.o)
    0x08002f48   0x08002f48   0x00000058   Code   RO         5932    .text.osRtxThreadFree  RTX_CM3.lib(rtx_thread.o)
    0x08002fa0   0x08002fa0   0x0000001e   Code   RO         5938    .text.osRtxThreadJoinWakeup  RTX_CM3.lib(rtx_thread.o)
    0x08002fbe   0x08002fbe   0x00000012   Code   RO         5830    .text.osRtxThreadListGet  RTX_CM3.lib(rtx_thread.o)
    0x08002fd0   0x08002fd0   0x0000002c   Code   RO         5828    .text.osRtxThreadListPut  RTX_CM3.lib(rtx_thread.o)
    0x08002ffc   0x08002ffc   0x00000014   Code   RO         5834    .text.osRtxThreadListRemove  RTX_CM3.lib(rtx_thread.o)
    0x08003010   0x08003010   0x0000000c   Code   RO         5840    .text.osRtxThreadListRoot  RTX_CM3.lib(rtx_thread.o)
    0x0800301c   0x0800301c   0x00000026   Code   RO         5832    .text.osRtxThreadListSort  RTX_CM3.lib(rtx_thread.o)
    0x08003042   0x08003042   0x00000028   Code   RO         5906    .text.osRtxThreadPostProcess  RTX_CM3.lib(rtx_thread.o)
    0x0800306a   0x0800306a   0x00000002   PAD
    0x0800306c   0x0800306c   0x00000014   Code   RO         5836    .text.osRtxThreadReadyPut  RTX_CM3.lib(rtx_thread.o)
    0x08003080   0x08003080   0x00000006   Code   RO         5842    .text.osRtxThreadRegPtr  RTX_CM3.lib(rtx_thread.o)
    0x08003086   0x08003086   0x00000002   PAD
    0x08003088   0x08003088   0x0000003c   Code   RO         5858    .text.osRtxThreadStartup  RTX_CM3.lib(rtx_thread.o)
    0x080030c4   0x080030c4   0x00000010   Code   RO         5844    .text.osRtxThreadSwitch  RTX_CM3.lib(rtx_thread.o)
    0x080030d4   0x080030d4   0x0000003c   Code   RO         5854    .text.osRtxThreadWaitEnter  RTX_CM3.lib(rtx_thread.o)
    0x08003110   0x08003110   0x00000022   Code   RO         5850    .text.osRtxThreadWaitExit  RTX_CM3.lib(rtx_thread.o)
    0x08003132   0x08003132   0x00000002   PAD
    0x08003134   0x08003134   0x00000078   Code   RO         6241    .text.osRtxTick_Handler  RTX_CM3.lib(rtx_system.o)
    0x080031ac   0x080031ac   0x00000020   Code   RO         5990    .text.osRtxTimerSetup  RTX_CM3.lib(rtx_timer.o)
    0x080031cc   0x080031cc   0x00000020   Code   RO         5994    .text.osRtxTimerThread  RTX_CM3.lib(rtx_timer.o)
    0x080031ec   0x080031ec   0x00000070   Code   RO         5992    .text.osRtxTimerTick  RTX_CM3.lib(rtx_timer.o)
    0x0800325c   0x0800325c   0x0000000c   Code   RO         5890    .text.osThreadExit  RTX_CM3.lib(rtx_thread.o)
    0x08003268   0x08003268   0x00000028   Code   RO         5866    .text.osThreadGetId  RTX_CM3.lib(rtx_thread.o)
    0x08003290   0x08003290   0x00000024   Code   RO         5862    .text.osThreadNew   RTX_CM3.lib(rtx_thread.o)
    0x080032b4   0x080032b4   0x00000016   Code   RO         5978    .text.svcRtxDelay   RTX_CM3.lib(rtx_delay.o)
    0x080032ca   0x080032ca   0x00000002   PAD
    0x080032cc   0x080032cc   0x0000006c   Code   RO         6050    .text.svcRtxEventFlagsNew  RTX_CM3.lib(rtx_evflags.o)
    0x08003338   0x08003338   0x00000080   Code   RO         6058    .text.svcRtxEventFlagsSet  RTX_CM3.lib(rtx_evflags.o)
    0x080033b8   0x080033b8   0x0000005c   Code   RO         6060    .text.svcRtxEventFlagsWait  RTX_CM3.lib(rtx_evflags.o)
    0x08003414   0x08003414   0x0000000c   Code   RO         5768    .text.svcRtxKernelGetState  RTX_CM3.lib(rtx_kernel.o)
    0x08003420   0x08003420   0x0000000c   Code   RO         5784    .text.svcRtxKernelGetTickCount  RTX_CM3.lib(rtx_kernel.o)
    0x0800342c   0x0800342c   0x00000100   Code   RO         5798    .text.svcRtxKernelInitialize  RTX_CM3.lib(rtx_kernel.o)
    0x0800352c   0x0800352c   0x00000088   Code   RO         5800    .text.svcRtxKernelStart  RTX_CM3.lib(rtx_kernel.o)
    0x080035b4   0x080035b4   0x000000d8   Code   RO         6152    .text.svcRtxMessageQueueGet  RTX_CM3.lib(rtx_msgqueue.o)
    0x0800368c   0x0800368c   0x00000118   Code   RO         6110    .text.svcRtxMessageQueueNew  RTX_CM3.lib(rtx_msgqueue.o)
    0x080037a4   0x080037a4   0x000000b4   Code   RO         6148    .text.svcRtxMessageQueuePut  RTX_CM3.lib(rtx_msgqueue.o)
    0x08003858   0x08003858   0x00000090   Code   RO         6092    .text.svcRtxMutexAcquire  RTX_CM3.lib(rtx_mutex.o)
    0x080038e8   0x080038e8   0x000000b0   Code   RO         6098    .text.svcRtxMutexDelete  RTX_CM3.lib(rtx_mutex.o)
    0x08003998   0x08003998   0x00000068   Code   RO         6088    .text.svcRtxMutexNew  RTX_CM3.lib(rtx_mutex.o)
    0x08003a00   0x08003a00   0x000000b4   Code   RO         6094    .text.svcRtxMutexRelease  RTX_CM3.lib(rtx_mutex.o)
    0x08003ab4   0x08003ab4   0x0000004c   Code   RO         5936    .text.svcRtxThreadExit  RTX_CM3.lib(rtx_thread.o)
    0x08003b00   0x08003b00   0x0000000c   Code   RO         5868    .text.svcRtxThreadGetId  RTX_CM3.lib(rtx_thread.o)
    0x08003b0c   0x08003b0c   0x000001ec   Code   RO         5860    .text.svcRtxThreadNew  RTX_CM3.lib(rtx_thread.o)
    0x08003cf8   0x08003cf8   0x0000003e   Code   RO         6495    CL$$btod_d2e        c_w.l(btod.o)
    0x08003d36   0x08003d36   0x00000046   Code   RO         6497    CL$$btod_d2e_denorm_low  c_w.l(btod.o)
    0x08003d7c   0x08003d7c   0x00000060   Code   RO         6496    CL$$btod_d2e_norm_op1  c_w.l(btod.o)
    0x08003ddc   0x08003ddc   0x00000338   Code   RO         6505    CL$$btod_div_common  c_w.l(btod.o)
    0x08004114   0x08004114   0x000000dc   Code   RO         6502    CL$$btod_e2e        c_w.l(btod.o)
    0x080041f0   0x080041f0   0x0000002a   Code   RO         6499    CL$$btod_ediv       c_w.l(btod.o)
    0x0800421a   0x0800421a   0x0000002a   Code   RO         6498    CL$$btod_emul       c_w.l(btod.o)
    0x08004244   0x08004244   0x00000244   Code   RO         6504    CL$$btod_mult_common  c_w.l(btod.o)
    0x08004488   0x08004488   0x000000e0   Code   RO          280    i.ADC1_Init         adc.o
    0x08004568   0x08004568   0x00000160   Code   RO         1953    i.ADC_Init          stm32f4xx_hal_adc.o
    0x080046c8   0x080046c8   0x00000040   Code   RO          281    i.ADC_Read          adc.o
    0x08004708   0x08004708   0x00000004   Code   RO          213    i.BusFault_Handler  stm32f4xx_it.o
    0x0800470c   0x0800470c   0x00000034   Code   RO         2365    i.DMA_CalcBaseAndBitshift  stm32f4xx_hal_dma.o
    0x08004740   0x08004740   0x000000aa   Code   RO         2366    i.DMA_CheckFifoParam  stm32f4xx_hal_dma.o
    0x080047ea   0x080047ea   0x0000002c   Code   RO         2367    i.DMA_SetConfig     stm32f4xx_hal_dma.o
    0x08004816   0x08004816   0x00000002   Code   RO          214    i.DebugMon_Handler  stm32f4xx_it.o
    0x08004818   0x08004818   0x0000009c   Code   RO         1400    i.Disable_SPI_Clock  spi_stm32f4xx.o
    0x080048b4   0x080048b4   0x0000002c   Code   RO          215    i.EXTI15_10_IRQHandler  stm32f4xx_it.o
    0x080048e0   0x080048e0   0x000001d8   Code   RO         1229    i.Enable_GPIO_Clock  i2c_stm32f4xx.o
    0x08004ab8   0x08004ab8   0x000001d8   Code   RO         1401    i.Enable_GPIO_Clock  spi_stm32f4xx.o
    0x08004c90   0x08004c90   0x00000184   Code   RO         1570    i.Enable_GPIO_Clock  usart_stm32f4xx.o
    0x08004e14   0x08004e14   0x0000010c   Code   RO         1402    i.Enable_SPI_Clock  spi_stm32f4xx.o
    0x08004f20   0x08004f20   0x00000090   Code   RO          435    i.EscribeLetra_L1   lcd.o
    0x08004fb0   0x08004fb0   0x00000094   Code   RO          436    i.EscribeLetra_L2   lcd.o
    0x08005044   0x08005044   0x000000dc   Code   RO          437    i.GPIO_INIT         lcd.o
    0x08005120   0x08005120   0x00000034   Code   RO          438    i.GetStringWidth    lcd.o
    0x08005154   0x08005154   0x000001a4   Code   RO         1955    i.HAL_ADC_ConfigChannel  stm32f4xx_hal_adc.o
    0x080052f8   0x080052f8   0x00000008   Code   RO         1962    i.HAL_ADC_GetValue  stm32f4xx_hal_adc.o
    0x08005300   0x08005300   0x00000068   Code   RO         1964    i.HAL_ADC_Init      stm32f4xx_hal_adc.o
    0x08005368   0x08005368   0x000000b4   Code   RO          914    i.HAL_ADC_MspInit   stm32f4xx_hal_msp.o
    0x0800541c   0x0800541c   0x000000c2   Code   RO         1968    i.HAL_ADC_PollForConversion  stm32f4xx_hal_adc.o
    0x080054de   0x080054de   0x00000002   PAD
    0x080054e0   0x080054e0   0x0000013c   Code   RO         1970    i.HAL_ADC_Start     stm32f4xx_hal_adc.o
    0x0800561c   0x0800561c   0x000000aa   Code   RO         2368    i.HAL_DMA_Abort     stm32f4xx_hal_dma.o
    0x080056c6   0x080056c6   0x00000028   Code   RO         2369    i.HAL_DMA_Abort_IT  stm32f4xx_hal_dma.o
    0x080056ee   0x080056ee   0x00000002   PAD
    0x080056f0   0x080056f0   0x000000ec   Code   RO         2374    i.HAL_DMA_Init      stm32f4xx_hal_dma.o
    0x080057dc   0x080057dc   0x00000092   Code   RO         2378    i.HAL_DMA_Start_IT  stm32f4xx_hal_dma.o
    0x0800586e   0x0800586e   0x00000002   PAD
    0x08005870   0x08005870   0x00000028   Code   RO         1759    i.HAL_Delay         stm32f4xx_hal.o
    0x08005898   0x08005898   0x00000180   Code   RO         2512    i.HAL_GPIO_DeInit   stm32f4xx_hal_gpio.o
    0x08005a18   0x08005a18   0x00000014   Code   RO          391    i.HAL_GPIO_EXTI_Callback  joystick.o
    0x08005a2c   0x08005a2c   0x0000001c   Code   RO         2514    i.HAL_GPIO_EXTI_IRQHandler  stm32f4xx_hal_gpio.o
    0x08005a48   0x08005a48   0x0000021c   Code   RO         2515    i.HAL_GPIO_Init     stm32f4xx_hal_gpio.o
    0x08005c64   0x08005c64   0x00000010   Code   RO         2517    i.HAL_GPIO_ReadPin  stm32f4xx_hal_gpio.o
    0x08005c74   0x08005c74   0x0000000c   Code   RO         2519    i.HAL_GPIO_WritePin  stm32f4xx_hal_gpio.o
    0x08005c80   0x08005c80   0x00000028   Code   RO            5    i.HAL_GetTick       main.o
    0x08005ca8   0x08005ca8   0x00000030   Code   RO         1774    i.HAL_Init          stm32f4xx_hal.o
    0x08005cd8   0x08005cd8   0x0000004c   Code   RO         1775    i.HAL_InitTick      stm32f4xx_hal.o
    0x08005d24   0x08005d24   0x00000002   Code   RO          916    i.HAL_MspInit       stm32f4xx_hal_msp.o
    0x08005d26   0x08005d26   0x00000002   PAD
    0x08005d28   0x08005d28   0x00000024   Code   RO         2228    i.HAL_NVIC_ClearPendingIRQ  stm32f4xx_hal_cortex.o
    0x08005d4c   0x08005d4c   0x0000002c   Code   RO         2229    i.HAL_NVIC_DisableIRQ  stm32f4xx_hal_cortex.o
    0x08005d78   0x08005d78   0x00000028   Code   RO         2230    i.HAL_NVIC_EnableIRQ  stm32f4xx_hal_cortex.o
    0x08005da0   0x08005da0   0x0000007c   Code   RO         2236    i.HAL_NVIC_SetPriority  stm32f4xx_hal_cortex.o
    0x08005e1c   0x08005e1c   0x00000028   Code   RO         2237    i.HAL_NVIC_SetPriorityGrouping  stm32f4xx_hal_cortex.o
    0x08005e44   0x08005e44   0x0000008c   Code   RO         3236    i.HAL_PWREx_EnableOverDrive  stm32f4xx_hal_pwr_ex.o
    0x08005ed0   0x08005ed0   0x0000000c   Code   RO         3112    i.HAL_PWR_DisableBkUpAccess  stm32f4xx_hal_pwr.o
    0x08005edc   0x08005edc   0x0000000c   Code   RO         3117    i.HAL_PWR_EnableBkUpAccess  stm32f4xx_hal_pwr.o
    0x08005ee8   0x08005ee8   0x00000304   Code   RO         3410    i.HAL_RCCEx_PeriphCLKConfig  stm32f4xx_hal_rcc_ex.o
    0x080061ec   0x080061ec   0x00000184   Code   RO         3303    i.HAL_RCC_ClockConfig  stm32f4xx_hal_rcc.o
    0x08006370   0x08006370   0x0000000c   Code   RO         3308    i.HAL_RCC_GetHCLKFreq  stm32f4xx_hal_rcc.o
    0x0800637c   0x0800637c   0x00000020   Code   RO         3310    i.HAL_RCC_GetPCLK1Freq  stm32f4xx_hal_rcc.o
    0x0800639c   0x0800639c   0x00000020   Code   RO         3311    i.HAL_RCC_GetPCLK2Freq  stm32f4xx_hal_rcc.o
    0x080063bc   0x080063bc   0x000000b0   Code   RO         3312    i.HAL_RCC_GetSysClockFreq  stm32f4xx_hal_rcc.o
    0x0800646c   0x0800646c   0x00000488   Code   RO         3315    i.HAL_RCC_OscConfig  stm32f4xx_hal_rcc.o
    0x080068f4   0x080068f4   0x00000012   Code   RO         3609    i.HAL_RTCEx_BKUPRead  stm32f4xx_hal_rtc_ex.o
    0x08006906   0x08006906   0x00000012   Code   RO         3610    i.HAL_RTCEx_BKUPWrite  stm32f4xx_hal_rtc_ex.o
    0x08006918   0x08006918   0x00000064   Code   RO         3626    i.HAL_RTCEx_SetCalibrationOutPut  stm32f4xx_hal_rtc_ex.o
    0x0800697c   0x0800697c   0x00000104   Code   RO         3472    i.HAL_RTC_DeInit    stm32f4xx_hal_rtc.o
    0x08006a80   0x08006a80   0x0000004c   Code   RO         3475    i.HAL_RTC_GetDate   stm32f4xx_hal_rtc.o
    0x08006acc   0x08006acc   0x00000060   Code   RO         3477    i.HAL_RTC_GetTime   stm32f4xx_hal_rtc.o
    0x08006b2c   0x08006b2c   0x000000d8   Code   RO         3478    i.HAL_RTC_Init      stm32f4xx_hal_rtc.o
    0x08006c04   0x08006c04   0x00000024   Code   RO          917    i.HAL_RTC_MspDeInit  stm32f4xx_hal_msp.o
    0x08006c28   0x08006c28   0x000001e8   Code   RO          918    i.HAL_RTC_MspInit   stm32f4xx_hal_msp.o
    0x08006e10   0x08006e10   0x00000104   Code   RO         3484    i.HAL_RTC_SetDate   stm32f4xx_hal_rtc.o
    0x08006f14   0x08006f14   0x0000012c   Code   RO         3485    i.HAL_RTC_SetTime   stm32f4xx_hal_rtc.o
    0x08007040   0x08007040   0x0000003a   Code   RO         3486    i.HAL_RTC_WaitForSynchro  stm32f4xx_hal_rtc.o
    0x0800707a   0x0800707a   0x00000034   Code   RO         2241    i.HAL_SYSTICK_Config  stm32f4xx_hal_cortex.o
    0x080070ae   0x080070ae   0x00000002   PAD
    0x080070b0   0x080070b0   0x000000b4   Code   RO         4884    i.HAL_TIMEx_MasterConfigSynchronization  stm32f4xx_hal_tim_ex.o
    0x08007164   0x08007164   0x00000034   Code   RO         4180    i.HAL_TIM_Base_Init  stm32f4xx_hal_tim.o
    0x08007198   0x08007198   0x00000090   Code   RO          921    i.HAL_TIM_Base_MspInit  stm32f4xx_hal_msp.o
    0x08007228   0x08007228   0x0000002a   Code   RO         4183    i.HAL_TIM_Base_Start  stm32f4xx_hal_tim.o
    0x08007252   0x08007252   0x00000108   Code   RO         4189    i.HAL_TIM_ConfigClockSource  stm32f4xx_hal_tim.o
    0x0800735a   0x0800735a   0x00000108   Code   RO         4247    i.HAL_TIM_PWM_ConfigChannel  stm32f4xx_hal_tim.o
    0x08007462   0x08007462   0x00000034   Code   RO         4250    i.HAL_TIM_PWM_Init  stm32f4xx_hal_tim.o
    0x08007496   0x08007496   0x00000002   Code   RO         4252    i.HAL_TIM_PWM_MspInit  stm32f4xx_hal_tim.o
    0x08007498   0x08007498   0x00000058   Code   RO         4255    i.HAL_TIM_PWM_Start  stm32f4xx_hal_tim.o
    0x080074f0   0x080074f0   0x00000004   Code   RO          216    i.HardFault_Handler  stm32f4xx_it.o
    0x080074f4   0x080074f4   0x000000cc   Code   RO          355    i.HighBrightLED_Init  highbrightled.o
    0x080075c0   0x080075c0   0x00000020   Code   RO          356    i.HighBrightLED_SetDutyCycle  highbrightled.o
    0x080075e0   0x080075e0   0x00000018   Code   RO         1230    i.I2C1_Control      i2c_stm32f4xx.o
    0x080075f8   0x080075f8   0x00000010   Code   RO         1231    i.I2C1_ER_IRQHandler  i2c_stm32f4xx.o
    0x08007608   0x08007608   0x00000010   Code   RO         1232    i.I2C1_EV_IRQHandler  i2c_stm32f4xx.o
    0x08007618   0x08007618   0x00000010   Code   RO         1233    i.I2C1_GetDataCount  i2c_stm32f4xx.o
    0x08007628   0x08007628   0x00000010   Code   RO         1234    i.I2C1_GetStatus    i2c_stm32f4xx.o
    0x08007638   0x08007638   0x00000014   Code   RO         1235    i.I2C1_Initialize   i2c_stm32f4xx.o
    0x0800764c   0x0800764c   0x00000020   Code   RO         1236    i.I2C1_MasterReceive  i2c_stm32f4xx.o
    0x0800766c   0x0800766c   0x00000020   Code   RO         1237    i.I2C1_MasterTransmit  i2c_stm32f4xx.o
    0x0800768c   0x0800768c   0x00000014   Code   RO         1238    i.I2C1_PowerControl  i2c_stm32f4xx.o
    0x080076a0   0x080076a0   0x00000018   Code   RO         1239    i.I2C1_SlaveReceive  i2c_stm32f4xx.o
    0x080076b8   0x080076b8   0x00000018   Code   RO         1240    i.I2C1_SlaveTransmit  i2c_stm32f4xx.o
    0x080076d0   0x080076d0   0x00000010   Code   RO         1241    i.I2C1_Uninitialize  i2c_stm32f4xx.o
    0x080076e0   0x080076e0   0x0000000c   Code   RO         1242    i.I2CX_GetCapabilities  i2c_stm32f4xx.o
    0x080076ec   0x080076ec   0x00000010   Code   RO         1243    i.I2CX_GetVersion   i2c_stm32f4xx.o
    0x080076fc   0x080076fc   0x0000034c   Code   RO         1244    i.I2C_Control       i2c_stm32f4xx.o
    0x08007a48   0x08007a48   0x00000206   Code   RO         1245    i.I2C_ER_IRQHandler  i2c_stm32f4xx.o
    0x08007c4e   0x08007c4e   0x000006bc   Code   RO         1246    i.I2C_EV_IRQHandler  i2c_stm32f4xx.o
    0x0800830a   0x0800830a   0x00000034   Code   RO         1247    i.I2C_GetDataCount  i2c_stm32f4xx.o
    0x0800833e   0x0800833e   0x00000008   Code   RO         1248    i.I2C_GetStatus     i2c_stm32f4xx.o
    0x08008346   0x08008346   0x00000002   PAD
    0x08008348   0x08008348   0x000001c0   Code   RO         1249    i.I2C_Initialize    i2c_stm32f4xx.o
    0x08008508   0x08008508   0x00000144   Code   RO         1250    i.I2C_MasterReceive  i2c_stm32f4xx.o
    0x0800864c   0x0800864c   0x0000012a   Code   RO         1251    i.I2C_MasterTransmit  i2c_stm32f4xx.o
    0x08008776   0x08008776   0x00000002   PAD
    0x08008778   0x08008778   0x00000298   Code   RO         1252    i.I2C_PowerControl  i2c_stm32f4xx.o
    0x08008a10   0x08008a10   0x00000088   Code   RO         1253    i.I2C_SlaveReceive  i2c_stm32f4xx.o
    0x08008a98   0x08008a98   0x00000088   Code   RO         1254    i.I2C_SlaveTransmit  i2c_stm32f4xx.o
    0x08008b20   0x08008b20   0x00000034   Code   RO         1255    i.I2C_Uninitialize  i2c_stm32f4xx.o
    0x08008b54   0x08008b54   0x00000070   Code   RO          318    i.Init_Delay        delay.o
    0x08008bc4   0x08008bc4   0x00000010   Code   RO          392    i.Joystick_GetEvents  joystick.o
    0x08008bd4   0x08008bd4   0x000000a4   Code   RO          393    i.Joystick_Init     joystick.o
    0x08008c78   0x08008c78   0x00000118   Code   RO          394    i.Joystick_Thread   joystick.o
    0x08008d90   0x08008d90   0x0000005c   Code   RO          439    i.LCD_DrawBar       lcd.o
    0x08008dec   0x08008dec   0x000000a8   Code   RO          440    i.LCD_reset         lcd.o
    0x08008e94   0x08008e94   0x000000cc   Code   RO          551    i.LogMeasure        modemanager.o
    0x08008f60   0x08008f60   0x00000458   Code   RO          706    i.MX_RTC_Init       rtc.o
    0x080093b8   0x080093b8   0x00000004   Code   RO          217    i.MemManage_Handler  stm32f4xx_it.o
    0x080093bc   0x080093bc   0x0000002c   Code   RO          552    i.ModeManager_Init  modemanager.o
    0x080093e8   0x080093e8   0x000004e0   Code   RO          553    i.ModeManager_Process  modemanager.o
    0x080098c8   0x080098c8   0x00000002   Code   RO          218    i.NMI_Handler       stm32f4xx_it.o
    0x080098ca   0x080098ca   0x00000002   PAD
    0x080098cc   0x080098cc   0x000000d8   Code   RO          554    i.ProcessUARTCommands  modemanager.o
    0x080099a4   0x080099a4   0x00000016   Code   RO         3487    i.RTC_Bcd2ToByte    stm32f4xx_hal_rtc.o
    0x080099ba   0x080099ba   0x0000001a   Code   RO         3488    i.RTC_ByteToBcd2    stm32f4xx_hal_rtc.o
    0x080099d4   0x080099d4   0x0000003e   Code   RO         3489    i.RTC_EnterInitMode  stm32f4xx_hal_rtc.o
    0x08009a12   0x08009a12   0x00000002   PAD
    0x08009a14   0x08009a14   0x00000200   Code   RO          707    i.RTC_Monitor_Thread  rtc.o
    0x08009c14   0x08009c14   0x00000024   Code   RO          708    i.RTC_StartMonitor  rtc.o
    0x08009c38   0x08009c38   0x00000018   Code   RO         1403    i.SPI1_Control      spi_stm32f4xx.o
    0x08009c50   0x08009c50   0x00000010   Code   RO         1404    i.SPI1_GetDataCount  spi_stm32f4xx.o
    0x08009c60   0x08009c60   0x00000010   Code   RO         1405    i.SPI1_GetStatus    spi_stm32f4xx.o
    0x08009c70   0x08009c70   0x00000010   Code   RO         1406    i.SPI1_IRQHandler   spi_stm32f4xx.o
    0x08009c80   0x08009c80   0x00000014   Code   RO         1407    i.SPI1_Initialize   spi_stm32f4xx.o
    0x08009c94   0x08009c94   0x00000014   Code   RO         1408    i.SPI1_PowerControl  spi_stm32f4xx.o
    0x08009ca8   0x08009ca8   0x00000018   Code   RO         1409    i.SPI1_Receive      spi_stm32f4xx.o
    0x08009cc0   0x08009cc0   0x00000018   Code   RO         1410    i.SPI1_Send         spi_stm32f4xx.o
    0x08009cd8   0x08009cd8   0x0000001c   Code   RO         1411    i.SPI1_Transfer     spi_stm32f4xx.o
    0x08009cf4   0x08009cf4   0x00000010   Code   RO         1412    i.SPI1_Uninitialize  spi_stm32f4xx.o
    0x08009d04   0x08009d04   0x0000000c   Code   RO         1413    i.SPIX_GetCapabilities  spi_stm32f4xx.o
    0x08009d10   0x08009d10   0x00000010   Code   RO         1414    i.SPIX_GetVersion   spi_stm32f4xx.o
    0x08009d20   0x08009d20   0x0000050a   Code   RO         1415    i.SPI_Control       spi_stm32f4xx.o
    0x0800a22a   0x0800a22a   0x00000008   Code   RO         1416    i.SPI_GetDataCount  spi_stm32f4xx.o
    0x0800a232   0x0800a232   0x0000002c   Code   RO         1417    i.SPI_GetStatus     spi_stm32f4xx.o
    0x0800a25e   0x0800a25e   0x00000106   Code   RO         1418    i.SPI_IRQHandler    spi_stm32f4xx.o
    0x0800a364   0x0800a364   0x000000d4   Code   RO         1419    i.SPI_Initialize    spi_stm32f4xx.o
    0x0800a438   0x0800a438   0x00000124   Code   RO         1420    i.SPI_PeripheralReset  spi_stm32f4xx.o
    0x0800a55c   0x0800a55c   0x00000104   Code   RO         1421    i.SPI_PowerControl  spi_stm32f4xx.o
    0x0800a660   0x0800a660   0x00000088   Code   RO         1422    i.SPI_Receive       spi_stm32f4xx.o
    0x0800a6e8   0x0800a6e8   0x00000056   Code   RO         1423    i.SPI_RxData        spi_stm32f4xx.o
    0x0800a73e   0x0800a73e   0x00000088   Code   RO         1424    i.SPI_Send          spi_stm32f4xx.o
    0x0800a7c6   0x0800a7c6   0x00000076   Code   RO         1425    i.SPI_Transfer      spi_stm32f4xx.o
    0x0800a83c   0x0800a83c   0x00000054   Code   RO         1426    i.SPI_TxData        spi_stm32f4xx.o
    0x0800a890   0x0800a890   0x00000066   Code   RO         1427    i.SPI_Uninitialize  spi_stm32f4xx.o
    0x0800a8f6   0x0800a8f6   0x00000002   PAD
    0x0800a8f8   0x0800a8f8   0x000000b0   Code   RO            6    i.SystemClock_Config  main.o
    0x0800a9a8   0x0800a9a8   0x000000c0   Code   RO         5721    i.SystemCoreClockUpdate  system_stm32f4xx.o
    0x0800aa68   0x0800aa68   0x00000010   Code   RO         5722    i.SystemInit        system_stm32f4xx.o
    0x0800aa78   0x0800aa78   0x000000d8   Code   RO         4268    i.TIM_Base_SetConfig  stm32f4xx_hal_tim.o
    0x0800ab50   0x0800ab50   0x00000022   Code   RO         4269    i.TIM_CCxChannelCmd  stm32f4xx_hal_tim.o
    0x0800ab72   0x0800ab72   0x00000016   Code   RO         4279    i.TIM_ETR_SetConfig  stm32f4xx_hal_tim.o
    0x0800ab88   0x0800ab88   0x00000012   Code   RO         4280    i.TIM_ITRx_SetConfig  stm32f4xx_hal_tim.o
    0x0800ab9a   0x0800ab9a   0x00000002   PAD
    0x0800ab9c   0x0800ab9c   0x00000070   Code   RO         4281    i.TIM_OC1_SetConfig  stm32f4xx_hal_tim.o
    0x0800ac0c   0x0800ac0c   0x0000007c   Code   RO         4282    i.TIM_OC2_SetConfig  stm32f4xx_hal_tim.o
    0x0800ac88   0x0800ac88   0x00000078   Code   RO         4283    i.TIM_OC3_SetConfig  stm32f4xx_hal_tim.o
    0x0800ad00   0x0800ad00   0x00000054   Code   RO         4284    i.TIM_OC4_SetConfig  stm32f4xx_hal_tim.o
    0x0800ad54   0x0800ad54   0x00000026   Code   RO         4286    i.TIM_TI1_ConfigInputStage  stm32f4xx_hal_tim.o
    0x0800ad7a   0x0800ad7a   0x00000028   Code   RO         4288    i.TIM_TI2_ConfigInputStage  stm32f4xx_hal_tim.o
    0x0800ada2   0x0800ada2   0x00000002   PAD
    0x0800ada4   0x0800ada4   0x00000018   Code   RO         1571    i.USART3_Control    usart_stm32f4xx.o
    0x0800adbc   0x0800adbc   0x00000010   Code   RO         1572    i.USART3_GetCapabilities  usart_stm32f4xx.o
    0x0800adcc   0x0800adcc   0x00000010   Code   RO         1573    i.USART3_GetModemStatus  usart_stm32f4xx.o
    0x0800addc   0x0800addc   0x00000010   Code   RO         1574    i.USART3_GetRxCount  usart_stm32f4xx.o
    0x0800adec   0x0800adec   0x00000010   Code   RO         1575    i.USART3_GetStatus  usart_stm32f4xx.o
    0x0800adfc   0x0800adfc   0x00000010   Code   RO         1576    i.USART3_GetTxCount  usart_stm32f4xx.o
    0x0800ae0c   0x0800ae0c   0x00000010   Code   RO         1577    i.USART3_IRQHandler  usart_stm32f4xx.o
    0x0800ae1c   0x0800ae1c   0x00000014   Code   RO         1578    i.USART3_Initialize  usart_stm32f4xx.o
    0x0800ae30   0x0800ae30   0x00000014   Code   RO         1579    i.USART3_PowerControl  usart_stm32f4xx.o
    0x0800ae44   0x0800ae44   0x00000018   Code   RO         1580    i.USART3_Receive    usart_stm32f4xx.o
    0x0800ae5c   0x0800ae5c   0x00000018   Code   RO         1581    i.USART3_Send       usart_stm32f4xx.o
    0x0800ae74   0x0800ae74   0x00000014   Code   RO         1582    i.USART3_SetModemControl  usart_stm32f4xx.o
    0x0800ae88   0x0800ae88   0x0000001c   Code   RO         1583    i.USART3_Transfer   usart_stm32f4xx.o
    0x0800aea4   0x0800aea4   0x00000010   Code   RO         1584    i.USART3_Uninitialize  usart_stm32f4xx.o
    0x0800aeb4   0x0800aeb4   0x00000002   Code   RO          813    i.USART_Callback    usart.o
    0x0800aeb6   0x0800aeb6   0x00000002   PAD
    0x0800aeb8   0x0800aeb8   0x000008ec   Code   RO         1585    i.USART_Control     usart_stm32f4xx.o
    0x0800b7a4   0x0800b7a4   0x00000006   Code   RO         1586    i.USART_GetCapabilities  usart_stm32f4xx.o
    0x0800b7aa   0x0800b7aa   0x00000002   PAD
    0x0800b7ac   0x0800b7ac   0x00000020   Code   RO          814    i.USART_GetFrame    usart.o
    0x0800b7cc   0x0800b7cc   0x00000052   Code   RO         1587    i.USART_GetModemStatus  usart_stm32f4xx.o
    0x0800b81e   0x0800b81e   0x00000008   Code   RO         1588    i.USART_GetRxCount  usart_stm32f4xx.o
    0x0800b826   0x0800b826   0x00000076   Code   RO         1589    i.USART_GetStatus   usart_stm32f4xx.o
    0x0800b89c   0x0800b89c   0x00000008   Code   RO         1590    i.USART_GetTxCount  usart_stm32f4xx.o
    0x0800b8a4   0x0800b8a4   0x00000272   Code   RO         1591    i.USART_IRQHandler  usart_stm32f4xx.o
    0x0800bb16   0x0800bb16   0x00000092   Code   RO         1592    i.USART_Initialize  usart_stm32f4xx.o
    0x0800bba8   0x0800bba8   0x0000019c   Code   RO         1593    i.USART_PeripheralReset  usart_stm32f4xx.o
    0x0800bd44   0x0800bd44   0x00000364   Code   RO         1594    i.USART_PowerControl  usart_stm32f4xx.o
    0x0800c0a8   0x0800c0a8   0x000000a2   Code   RO         1595    i.USART_Receive     usart_stm32f4xx.o
    0x0800c14a   0x0800c14a   0x00000088   Code   RO         1596    i.USART_Send        usart_stm32f4xx.o
    0x0800c1d2   0x0800c1d2   0x0000004a   Code   RO          815    i.USART_SendResponse  usart.o
    0x0800c21c   0x0800c21c   0x0000008c   Code   RO         1597    i.USART_SetModemControl  usart_stm32f4xx.o
    0x0800c2a8   0x0800c2a8   0x000000c8   Code   RO          816    i.USART_Thread      usart.o
    0x0800c370   0x0800c370   0x0000006a   Code   RO         1598    i.USART_Transfer    usart_stm32f4xx.o
    0x0800c3da   0x0800c3da   0x0000006a   Code   RO         1599    i.USART_Uninitialize  usart_stm32f4xx.o
    0x0800c444   0x0800c444   0x00000010   Code   RO         1600    i.USARTx_GetVersion  usart_stm32f4xx.o
    0x0800c454   0x0800c454   0x00000298   Code   RO          555    i.UpdateDisplay     modemanager.o
    0x0800c6ec   0x0800c6ec   0x00000004   Code   RO          219    i.UsageFault_Handler  stm32f4xx_it.o
    0x0800c6f0   0x0800c6f0   0x00000034   Code   RO          870    i.VEML7700_Init     veml7700.o
    0x0800c724   0x0800c724   0x00000020   Code   RO          871    i.VEML7700_ReadLux  veml7700.o
    0x0800c744   0x0800c744   0x00000060   Code   RO          872    i.VEML7700_ReadReg  veml7700.o
    0x0800c7a4   0x0800c7a4   0x00000040   Code   RO          873    i.VEML7700_WriteReg  veml7700.o
    0x0800c7e4   0x0800c7e4   0x00000028   Code   RO         6540    i.__ARM_fpclassify  m_ws.l(fpclassify.o)
    0x0800c80c   0x0800c80c   0x00000010   Code   RO         2243    i.__NVIC_GetPriorityGrouping  stm32f4xx_hal_cortex.o
    0x0800c81c   0x0800c81c   0x00000028   Code   RO         2244    i.__NVIC_SetPriority  stm32f4xx_hal_cortex.o
    0x0800c844   0x0800c844   0x00000058   Code   RO         1110    i.__user_perthread_libspace  rtx_lib.o
    0x0800c89c   0x0800c89c   0x0000000e   Code   RO         6330    i._is_digit         c_w.l(__printf_wp.o)
    0x0800c8aa   0x0800c8aa   0x00000016   Code   RO         1111    i._mutex_acquire    rtx_lib.o
    0x0800c8c0   0x0800c8c0   0x0000000c   Code   RO         1112    i._mutex_free       rtx_lib.o
    0x0800c8cc   0x0800c8cc   0x00000022   Code   RO         1113    i._mutex_initialize  rtx_lib.o
    0x0800c8ee   0x0800c8ee   0x00000012   Code   RO         1114    i._mutex_release    rtx_lib.o
    0x0800c900   0x0800c900   0x00000008   Code   RO         1115    i._platform_post_stackheap_init  rtx_lib.o
    0x0800c908   0x0800c908   0x000000b4   Code   RO          441    i.actualizar        lcd.o
    0x0800c9bc   0x0800c9bc   0x00000014   Code   RO          625    i.apagar_LED_azul   rgb.o
    0x0800c9d0   0x0800c9d0   0x00000010   Code   RO          626    i.apagar_LED_rojo   rgb.o
    0x0800c9e0   0x0800c9e0   0x00000010   Code   RO          627    i.apagar_LED_verde  rgb.o
    0x0800c9f0   0x0800c9f0   0x0000004c   Code   RO            7    i.app_main          main.o
    0x0800ca3c   0x0800ca3c   0x00000040   Code   RO          442    i.copy_to_lcd       lcd.o
    0x0800ca7c   0x0800ca7c   0x0000004c   Code   RO          628    i.encender_LED_azul  rgb.o
    0x0800cac8   0x0800cac8   0x00000038   Code   RO          629    i.encender_LED_rojo  rgb.o
    0x0800cb00   0x0800cb00   0x0000003c   Code   RO          630    i.encender_LED_verde  rgb.o
    0x0800cb3c   0x0800cb3c   0x0000001a   Code   RO         6520    i.fputc             c_w.l(fputc.o)
    0x0800cb56   0x0800cb56   0x00000002   PAD
    0x0800cb58   0x0800cb58   0x00000028   Code   RO          711    i.getHora           rtc.o
    0x0800cb80   0x0800cb80   0x00000028   Code   RO          713    i.getMin            rtc.o
    0x0800cba8   0x0800cba8   0x00000028   Code   RO          714    i.getSeg            rtc.o
    0x0800cbd0   0x0800cbd0   0x00000178   Code   RO          631    i.initRGB           rgb.o
    0x0800cd48   0x0800cd48   0x0000005c   Code   RO          817    i.init_USART        usart.o
    0x0800cda4   0x0800cda4   0x0000000c   Code   RO          632    i.intensidad_LED_azul  rgb.o
    0x0800cdb0   0x0800cdb0   0x0000000c   Code   RO          633    i.intensidad_LED_rojo  rgb.o
    0x0800cdbc   0x0800cdbc   0x00000020   Code   RO          443    i.lcd_clean         lcd.o
    0x0800cddc   0x0800cddc   0x0000003c   Code   RO            8    i.main              main.o
    0x0800ce18   0x0800ce18   0x00000020   Code   RO         1195    i.osRtxErrorNotify  rtx_config.o
    0x0800ce38   0x0800ce38   0x00000004   Code   RO         1196    i.osRtxIdleThread   rtx_config.o
    0x0800ce3c   0x0800ce3c   0x00000020   Code   RO         1116    i.os_kernel_is_active  rtx_lib.o
    0x0800ce5c   0x0800ce5c   0x00000060   Code   RO          717    i.setFecha          rtc.o
    0x0800cebc   0x0800cebc   0x00000064   Code   RO          718    i.setHora           rtc.o
    0x0800cf20   0x0800cf20   0x0000002c   Code   RO          818    i.tx_USART          usart.o
    0x0800cf4c   0x0800cf4c   0x00000064   Code   RO          445    i.wr_cmd            lcd.o
    0x0800cfb0   0x0800cfb0   0x00000064   Code   RO          446    i.wr_data           lcd.o
    0x0800d014   0x0800d014   0x0000002c   Code   RO         6532    locale$$code        c_w.l(lc_numeric_c.o)
    0x0800d040   0x0800d040   0x0000002c   Code   RO         6619    locale$$code        c_w.l(lc_ctype_c.o)
    0x0800d06c   0x0800d06c   0x00000018   Code   RO         6534    x$fpl$dcmpinf       fz_ws.l(dcmpi.o)
    0x0800d084   0x0800d084   0x00000078   Code   RO         6440    x$fpl$dleqf         fz_ws.l(dleqf.o)
    0x0800d0fc   0x0800d0fc   0x0000009c   Code   RO         6536    x$fpl$dnaninf       fz_ws.l(dnaninf.o)
    0x0800d198   0x0800d198   0x0000000c   Code   RO         6442    x$fpl$dretinf       fz_ws.l(dretinf.o)
    0x0800d1a4   0x0800d1a4   0x0000006c   Code   RO         6367    x$fpl$drleqf        fz_ws.l(drleqf.o)
    0x0800d210   0x0800d210   0x00000056   Code   RO         6369    x$fpl$f2d           fz_ws.l(f2d.o)
    0x0800d266   0x0800d266   0x00000002   PAD
    0x0800d268   0x0800d268   0x000000c4   Code   RO         6371    x$fpl$fadd          fz_ws.l(faddsub_clz.o)
    0x0800d32c   0x0800d32c   0x00000018   Code   RO         6444    x$fpl$fcmpinf       fz_ws.l(fcmpi.o)
    0x0800d344   0x0800d344   0x00000184   Code   RO         6378    x$fpl$fdiv          fz_ws.l(fdiv.o)
    0x0800d4c8   0x0800d4c8   0x00000036   Code   RO         6381    x$fpl$ffix          fz_ws.l(ffix.o)
    0x0800d4fe   0x0800d4fe   0x00000002   PAD
    0x0800d500   0x0800d500   0x0000003e   Code   RO         6385    x$fpl$ffixu         fz_ws.l(ffixu.o)
    0x0800d53e   0x0800d53e   0x00000002   PAD
    0x0800d540   0x0800d540   0x00000026   Code   RO         6389    x$fpl$ffltu         fz_ws.l(fflt_clz.o)
    0x0800d566   0x0800d566   0x00000002   PAD
    0x0800d568   0x0800d568   0x00000068   Code   RO         6395    x$fpl$fleqf         fz_ws.l(fleqf.o)
    0x0800d5d0   0x0800d5d0   0x00000102   Code   RO         6397    x$fpl$fmul          fz_ws.l(fmul.o)
    0x0800d6d2   0x0800d6d2   0x0000008c   Code   RO         6446    x$fpl$fnaninf       fz_ws.l(fnaninf.o)
    0x0800d75e   0x0800d75e   0x0000000a   Code   RO         6448    x$fpl$fretinf       fz_ws.l(fretinf.o)
    0x0800d768   0x0800d768   0x00000062   Code   RO         6399    x$fpl$frleqf        fz_ws.l(frleqf.o)
    0x0800d7ca   0x0800d7ca   0x00000014   Code   RO         6372    x$fpl$frsb          fz_ws.l(faddsub_clz.o)
    0x0800d7de   0x0800d7de   0x00000002   PAD
    0x0800d7e0   0x0800d7e0   0x000000ea   Code   RO         6373    x$fpl$fsub          fz_ws.l(faddsub_clz.o)
    0x0800d8ca   0x0800d8ca   0x00000004   Code   RO         6401    x$fpl$printf1       fz_ws.l(printf1.o)
    0x0800d8ce   0x0800d8ce   0x00000000   Code   RO         6450    x$fpl$usenofp       fz_ws.l(usenofp.o)
    0x0800d8ce   0x0800d8ce   0x00000002   PAD
    0x0800d8d0   0x0800d8d0   0x0000006c   Data   RO            9    .constdata          main.o
    0x0800d93c   0x0800d93c   0x00000960   Data   RO          448    .constdata          lcd.o
    0x0800e29c   0x0800e29c   0x00000024   Data   RO          720    .constdata          rtc.o
    0x0800e2c0   0x0800e2c0   0x00000068   Data   RO         1124    .constdata          rtx_lib.o
    0x0800e328   0x0800e328   0x00000068   Data   RO         1257    .constdata          i2c_stm32f4xx.o
    0x0800e390   0x0800e390   0x00000080   Data   RO         1429    .constdata          spi_stm32f4xx.o
    0x0800e410   0x0800e410   0x00000088   Data   RO         1602    .constdata          usart_stm32f4xx.o
    0x0800e498   0x0800e498   0x00000008   Data   RO         2380    .constdata          stm32f4xx_hal_dma.o
    0x0800e4a0   0x0800e4a0   0x00000018   Data   RO         5723    .constdata          system_stm32f4xx.o
    0x0800e4b8   0x0800e4b8   0x00000028   Data   RO         6303    .constdata          c_w.l(_printf_hex_int.o)
    0x0800e4e0   0x0800e4e0   0x00000011   Data   RO         6338    .constdata          c_w.l(__printf_flags_ss_wp.o)
    0x0800e4f1   0x0800e4f1   0x00000003   PAD
    0x0800e4f4   0x0800e4f4   0x00000094   Data   RO         6493    .constdata          c_w.l(bigflt0.o)
    0x0800e588   0x0800e588   0x00000004   Data   RO         6543    .constdata          c_w.l(sys_io.o)
    0x0800e58c   0x0800e58c   0x00000004   Data   RO         6544    .constdata          c_w.l(sys_io.o)
    0x0800e590   0x0800e590   0x00000004   Data   RO         6545    .constdata          c_w.l(sys_io.o)
    0x0800e594   0x0800e594   0x0000001e   Data   RO           10    .conststring        main.o
    0x0800e5b2   0x0800e5b2   0x00000002   PAD
    0x0800e5b4   0x0800e5b4   0x000000dc   Data   RO          721    .conststring        rtc.o
    0x0800e690   0x0800e690   0x000000a8   Data   RO         1126    .rodata             rtx_lib.o
    0x0800e738   0x0800e738   0x00000001   Data   RO         6168    .rodata             RTX_CM3.lib(irq_armv7m.o)
    0x0800e739   0x0800e739   0x00000003   PAD
    0x0800e73c   0x0800e73c   0x0000000b   Data   RO         5818    .rodata.str1.4      RTX_CM3.lib(rtx_kernel.o)
    0x0800e747   0x0800e747   0x00000001   PAD
    0x0800e748   0x0800e748   0x00000020   Data   RO         6837    Region$$Table       anon$$obj.o
    0x0800e768   0x0800e768   0x0000001c   Data   RO         6531    locale$$data        c_w.l(lc_numeric_c.o)
    0x0800e784   0x0800e784   0x00000110   Data   RO         6618    locale$$data        c_w.l(lc_ctype_c.o)


    Execution Region RW_IRAM1 (Exec base: 0x20000000, Load base: 0x0800e894, Size: 0x00009ab0, Max: 0x00030000, ABSOLUTE, COMPRESSED[0x000001a8])

    Exec Addr    Load Addr    Size         Type   Attr      Idx    E Section Name        Object

    0x20000000   COMPRESSED   0x00008040   Data   RW         1117    .bss.os             rtx_lib.o
    0x20008040   COMPRESSED   0x000001f0   Data   RW         1118    .bss.os.libspace    rtx_lib.o
    0x20008230   COMPRESSED   0x00000034   Data   RW         1119    .bss.os.msgqueue.cb  rtx_lib.o
    0x20008264   COMPRESSED   0x00000050   Data   RW         1120    .bss.os.msgqueue.mem  rtx_lib.o
    0x200082b4   COMPRESSED   0x00000088   Data   RW         1121    .bss.os.thread.cb   rtx_lib.o
    0x2000833c   COMPRESSED   0x00000004   PAD
    0x20008340   COMPRESSED   0x00000200   Data   RW         1122    .bss.os.thread.idle.stack  rtx_lib.o
    0x20008540   COMPRESSED   0x00000200   Data   RW         1123    .bss.os.thread.timer.stack  rtx_lib.o
    0x20008740   COMPRESSED   0x0000000c   Data   RW           11    .data               main.o
    0x2000874c   COMPRESSED   0x0000000c   Data   RW          395    .data               joystick.o
    0x20008758   COMPRESSED   0x000000c4   Data   RW          449    .data               lcd.o
    0x2000881c   COMPRESSED   0x00000028   Data   RW          557    .data               modemanager.o
    0x20008844   COMPRESSED   0x0000006c   Data   RW          722    .data               rtc.o
    0x200088b0   COMPRESSED   0x00000008   Data   RW          819    .data               usart.o
    0x200088b8   COMPRESSED   0x00000004   Data   RW          874    .data               veml7700.o
    0x200088bc   COMPRESSED   0x00000001   Data   RW         1125    .data               rtx_lib.o
    0x200088bd   COMPRESSED   0x00000003   PAD
    0x200088c0   COMPRESSED   0x00000009   Data   RW         1781    .data               stm32f4xx_hal.o
    0x200088c9   COMPRESSED   0x00000003   PAD
    0x200088cc   COMPRESSED   0x00000004   Data   RW         5724    .data               system_stm32f4xx.o
    0x200088d0   COMPRESSED   0x00000004   Data   RW         6437    .data               c_w.l(stdio_streams.o)
    0x200088d4   COMPRESSED   0x00000004   Data   RW         6438    .data               c_w.l(stdio_streams.o)
    0x200088d8   COMPRESSED   0x00000004   Data   RW         6439    .data               c_w.l(stdio_streams.o)
    0x200088dc   COMPRESSED   0x00000004   Data   RW         6609    .data               c_w.l(streamlock.o)
    0x200088e0   COMPRESSED   0x000000a4   Data   RW         5819    .data.os            RTX_CM3.lib(rtx_kernel.o)
    0x20008984        -       0x00000048   Zero   RW          282    .bss                adc.o
    0x200089cc        -       0x00000040   Zero   RW          319    .bss                delay.o
    0x20008a0c        -       0x00000040   Zero   RW          357    .bss                highbrightled.o
    0x20008a4c        -       0x00000300   Zero   RW          447    .bss                lcd.o
    0x20008d4c        -       0x00000500   Zero   RW          556    .bss                modemanager.o
    0x2000924c        -       0x00000040   Zero   RW          635    .bss                rgb.o
    0x2000928c        -       0x00000034   Zero   RW          719    .bss                rtc.o
    0x200092c0        -       0x00000028   Zero   RW         1256    .bss                i2c_stm32f4xx.o
    0x200092e8        -       0x0000002c   Zero   RW         1428    .bss                spi_stm32f4xx.o
    0x20009314        -       0x00000038   Zero   RW         1601    .bss                usart_stm32f4xx.o
    0x2000934c        -       0x00000054   Zero   RW         6434    .bss                c_w.l(stdio_streams.o)
    0x200093a0        -       0x00000054   Zero   RW         6435    .bss                c_w.l(stdio_streams.o)
    0x200093f4        -       0x00000054   Zero   RW         6436    .bss                c_w.l(stdio_streams.o)
    0x20009448        -       0x00000060   Zero   RW         6452    .bss                c_w.l(libspace.o)
    0x200094a8        -       0x00000001   Zero   RW         6273    .bss.os             RTX_CM3.lib(os_systick.o)
    0x200094a9   COMPRESSED   0x00000007   PAD
    0x200094b0        -       0x00000200   Zero   RW         5712    HEAP                startup_stm32f429xx.o
    0x200096b0        -       0x00000400   Zero   RW         5711    STACK               startup_stm32f429xx.o


==============================================================================

Image component sizes


      Code (inc. data)   RO Data    RW Data    ZI Data      Debug   Object Name

       288         24          0          0         72       1779   adc.o
       112         10          0          0         64        861   delay.o
       236         24          0          0         64       1674   highbrightled.o
      5960        174        104          0         40      25092   i2c_stm32f4xx.o
       480         44          0         12          0       3128   joystick.o
      1300        130       2400        196        768      12792   lcd.o
       352         52        138         12          0     798045   main.o
      2376        484          0         40       1280       7009   modemanager.o
       644        144          0          0         64       5086   rgb.o
      1976       1116        256        108         52       6017   rtc.o
        36          6          0          0          0       1005   rtx_config.o
       214         12        272      34621          0      13418   rtx_lib.o
      4158        212        128          0         44      54491   spi_stm32f4xx.o
        64         26        428          0       1536        840   startup_stm32f429xx.o
       164         20          0          9          0       8857   stm32f4xx_hal.o
      1394         58          0          0          0       5478   stm32f4xx_hal_adc.o
       392         34          0          0          0      36404   stm32f4xx_hal_cortex.o
       858         10          8          0          0       6289   stm32f4xx_hal_dma.o
       980        106          0          0          0       4860   stm32f4xx_hal_gpio.o
       850        340          0          0          0       3633   stm32f4xx_hal_msp.o
        24          8          0          0          0       1163   stm32f4xx_hal_pwr.o
       140         12          0          0          0       1460   stm32f4xx_hal_pwr_ex.o
      1800         84          0          0          0       5964   stm32f4xx_hal_rcc.o
       772         26          0          0          0       1776   stm32f4xx_hal_rcc_ex.o
      1376         28          0          0          0       8675   stm32f4xx_hal_rtc.o
       136          0          0          0          0       2772   stm32f4xx_hal_rtc_ex.o
      1572         90          0          0          0      13531   stm32f4xx_hal_tim.o
       180         30          0          0          0       1512   stm32f4xx_hal_tim_ex.o
        64          0          0          0          0       2968   stm32f4xx_it.o
       208         28         24          4          0       2007   system_stm32f4xx.o
       444         38          0          8          0       4166   usart.o
      5884        240        136          0         56      28451   usart_stm32f4xx.o
       244         20          0          4          0       2505   veml7700.o

    ----------------------------------------------------------------------
     35706       3630       3928      35024       4040    1073708   Object Totals
         0          0         32          0          0          0   (incl. Generated)
        28          0          2         10          0          0   (incl. Padding)

    ----------------------------------------------------------------------

      Code (inc. data)   RO Data    RW Data    ZI Data      Debug   Library Member Name

       148          8          1          0          0        591   irq_armv7m.o
       126         32          0          0          1       3197   os_systick.o
        58          4          0          0          0       2791   rtx_delay.o
       658         24          0          0          0      12892   rtx_evflags.o
       608         60         11        164          0      16501   rtx_kernel.o
       228          0          0          0          0       2537   rtx_memory.o
       188          0          0          0          0      16008   rtx_mempool.o
      1354         36          0          0          0      18657   rtx_msgqueue.o
       886         32          0          0          0       9962   rtx_mutex.o
       376         26          0          0          0       5296   rtx_system.o
      1698         96          0          0          0      31735   rtx_thread.o
       248         16          0          0          0      10397   rtx_timer.o
        60          8          0          0          0         84   __0sscanf.o
        90          0          0          0          0          0   __dczerorl2.o
         8          0          0          0          0         68   __main.o
       392          4         17          0          0         92   __printf_flags_ss_wp.o
        14          0          0          0          0         68   __printf_wp.o
         0          0          0          0          0          0   __rtentry.o
        20          0          0          0          0          0   __rtentry2.o
         6          0          0          0          0          0   __rtentry4.o
        52          8          0          0          0          0   __scatter.o
        28          0          0          0          0          0   __scatter_zi.o
        28          0          0          0          0         68   _chval.o
        48          6          0          0          0         96   _printf_char_common.o
        64          6          0          0          0         84   _printf_char_file_locked.o
         6          0          0          0          0          0   _printf_d.o
       120         16          0          0          0         92   _printf_dec.o
         6          0          0          0          0          0   _printf_f.o
      1054          0          0          0          0        216   _printf_fp_dec.o
       128         16          0          0          0         84   _printf_fp_infnan.o
        88          4         40          0          0         88   _printf_hex_int.o
       178          0          0          0          0         88   _printf_intcommon.o
        78          0          0          0          0        108   _printf_pad.o
         0          0          0          0          0          0   _printf_percent.o
         4          0          0          0          0          0   _printf_percent_end.o
         6          0          0          0          0          0   _printf_u.o
         6          0          0          0          0          0   _printf_x.o
       884          4          0          0          0        100   _scanf.o
       332          0          0          0          0         96   _scanf_int.o
        64          0          0          0          0         84   _sgetc.o
        10          0          0          0          0         68   _sputc.o
       158          0          0          0          0         92   _strtoul.o
        26          0          0          0          0         80   atoi.o
       228          4        148          0          0         96   bigflt0.o
      1936        128          0          0          0        672   btod.o
        10          0          0          0          0         68   defsig_exit.o
        50          0          0          0          0         88   defsig_general.o
        80         58          0          0          0         76   defsig_rtmem_inner.o
        14          0          0          0          0         80   defsig_rtmem_outer.o
        52         38          0          0          0         76   defsig_rtred_inner.o
        14          0          0          0          0         80   defsig_rtred_outer.o
        18          0          0          0          0         80   exit.o
        76          0          0          0          0         88   fclose.o
       470          0          0          0          0         88   flsbuf.o
       324          8          0          0          0        152   fopen_locked.o
        26          0          0          0          0         68   fputc.o
       248          6          0          0          0         84   fseek.o
        66          0          0          0          0         76   ftell.o
       158          0          0          0          0        128   h1_alloc_mt.o
        62          0          0          0          0         80   h1_extend_mt.o
        10          0          0          0          0         76   h1_final_mt.o
       118          0          0          0          0        108   h1_free_mt.o
        18          0          0          0          0         84   h1_init_mt.o
         6          0          0          0          0        152   heapauxi.o
         4          0          0          0          0        136   hguard.o
         0          0          0          0          0          0   indicate_semi.o
       138          0          0          0          0        168   init_alloc.o
       456         48          0          0          0        116   initio_locked.o
        18          0          0          0          0         76   isspace.o
        44         10        272          0          0         76   lc_ctype_c.o
        44         10         28          0          0         76   lc_numeric_c.o
         2          0          0          0          0          0   libinit.o
        42          0          0          0          0          0   libinit2.o
         2          0          0          0          0          0   libshutdown.o
        10          0          0          0          0          0   libshutdown2.o
         8          4          0          0         96         68   libspace.o
       138          0          0          0          0         80   lludiv10.o
       238          0          0          0          0        100   lludivv7m.o
         0          0          0          0          0          0   maybetermalloc2.o
        24          4          0          0          0         84   noretval__2printf.o
        40          6          0          0          0         84   noretval__2sprintf.o
        16          4          0          0          0         76   rt_ctype_table.o
         4          0          0          0          0         68   rt_errno_addr_twolibspace.o
        10          0          0          0          0         76   rt_heap_descriptor_twolibspace.o
        10          0          0          0          0         76   rt_locale_twolibspace.o
        68          0          0          0          0         68   rt_memclr.o
        78          0          0          0          0         80   rt_memclr_w.o
       138          0          0          0          0         68   rt_memcpy_v6.o
       100          0          0          0          0         80   rt_memcpy_w.o
         2          0          0          0          0          0   rtexit.o
        10          0          0          0          0          0   rtexit2.o
        44          8          0          0          0         84   scanf_char.o
       104          0          0          0          0         88   setvbuf_locked.o
       240          6          0          0          0        156   stdio.o
         0          0          0         12        252          0   stdio_streams.o
       128          0          0          0          0         68   strcmpv7m.o
        72          0          0          0          0         80   strcpy.o
         0          0          0          4          0          0   streamlock.o
        62          0          0          0          0         76   strlen.o
       112          0          0          0          0         88   strtol.o
        12          4          0          0          0         68   sys_exit.o
       102          0         12          0          0        240   sys_io.o
        74          0          0          0          0         80   sys_stackheap_outer.o
        14          0          0          0          0         76   sys_wrch.o
        16          0          0          0          0         80   term_alloc.o
         2          0          0          0          0         68   use_no_semi.o
        24          0          0          0          0         68   dcmpi.o
       120          4          0          0          0         92   dleqf.o
       156          4          0          0          0         92   dnaninf.o
        12          0          0          0          0         68   dretinf.o
       108          0          0          0          0         80   drleqf.o
        86          4          0          0          0         84   f2d.o
       450          8          0          0          0        236   faddsub_clz.o
        24          0          0          0          0         68   fcmpi.o
       388         76          0          0          0         96   fdiv.o
        54          4          0          0          0         84   ffix.o
        62          4          0          0          0         84   ffixu.o
        38          0          0          0          0         68   fflt_clz.o
       104          4          0          0          0         84   fleqf.o
       258          4          0          0          0         84   fmul.o
       140          4          0          0          0         84   fnaninf.o
        10          0          0          0          0         68   fretinf.o
        98          0          0          0          0         68   frleqf.o
         4          0          0          0          0         68   printf1.o
         0          0          0          0          0          0   usenofp.o
        40          0          0          0          0         68   fpclassify.o

    ----------------------------------------------------------------------
     19370        868        536        180        356     139372   Library Totals
        50          0          7          0          7          0   (incl. Padding)

    ----------------------------------------------------------------------

      Code (inc. data)   RO Data    RW Data    ZI Data      Debug   Library Name

      6576        334         12        164          1     130564   RTX_CM3.lib
     10568        418        517         16        348       7164   c_w.l
      2136        116          0          0          0       1576   fz_ws.l
        40          0          0          0          0         68   m_ws.l

    ----------------------------------------------------------------------
     19370        868        536        180        356     139372   Library Totals

    ----------------------------------------------------------------------

==============================================================================


      Code (inc. data)   RO Data    RW Data    ZI Data      Debug   

     55076       4498       4464      35204       4396    1195860   Grand Totals
     55076       4498       4464        424       4396    1195860   ELF Image Totals (compressed)
     55076       4498       4464        424          0          0   ROM Totals

==============================================================================

    Total RO  Size (Code + RO Data)                59540 (  58.14kB)
    Total RW  Size (RW Data + ZI Data)             39600 (  38.67kB)
    Total ROM Size (Code + RO Data + RW Data)      59964 (  58.56kB)

==============================================================================

